nginx-1          | 172.18.0.1 - - [01/Mar/2026:20:08:05 +0000] "GET /assets/SeoMeta-DvcNRpEk.js HTTP/1.1" 200 1800 "-" "Mozilla/5.0 (Windows NT 10.0; Win64; x64) AppleWebKit/537.36 (KHTML, like Gecko) Chrome/142.0.0.0 YaBrowser/25.12.0.0 Safari/537.36" "-"
nginx-1          | 172.18.0.1 - - [01/Mar/2026:20:08:05 +0000] "GET /assets/logo.svg HTTP/1.1" 200 446 "http://localhost:8080/" "Mozilla/5.0 (Windows NT 10.0; Win64; x64) AppleWebKit/537.36 (KHTML, like Gecko) Chrome/142.0.0.0 YaBrowser/25.12.0.0 Safari/537.36" "-"
backend-1        | {"message": "auth.session_expired", "taskName": "starlette.middleware.base.BaseHTTPMiddleware.__call__.<locals>.call_next.<locals>.coro", "event": "auth.session_expired", "user_id": "aa5b187b-1196-4aff-b3fd-3abcdd46b844", "jti": "e0d731f4dba041e7878ae9ba11380096", "reason": "expired", "request_id": "b26cb2c9-330d-46cd-8847-d7daf9bfd46d", "ip": "172.18.0.5", "user_agent": "Mozilla/5.0 (Windows NT 10.0; Win64; x64) AppleWebKit/537.36 (KHTML, like Gecko) Chrome/142.0.0.0 YaBrowser/25.12.0.0 Safari/537.36", "timestamp": "2026-03-01T20:08:05.368893+00:00", "ts": 1772395685.3689363, "level": "INFO", "msg": "auth.session_expired", "service": "backend", "env": "development", "logger": "app.api.deps.auth"}
nginx-1          | 172.18.0.1 - - [01/Mar/2026:20:08:05 +0000] "GET /api/auth/me HTTP/1.1" 401 86 "http://localhost:8080/" "Mozilla/5.0 (Windows NT 10.0; Win64; x64) AppleWebKit/537.36 (KHTML, like Gecko) Chrome/142.0.0.0 YaBrowser/25.12.0.0 Safari/537.36" "-"


backend-1        | {"message": "http.request", "taskName": "Task-4056", "request_id": "b26cb2c9-330d-46cd-8847-d7daf9bfd46d", "method": "GET", "path": "/api/auth/me", "status_code": 401, "duration_ms": 15.59, "ts": 1772395685.369835, "level": "INFO", "msg": "http.request", "service": "backend", "env": "development", "logger": "app.access"}


backend-1        | {"message": "http.request", "taskName": "Task-4059", "request_id": "34ee614b-4e1e-485d-974d-c73453f06ec3", "method": "GET", "path": "/api/content", "status_code": 200, "duration_ms": 38.03, "ts": 1772395685.4259233, "level": "INFO", "msg": "http.request", "service": "backend", "env": "development", "logger": "app.access"}
nginx-1          | 172.18.0.1 - - [01/Mar/2026:20:08:05 +0000] "GET /api/content HTTP/1.1" 200 4635 "http://localhost:8080/" "Mozilla/5.0 (Windows NT 10.0; Win64; x64) AppleWebKit/537.36 (KHTML, like Gecko) Chrome/142.0.0.0 YaBrowser/25.12.0.0 Safari/537.36" "-"
backend-1        | {"message": "http.request", "taskName": "Task-4061", "request_id": "78911391-e928-44af-9a85-b8b98859915d", "method": "GET", "path": "/api/plans", "status_code": 200, "duration_ms": 40.06, "ts": 1772395685.4377613, "level": "INFO", "msg": "http.request", "service": "backend", "env": "development", "logger": "app.access"}


nginx-1          | 172.18.0.1 - - [01/Mar/2026:20:08:05 +0000] "GET /api/content HTTP/1.1" 200 4635 "http://localhost:8080/" "Mozilla/5.0 (Windows NT 10.0; Win64; x64) AppleWebKit/537.36 (KHTML, like Gecko) Chrome/142.0.0.0 YaBrowser/25.12.0.0 Safari/537.36" "-"
backend-1        | {"message": "http.request", "taskName": "Task-4064", "request_id": "e30e5342-5f43-415e-9f26-94fd842a44fa", "method": "GET", "path": "/api/content", "status_code": 200, "duration_ms": 7.26, "ts": 1772395685.4382277, "level": "INFO", "msg": "http.request", "service": "backend", "env": "development", "logger": "app.access"}

nginx-1          | 172.18.0.1 - - [01/Mar/2026:20:08:05 +0000] "GET /api/plans HTTP/1.1" 200 1057 "http://localhost:8080/" "Mozilla/5.0 (Windows NT 10.0; Win64; x64) AppleWebKit/537.36 (KHTML, like Gecko) Chrome/142.0.0.0 YaBrowser/25.12.0.0 Safari/537.36" "-"
celery_worker-1  | [2026-03-01 20:08:05,641: INFO/MainProcess] HTTP Request: GET https://api-cloud-v2.bitmart.com/contract/public/details "HTTP/1.1 200 OK"
celery_worker-1  | [2026-03-01 20:08:05,679: INFO/MainProcess] bitmart.instruments.summary raw=809 perp=616 sample=['0GUSDT', '1000000BOBUSDT', '1000000MOGUSDT', '1000BONKUSDT', '1000CHEEMSUSDT']
celery_worker-1  | [2026-03-01 20:08:06,521: INFO/MainProcess] HTTP Request: GET https://api.coinex.com/v2/futures/market "HTTP/1.1 200 OK"
celery_worker-1  | [2026-03-01 20:08:06,757: INFO/MainProcess] coinex.instruments.summary raw=254 perp=252 sample=['1INCHUSDT', '2ZUSDT', 'AAVEUSDC', 'AAVEUSDT', 'ADAUSDC']
celery_worker-1  | [2026-03-01 20:08:07,073: INFO/MainProcess] HTTP Request: GET https://api.hbdm.com/linear-swap-api/v1/swap_contract_info "HTTP/1.1 200 OK"
celery_worker-1  | [2026-03-01 20:08:07,077: INFO/MainProcess] hbdm.instruments.summary raw=209 perp=208 sample=['0GUSDT', '1INCHUSDT', '2ZUSDT', '4USDT', 'AAVEUSDT']
celery_worker-1  | [2026-03-01 20:08:07,364: INFO/MainProcess] plugins.resolve exchange_id=ASTERFINANCE normalized=asterfinance plugin_id=asterfinance found=true
celery_worker-1  | [2026-03-01 20:08:07,365: INFO/MainProcess] symbols.plugins.cache.hit
celery_worker-1  | [2026-03-01 20:08:07,366: INFO/MainProcess] symbols.source=plugins reason=coinapi_disabled_or_empty exchange=ASTERFINANCE count=294
celery_worker-1  | [2026-03-01 20:08:07,430: INFO/MainProcess] plugins.resolve exchange_id=BITMARTFTS normalized=bitmart plugin_id=bitmart found=true
celery_worker-1  | [2026-03-01 20:08:07,433: INFO/MainProcess] symbols.plugins.cache.hit
celery_worker-1  | [2026-03-01 20:08:07,433: INFO/MainProcess] symbols.source=plugins reason=coinapi_disabled_or_empty exchange=BITMARTFTS count=616
celery_worker-1  | [2026-03-01 20:08:07,497: INFO/MainProcess] plugins.resolve exchange_id=COINEX normalized=coinex plugin_id=coinex found=true
celery_worker-1  | [2026-03-01 20:08:07,498: INFO/MainProcess] symbols.plugins.cache.hit
celery_worker-1  | [2026-03-01 20:08:07,499: INFO/MainProcess] symbols.source=plugins reason=coinapi_disabled_or_empty exchange=COINEX count=252
celery_worker-1  | [2026-03-01 20:08:07,562: INFO/MainProcess] plugins.resolve exchange_id=HBDM normalized=hbdm plugin_id=hbdm found=true
celery_worker-1  | [2026-03-01 20:08:07,563: INFO/MainProcess] symbols.plugins.cache.hit
celery_worker-1  | [2026-03-01 20:08:07,563: INFO/MainProcess] symbols.source=plugins reason=coinapi_disabled_or_empty exchange=HBDM count=208
celery_beat-1    | [2026-03-01 20:08:07,629: INFO/MainProcess] Scheduler: Sending due task scanner.tick (app.tasks.scanner.scanner_tick)
celery_worker-1  | [2026-03-01 20:08:07,672: INFO/MainProcess] funding.source=plugins exchange=asterfinance symbols=200
celery_worker-1  | [2026-03-01 20:08:07,674: INFO/MainProcess] funding.symbol_map.coverage
celery_worker-1  | [2026-03-01 20:08:07,675: INFO/MainProcess] rest.budget.used
celery_worker-1  | [2026-03-01 20:08:08,370: INFO/MainProcess] HTTP Request: GET https://fapi.asterdex.com/fapi/v1/premiumIndex "HTTP/1.1 200 OK"
celery_worker-1  | [2026-03-01 20:08:08,372: INFO/MainProcess] asterfinance.funding.summary requested=200 ok=200 empty=0 errors=0 sample_error=
celery_worker-1  | [2026-03-01 20:08:08,380: INFO/MainProcess] funding.cache.write exchange=asterfinance wrote=200 ttl_sec=600
celery_worker-1  | [2026-03-01 20:08:08,380: INFO/MainProcess] funding.plugins.fetch.summary
celery_worker-1  | [2026-03-01 20:08:08,380: INFO/MainProcess] funding.source=plugins exchange=bitmart symbols=200
celery_worker-1  | [2026-03-01 20:08:08,381: INFO/MainProcess] funding.symbol_map.coverage
celery_worker-1  | [2026-03-01 20:08:08,382: INFO/MainProcess] rest.budget.used
backend-1        | {"message": "http.request", "taskName": "Task-7558", "request_id": "68420cf4-3d7e-4927-9a27-99f5e337a4ee", "method": "GET", "path": "/health", "status_code": 200, "duration_ms": 5.48, "ts": 1772395688.8228662, "level": "INFO", "msg": "http.request", "service": "backend", "env": "development", "logger": "app.access"}
celery_worker-1  | [2026-03-01 20:08:08,909: INFO/MainProcess] HTTP Request: GET https://api-cloud-v2.bitmart.com/contract/public/funding-rate?symbol=0GUSDT "HTTP/1.1 200 OK"
celery_worker-1  | [2026-03-01 20:08:09,469: INFO/MainProcess] HTTP Request: GET https://api-cloud-v2.bitmart.com/contract/public/funding-rate?symbol=1000000BOBUSDT "HTTP/1.1 200 OK"
celery_worker-1  | [2026-03-01 20:08:10,059: INFO/MainProcess] HTTP Request: GET https://api-cloud-v2.bitmart.com/contract/public/funding-rate?symbol=1000000MOGUSDT "HTTP/1.1 200 OK"
celery_worker-1  | [2026-03-01 20:08:10,553: INFO/MainProcess] HTTP Request: GET https://api-cloud-v2.bitmart.com/contract/public/funding-rate?symbol=1000BONKUSDT "HTTP/1.1 200 OK"
celery_worker-1  | [2026-03-01 20:08:11,228: INFO/MainProcess] HTTP Request: GET https://api-cloud-v2.bitmart.com/contract/public/funding-rate?symbol=1000CHEEMSUSDT "HTTP/1.1 200 OK"
celery_worker-1  | [2026-03-01 20:08:11,703: INFO/MainProcess] HTTP Request: GET https://api-cloud-v2.bitmart.com/contract/public/funding-rate?symbol=1000LUNCUSDT "HTTP/1.1 200 OK"
celery_worker-1  | [2026-03-01 20:08:12,191: INFO/MainProcess] HTTP Request: GET https://api-cloud-v2.bitmart.com/contract/public/funding-rate?symbol=1000PEPEUSDT "HTTP/1.1 200 OK"
celery_beat-1    | [2026-03-01 20:08:12,629: INFO/MainProcess] Scheduler: Sending due task scanner.tick (app.tasks.scanner.scanner_tick)
celery_worker-1  | [2026-03-01 20:08:12,767: INFO/MainProcess] HTTP Request: GET https://api-cloud-v2.bitmart.com/contract/public/funding-rate?symbol=1000RATSUSDT "HTTP/1.1 200 OK"
celery_worker-1  | [2026-03-01 20:08:13,411: INFO/MainProcess] HTTP Request: GET https://api-cloud-v2.bitmart.com/contract/public/funding-rate?symbol=1000SATSUSDT "HTTP/1.1 200 OK"
celery_worker-1  | [2026-03-01 20:08:13,932: INFO/MainProcess] HTTP Request: GET https://api-cloud-v2.bitmart.com/contract/public/funding-rate?symbol=1000SHIBUSDT "HTTP/1.1 200 OK"
nginx-1          | 127.0.0.1 - - [01/Mar/2026:20:08:14 +0000] "GET / HTTP/1.1" 200 1690 "-" "curl/8.12.1" "-"
celery_worker-1  | [2026-03-01 20:08:14,438: INFO/MainProcess] HTTP Request: GET https://api-cloud-v2.bitmart.com/contract/public/funding-rate?symbol=1000WHYUSDT "HTTP/1.1 200 OK"
celery_worker-1  | [2026-03-01 20:08:15,082: INFO/MainProcess] HTTP Request: GET https://api-cloud-v2.bitmart.com/contract/public/funding-rate?symbol=1INCHUSDT "HTTP/1.1 200 OK"
celery_worker-1  | [2026-03-01 20:08:15,712: INFO/MainProcess] HTTP Request: GET https://api-cloud-v2.bitmart.com/contract/public/funding-rate?symbol=1MBABYDOGEUSDT "HTTP/1.1 200 OK"
celery_worker-1  | [2026-03-01 20:08:16,232: INFO/MainProcess] HTTP Request: GET https://api-cloud-v2.bitmart.com/contract/public/funding-rate?symbol=2ZUSDT "HTTP/1.1 200 OK"
celery_worker-1  | [2026-03-01 20:08:16,742: INFO/MainProcess] HTTP Request: GET https://api-cloud-v2.bitmart.com/contract/public/funding-rate?symbol=4USDT "HTTP/1.1 200 OK"
celery_worker-1  | [2026-03-01 20:08:17,329: INFO/MainProcess] HTTP Request: GET https://api-cloud-v2.bitmart.com/contract/public/funding-rate?symbol=AALONUSDT "HTTP/1.1 200 OK"
celery_beat-1    | [2026-03-01 20:08:17,629: INFO/MainProcess] Scheduler: Sending due task scanner.tick (app.tasks.scanner.scanner_tick)
celery_worker-1  | [2026-03-01 20:08:17,865: INFO/MainProcess] HTTP Request: GET https://api-cloud-v2.bitmart.com/contract/public/funding-rate?symbol=AAPLXUSDT "HTTP/1.1 200 OK"
celery_worker-1  | [2026-03-01 20:08:18,357: INFO/MainProcess] HTTP Request: GET https://api-cloud-v2.bitmart.com/contract/public/funding-rate?symbol=AAVEUSD "HTTP/1.1 200 OK"
backend-1        | {"message": "auth.login_success", "taskName": "starlette.middleware.base.BaseHTTPMiddleware.__call__.<locals>.call_next.<locals>.coro", "event": "auth.login_success", "user_id": "796c5650-d0da-4776-a1ad-3af0f243895a", "jti": "a3237571203642318a2bb978f813c7d5", "reason": "credentials", "request_id": "c302f0d7-2a9c-409f-b241-04a100b81777", "ip": "172.18.0.5", "user_agent": "Mozilla/5.0 (Windows NT 10.0; Win64; x64) AppleWebKit/537.36 (KHTML, like Gecko) Chrome/142.0.0.0 YaBrowser/25.12.0.0 Safari/537.36", "timestamp": "2026-03-01T20:08:18.387113+00:00", "email": "admin@example.com", "ts": 1772395698.3871396, "level": "INFO", "msg": "auth.login_success", "service": "backend", "env": "development", "logger": "app.services.auth_service"}
nginx-1          | 172.18.0.1 - - [01/Mar/2026:20:08:18 +0000] "POST /api/auth/login HTTP/1.1" 200 620 "http://localhost:8080/" "Mozilla/5.0 (Windows NT 10.0; Win64; x64) AppleWebKit/537.36 (KHTML, like Gecko) Chrome/142.0.0.0 YaBrowser/25.12.0.0 Safari/537.36" "-"




backend-1        | {"message": "http.request", "taskName": "Task-14641", "request_id": "c302f0d7-2a9c-409f-b241-04a100b81777", "method": "POST", "path": "/api/auth/login", "status_code": 200, "duration_ms": 218.07, "ts": 1772395698.387952, "level": "INFO", "msg": "http.request", "service": "backend", "env": "development", "logger": "app.access"}
nginx-1          | 172.18.0.1 - - [01/Mar/2026:20:08:18 +0000] "GET /assets/ProfilePage-C3VxuhqI.js HTTP/1.1" 200 6910 "-" "Mozilla/5.0 (Windows NT 10.0; Win64; x64) AppleWebKit/537.36 (KHTML, like Gecko) Chrome/142.0.0.0 YaBrowser/25.12.0.0 Safari/537.36" "-"
celery_worker-1  | [2026-03-01 20:08:18,854: INFO/MainProcess] HTTP Request: GET https://api-cloud-v2.bitmart.com/contract/public/funding-rate?symbol=AAVEUSDT "HTTP/1.1 200 OK"
backend-1        | {"message": "http.request", "taskName": "Task-14830", "request_id": "f829a4a2-43d6-429b-a98d-734723dd8bb7", "method": "GET", "path": "/health", "status_code": 200, "duration_ms": 18.63, "ts": 1772395698.972881, "level": "INFO", "msg": "http.request", "service": "backend", "env": "development", "logger": "app.access"}
celery_worker-1  | [2026-03-01 20:08:19,361: INFO/MainProcess] HTTP Request: GET https://api-cloud-v2.bitmart.com/contract/public/funding-rate?symbol=ABBVONUSDT "HTTP/1.1 200 OK"
celery_worker-1  | [2026-03-01 20:08:20,017: INFO/MainProcess] HTTP Request: GET https://api-cloud-v2.bitmart.com/contract/public/funding-rate?symbol=ABNBONUSDT "HTTP/1.1 200 OK"
celery_worker-1  | [2026-03-01 20:08:20,598: INFO/MainProcess] HTTP Request: GET https://api-cloud-v2.bitmart.com/contract/public/funding-rate?symbol=ACEUSDT "HTTP/1.1 200 OK"
celery_worker-1  | [2026-03-01 20:08:21,158: INFO/MainProcess] HTTP Request: GET https://api-cloud-v2.bitmart.com/contract/public/funding-rate?symbol=ACHUSDT "HTTP/1.1 200 OK"
celery_worker-1  | [2026-03-01 20:08:21,657: INFO/MainProcess] HTTP Request: GET https://api-cloud-v2.bitmart.com/contract/public/funding-rate?symbol=ACNUSDT "HTTP/1.1 200 OK"
celery_worker-1  | [2026-03-01 20:08:22,233: INFO/MainProcess] HTTP Request: GET https://api-cloud-v2.bitmart.com/contract/public/funding-rate?symbol=ACTUSDT "HTTP/1.1 200 OK"
celery_beat-1    | [2026-03-01 20:08:22,629: INFO/MainProcess] Scheduler: Sending due task scanner.tick (app.tasks.scanner.scanner_tick)
celery_worker-1  | [2026-03-01 20:08:22,718: INFO/MainProcess] HTTP Request: GET https://api-cloud-v2.bitmart.com/contract/public/funding-rate?symbol=ACUUSDT "HTTP/1.1 200 OK"
celery_worker-1  | [2026-03-01 20:08:23,192: INFO/MainProcess] HTTP Request: GET https://api-cloud-v2.bitmart.com/contract/public/funding-rate?symbol=ADAUSD "HTTP/1.1 200 OK"
celery_worker-1  | [2026-03-01 20:08:23,721: INFO/MainProcess] HTTP Request: GET https://api-cloud-v2.bitmart.com/contract/public/funding-rate?symbol=ADAUSDT "HTTP/1.1 200 OK"
celery_worker-1  | [2026-03-01 20:08:24,297: INFO/MainProcess] HTTP Request: GET https://api-cloud-v2.bitmart.com/contract/public/funding-rate?symbol=ADBEUSDT "HTTP/1.1 200 OK"
nginx-1          | 127.0.0.1 - - [01/Mar/2026:20:08:24 +0000] "GET / HTTP/1.1" 200 1690 "-" "curl/8.12.1" "-"
celery_worker-1  | [2026-03-01 20:08:24,783: INFO/MainProcess] HTTP Request: GET https://api-cloud-v2.bitmart.com/contract/public/funding-rate?symbol=AEROUSDT "HTTP/1.1 200 OK"
celery_worker-1  | [2026-03-01 20:08:25,446: INFO/MainProcess] HTTP Request: GET https://api-cloud-v2.bitmart.com/contract/public/funding-rate?symbol=AGGUSDT "HTTP/1.1 200 OK"
nginx-1          | 172.18.0.1 - - [01/Mar/2026:20:08:25 +0000] "GET /assets/ScannerPage-exEJZyVT.js HTTP/1.1" 200 104821 "-" "Mozilla/5.0 (Windows NT 10.0; Win64; x64) AppleWebKit/537.36 (KHTML, like Gecko) Chrome/142.0.0.0 YaBrowser/25.12.0.0 Safari/537.36" "-"
nginx-1          | 172.18.0.1 - - [01/Mar/2026:20:08:25 +0000] "GET /assets/lightweight-charts.production-DT4nR-EQ.js HTTP/1.1" 200 163960 "-" "Mozilla/5.0 (Windows NT 10.0; Win64; x64) AppleWebKit/537.36 (KHTML, like Gecko) Chrome/142.0.0.0 YaBrowser/25.12.0.0 Safari/537.36" "-"
backend-1        | {"message": "http.request", "taskName": "Task-16806", "request_id": "27b63d8d-b37a-4bcc-b8a1-8b7fdc610084", "method": "GET", "path": "/api/health", "status_code": 200, "duration_ms": 12.6, "ts": 1772395705.8423629, "level": "INFO", "msg": "http.request", "service": "backend", "env": "development", "logger": "app.access"}
nginx-1          | 172.18.0.1 - - [01/Mar/2026:20:08:25 +0000] "GET /api/health HTTP/1.1" 200 111 "http://localhost:8080/scanner" "Mozilla/5.0 (Windows NT 10.0; Win64; x64) AppleWebKit/537.36 (KHTML, like Gecko) Chrome/142.0.0.0 YaBrowser/25.12.0.0 Safari/537.36" "-"
nginx-1          | 172.18.0.1 - - [01/Mar/2026:20:08:25 +0000] "GET /api/meta/exchanges HTTP/1.1" 200 3690 "http://localhost:8080/scanner" "Mozilla/5.0 (Windows NT 10.0; Win64; x64) AppleWebKit/537.36 (KHTML, like Gecko) Chrome/142.0.0.0 YaBrowser/25.12.0.0 Safari/537.36" "-"
backend-1        | {"message": "http.request", "taskName": "Task-16808", "request_id": "45e2d489-4611-4f6e-b649-6e36f94750fe", "method": "GET", "path": "/api/meta/exchanges", "status_code": 200, "duration_ms": 11.55, "ts": 1772395705.842787, "level": "INFO", "msg": "http.request", "service": "backend", "env": "development", "logger": "app.access"}


nginx-1          | 172.18.0.1 - - [01/Mar/2026:20:08:25 +0000] "GET /api/scanner/provider-health HTTP/1.1" 200 42 "http://localhost:8080/scanner" "Mozilla/5.0 (Windows NT 10.0; Win64; x64) AppleWebKit/537.36 (KHTML, like Gecko) Chrome/142.0.0.0 YaBrowser/25.12.0.0 Safari/537.36" "-"
backend-1        | {"message": "http.request", "taskName": "Task-16811", "request_id": "e60ac4fb-d2dc-4b58-932c-42a249d41c4c", "method": "GET", "path": "/api/scanner/provider-health", "status_code": 200, "duration_ms": 15.97, "ts": 1772395705.865294, "level": "INFO", "msg": "http.request", "service": "backend", "env": "development", "logger": "app.access"}


backend-1        | {"message": "pairs.initial", "taskName": "starlette.middleware.base.BaseHTTPMiddleware.__call__.<locals>.call_next.<locals>.coro", "user_id": "796c5650-d0da-4776-a1ad-3af0f243895a", "paywall": false, "batch_size": 1500, "limit": 1500, "ts": 1772395705.9296482, "level": "INFO", "msg": "pairs.initial", "service": "backend", "env": "development", "logger": "app.api.routers.pairs_v1", "request_id": "9563e2f9-3ca8-4573-9fef-c059b05458e6"}
backend-1        | {"message": "http.request", "taskName": "Task-16804", "request_id": "9563e2f9-3ca8-4573-9fef-c059b05458e6", "method": "GET", "path": "/api/v1/pairs/initial", "status_code": 200, "duration_ms": 152.41, "ts": 1772395705.9676616, "level": "INFO", "msg": "http.request", "service": "backend", "env": "development", "logger": "app.access"}
nginx-1          | 172.18.0.1 - - [01/Mar/2026:20:08:25 +0000] "GET /api/v1/pairs/initial?page=1&page_size=5000 HTTP/1.1" 200 2779408 "http://localhost:8080/scanner" "Mozilla/5.0 (Windows NT 10.0; Win64; x64) AppleWebKit/537.36 (KHTML, like Gecko) Chrome/142.0.0.0 YaBrowser/25.12.0.0 Safari/537.36" "-"
celery_worker-1  | [2026-03-01 20:08:26,507: INFO/MainProcess] HTTP Request: GET https://api-cloud-v2.bitmart.com/contract/public/funding-rate?symbol=AGTUSDT "HTTP/1.1 200 OK"
backend-1        | {"message": "plugins.resolve exchange_id=BITMARTFTS normalized=bitmart plugin_id=bitmart found=true", "taskName": "starlette.middleware.base.BaseHTTPMiddleware.__call__.<locals>.call_next.<locals>.coro", "ts": 1772395706.7832215, "level": "INFO", "msg": "plugins.resolve exchange_id=BITMARTFTS normalized=bitmart plugin_id=bitmart found=true", "service": "backend", "env": "development", "logger": "app.exchanges.symbols_service", "request_id": "ace984c3-9f62-409a-ad54-2d32b17cd97b"}
backend-1        | {"message": "symbols.plugins.cache.hit", "taskName": "starlette.middleware.base.BaseHTTPMiddleware.__call__.<locals>.call_next.<locals>.coro", "exchange_id": "BITMARTFTS", "plugin_id": "bitmart", "market": "futures", "key": "plugins:meta:symbols:bitmart:futures", "ts": 1772395706.7889256, "level": "INFO", "msg": "symbols.plugins.cache.hit", "service": "backend", "env": "development", "logger": "app.exchanges.symbols_service", "request_id": "ace984c3-9f62-409a-ad54-2d32b17cd97b"}
backend-1        | {"message": "symbols.source=plugins reason=coinapi_disabled_or_empty exchange=BITMARTFTS count=616", "taskName": "starlette.middleware.base.BaseHTTPMiddleware.__call__.<locals>.call_next.<locals>.coro", "ts": 1772395706.7893636, "level": "INFO", "msg": "symbols.source=plugins reason=coinapi_disabled_or_empty exchange=BITMARTFTS count=616", "service": "backend", "env": "development", "logger": "app.exchanges.symbols_service", "request_id": "ace984c3-9f62-409a-ad54-2d32b17cd97b"}
backend-1        | {"message": "plugins.resolve exchange_id=ASTERFINANCE normalized=asterfinance plugin_id=asterfinance found=true", "taskName": "starlette.middleware.base.BaseHTTPMiddleware.__call__.<locals>.call_next.<locals>.coro", "ts": 1772395706.8325815, "level": "INFO", "msg": "plugins.resolve exchange_id=ASTERFINANCE normalized=asterfinance plugin_id=asterfinance found=true", "service": "backend", "env": "development", "logger": "app.exchanges.symbols_service", "request_id": "ace984c3-9f62-409a-ad54-2d32b17cd97b"}
backend-1        | {"message": "symbols.plugins.cache.hit", "taskName": "starlette.middleware.base.BaseHTTPMiddleware.__call__.<locals>.call_next.<locals>.coro", "exchange_id": "ASTERFINANCE", "plugin_id": "asterfinance", "market": "futures", "key": "plugins:meta:symbols:asterfinance:futures", "ts": 1772395706.840442, "level": "INFO", "msg": "symbols.plugins.cache.hit", "service": "backend", "env": "development", "logger": "app.exchanges.symbols_service", "request_id": "ace984c3-9f62-409a-ad54-2d32b17cd97b"}
backend-1        | {"message": "symbols.source=plugins reason=coinapi_disabled_or_empty exchange=ASTERFINANCE count=294", "taskName": "starlette.middleware.base.BaseHTTPMiddleware.__call__.<locals>.call_next.<locals>.coro", "ts": 1772395706.8407695, "level": "INFO", "msg": "symbols.source=plugins reason=coinapi_disabled_or_empty exchange=ASTERFINANCE count=294", "service": "backend", "env": "development", "logger": "app.exchanges.symbols_service", "request_id": "ace984c3-9f62-409a-ad54-2d32b17cd97b"}
backend-1        | {"message": "plugins.resolve exchange_id=ASTERFINANCE normalized=asterfinance plugin_id=asterfinance found=true", "taskName": "starlette.middleware.base.BaseHTTPMiddleware.__call__.<locals>.call_next.<locals>.coro", "ts": 1772395706.8834903, "level": "INFO", "msg": "plugins.resolve exchange_id=ASTERFINANCE normalized=asterfinance plugin_id=asterfinance found=true", "service": "backend", "env": "development", "logger": "app.exchanges.symbols_service", "request_id": "ace984c3-9f62-409a-ad54-2d32b17cd97b"}
backend-1        | {"message": "symbols.plugins.cache.hit", "taskName": "starlette.middleware.base.BaseHTTPMiddleware.__call__.<locals>.call_next.<locals>.coro", "exchange_id": "ASTERFINANCE", "plugin_id": "asterfinance", "market": "futures", "key": "plugins:meta:symbols:asterfinance:futures", "ts": 1772395706.8923273, "level": "INFO", "msg": "symbols.plugins.cache.hit", "service": "backend", "env": "development", "logger": "app.exchanges.symbols_service", "request_id": "ace984c3-9f62-409a-ad54-2d32b17cd97b"}
backend-1        | {"message": "symbols.source=plugins reason=coinapi_disabled_or_empty exchange=ASTERFINANCE count=294", "taskName": "starlette.middleware.base.BaseHTTPMiddleware.__call__.<locals>.call_next.<locals>.coro", "ts": 1772395706.8927534, "level": "INFO", "msg": "symbols.source=plugins reason=coinapi_disabled_or_empty exchange=ASTERFINANCE count=294", "service": "backend", "env": "development", "logger": "app.exchanges.symbols_service", "request_id": "ace984c3-9f62-409a-ad54-2d32b17cd97b"}
backend-1        | {"message": "plugins.resolve exchange_id=BITMARTFTS normalized=bitmart plugin_id=bitmart found=true", "taskName": "starlette.middleware.base.BaseHTTPMiddleware.__call__.<locals>.call_next.<locals>.coro", "ts": 1772395706.9327257, "level": "INFO", "msg": "plugins.resolve exchange_id=BITMARTFTS normalized=bitmart plugin_id=bitmart found=true", "service": "backend", "env": "development", "logger": "app.exchanges.symbols_service", "request_id": "ace984c3-9f62-409a-ad54-2d32b17cd97b"}
backend-1        | {"message": "symbols.plugins.cache.hit", "taskName": "starlette.middleware.base.BaseHTTPMiddleware.__call__.<locals>.call_next.<locals>.coro", "exchange_id": "BITMARTFTS", "plugin_id": "bitmart", "market": "futures", "key": "plugins:meta:symbols:bitmart:futures", "ts": 1772395706.9433472, "level": "INFO", "msg": "symbols.plugins.cache.hit", "service": "backend", "env": "development", "logger": "app.exchanges.symbols_service", "request_id": "ace984c3-9f62-409a-ad54-2d32b17cd97b"}
backend-1        | {"message": "symbols.source=plugins reason=coinapi_disabled_or_empty exchange=BITMARTFTS count=616", "taskName": "starlette.middleware.base.BaseHTTPMiddleware.__call__.<locals>.call_next.<locals>.coro", "ts": 1772395706.943671, "level": "INFO", "msg": "symbols.source=plugins reason=coinapi_disabled_or_empty exchange=BITMARTFTS count=616", "service": "backend", "env": "development", "logger": "app.exchanges.symbols_service", "request_id": "ace984c3-9f62-409a-ad54-2d32b17cd97b"}
backend-1        | {"message": "plugins.resolve exchange_id=COINEX normalized=coinex plugin_id=coinex found=true", "taskName": "starlette.middleware.base.BaseHTTPMiddleware.__call__.<locals>.call_next.<locals>.coro", "ts": 1772395706.984651, "level": "INFO", "msg": "plugins.resolve exchange_id=COINEX normalized=coinex plugin_id=coinex found=true", "service": "backend", "env": "development", "logger": "app.exchanges.symbols_service", "request_id": "ace984c3-9f62-409a-ad54-2d32b17cd97b"}
backend-1        | {"message": "symbols.plugins.cache.hit", "taskName": "starlette.middleware.base.BaseHTTPMiddleware.__call__.<locals>.call_next.<locals>.coro", "exchange_id": "COINEX", "plugin_id": "coinex", "market": "futures", "key": "plugins:meta:symbols:coinex:futures", "ts": 1772395706.9927046, "level": "INFO", "msg": "symbols.plugins.cache.hit", "service": "backend", "env": "development", "logger": "app.exchanges.symbols_service", "request_id": "ace984c3-9f62-409a-ad54-2d32b17cd97b"}
backend-1        | {"message": "symbols.source=plugins reason=coinapi_disabled_or_empty exchange=COINEX count=252", "taskName": "starlette.middleware.base.BaseHTTPMiddleware.__call__.<locals>.call_next.<locals>.coro", "ts": 1772395706.9930885, "level": "INFO", "msg": "symbols.source=plugins reason=coinapi_disabled_or_empty exchange=COINEX count=252", "service": "backend", "env": "development", "logger": "app.exchanges.symbols_service", "request_id": "ace984c3-9f62-409a-ad54-2d32b17cd97b"}
backend-1        | {"message": "plugins.resolve exchange_id=HBDM normalized=hbdm plugin_id=hbdm found=true", "taskName": "starlette.middleware.base.BaseHTTPMiddleware.__call__.<locals>.call_next.<locals>.coro", "ts": 1772395707.0340593, "level": "INFO", "msg": "plugins.resolve exchange_id=HBDM normalized=hbdm plugin_id=hbdm found=true", "service": "backend", "env": "development", "logger": "app.exchanges.symbols_service", "request_id": "ace984c3-9f62-409a-ad54-2d32b17cd97b"}
backend-1        | {"message": "symbols.plugins.cache.hit", "taskName": "starlette.middleware.base.BaseHTTPMiddleware.__call__.<locals>.call_next.<locals>.coro", "exchange_id": "HBDM", "plugin_id": "hbdm", "market": "futures", "key": "plugins:meta:symbols:hbdm:futures", "ts": 1772395707.0418417, "level": "INFO", "msg": "symbols.plugins.cache.hit", "service": "backend", "env": "development", "logger": "app.exchanges.symbols_service", "request_id": "ace984c3-9f62-409a-ad54-2d32b17cd97b"}
backend-1        | {"message": "symbols.source=plugins reason=coinapi_disabled_or_empty exchange=HBDM count=208", "taskName": "starlette.middleware.base.BaseHTTPMiddleware.__call__.<locals>.call_next.<locals>.coro", "ts": 1772395707.042146, "level": "INFO", "msg": "symbols.source=plugins reason=coinapi_disabled_or_empty exchange=HBDM count=208", "service": "backend", "env": "development", "logger": "app.exchanges.symbols_service", "request_id": "ace984c3-9f62-409a-ad54-2d32b17cd97b"}
backend-1        | {"message": "plugins.resolve exchange_id=ASTERFINANCE normalized=asterfinance plugin_id=asterfinance found=true", "taskName": "starlette.middleware.base.BaseHTTPMiddleware.__call__.<locals>.call_next.<locals>.coro", "ts": 1772395707.0829315, "level": "INFO", "msg": "plugins.resolve exchange_id=ASTERFINANCE normalized=asterfinance plugin_id=asterfinance found=true", "service": "backend", "env": "development", "logger": "app.exchanges.symbols_service", "request_id": "ace984c3-9f62-409a-ad54-2d32b17cd97b"}
backend-1        | {"message": "symbols.plugins.cache.hit", "taskName": "starlette.middleware.base.BaseHTTPMiddleware.__call__.<locals>.call_next.<locals>.coro", "exchange_id": "ASTERFINANCE", "plugin_id": "asterfinance", "market": "futures", "key": "plugins:meta:symbols:asterfinance:futures", "ts": 1772395707.090637, "level": "INFO", "msg": "symbols.plugins.cache.hit", "service": "backend", "env": "development", "logger": "app.exchanges.symbols_service", "request_id": "ace984c3-9f62-409a-ad54-2d32b17cd97b"}
backend-1        | {"message": "symbols.source=plugins reason=coinapi_disabled_or_empty exchange=ASTERFINANCE count=294", "taskName": "starlette.middleware.base.BaseHTTPMiddleware.__call__.<locals>.call_next.<locals>.coro", "ts": 1772395707.0909312, "level": "INFO", "msg": "symbols.source=plugins reason=coinapi_disabled_or_empty exchange=ASTERFINANCE count=294", "service": "backend", "env": "development", "logger": "app.exchanges.symbols_service", "request_id": "ace984c3-9f62-409a-ad54-2d32b17cd97b"}
backend-1        | {"message": "plugins.resolve exchange_id=BITMARTFTS normalized=bitmart plugin_id=bitmart found=true", "taskName": "starlette.middleware.base.BaseHTTPMiddleware.__call__.<locals>.call_next.<locals>.coro", "ts": 1772395707.1299162, "level": "INFO", "msg": "plugins.resolve exchange_id=BITMARTFTS normalized=bitmart plugin_id=bitmart found=true", "service": "backend", "env": "development", "logger": "app.exchanges.symbols_service", "request_id": "ace984c3-9f62-409a-ad54-2d32b17cd97b"}
backend-1        | {"message": "symbols.plugins.cache.hit", "taskName": "starlette.middleware.base.BaseHTTPMiddleware.__call__.<locals>.call_next.<locals>.coro", "exchange_id": "BITMARTFTS", "plugin_id": "bitmart", "market": "futures", "key": "plugins:meta:symbols:bitmart:futures", "ts": 1772395707.138243, "level": "INFO", "msg": "symbols.plugins.cache.hit", "service": "backend", "env": "development", "logger": "app.exchanges.symbols_service", "request_id": "ace984c3-9f62-409a-ad54-2d32b17cd97b"}
backend-1        | {"message": "symbols.source=plugins reason=coinapi_disabled_or_empty exchange=BITMARTFTS count=616", "taskName": "starlette.middleware.base.BaseHTTPMiddleware.__call__.<locals>.call_next.<locals>.coro", "ts": 1772395707.1386712, "level": "INFO", "msg": "symbols.source=plugins reason=coinapi_disabled_or_empty exchange=BITMARTFTS count=616", "service": "backend", "env": "development", "logger": "app.exchanges.symbols_service", "request_id": "ace984c3-9f62-409a-ad54-2d32b17cd97b"}
celery_worker-1  | [2026-03-01 20:08:27,167: INFO/MainProcess] HTTP Request: GET https://api-cloud-v2.bitmart.com/contract/public/funding-rate?symbol=AIAUSDT "HTTP/1.1 200 OK"
backend-1        | {"message": "plugins.resolve exchange_id=ASTERFINANCE normalized=asterfinance plugin_id=asterfinance found=true", "taskName": "starlette.middleware.base.BaseHTTPMiddleware.__call__.<locals>.call_next.<locals>.coro", "ts": 1772395707.193368, "level": "INFO", "msg": "plugins.resolve exchange_id=ASTERFINANCE normalized=asterfinance plugin_id=asterfinance found=true", "service": "backend", "env": "development", "logger": "app.exchanges.symbols_service", "request_id": "ace984c3-9f62-409a-ad54-2d32b17cd97b"}
backend-1        | {"message": "symbols.plugins.cache.hit", "taskName": "starlette.middleware.base.BaseHTTPMiddleware.__call__.<locals>.call_next.<locals>.coro", "exchange_id": "ASTERFINANCE", "plugin_id": "asterfinance", "market": "futures", "key": "plugins:meta:symbols:asterfinance:futures", "ts": 1772395707.2019424, "level": "INFO", "msg": "symbols.plugins.cache.hit", "service": "backend", "env": "development", "logger": "app.exchanges.symbols_service", "request_id": "ace984c3-9f62-409a-ad54-2d32b17cd97b"}
backend-1        | {"message": "symbols.source=plugins reason=coinapi_disabled_or_empty exchange=ASTERFINANCE count=294", "taskName": "starlette.middleware.base.BaseHTTPMiddleware.__call__.<locals>.call_next.<locals>.coro", "ts": 1772395707.202267, "level": "INFO", "msg": "symbols.source=plugins reason=coinapi_disabled_or_empty exchange=ASTERFINANCE count=294", "service": "backend", "env": "development", "logger": "app.exchanges.symbols_service", "request_id": "ace984c3-9f62-409a-ad54-2d32b17cd97b"}
backend-1        | {"message": "plugins.resolve exchange_id=BITMARTFTS normalized=bitmart plugin_id=bitmart found=true", "taskName": "starlette.middleware.base.BaseHTTPMiddleware.__call__.<locals>.call_next.<locals>.coro", "ts": 1772395707.2537968, "level": "INFO", "msg": "plugins.resolve exchange_id=BITMARTFTS normalized=bitmart plugin_id=bitmart found=true", "service": "backend", "env": "development", "logger": "app.exchanges.symbols_service", "request_id": "ace984c3-9f62-409a-ad54-2d32b17cd97b"}
backend-1        | {"message": "symbols.plugins.cache.hit", "taskName": "starlette.middleware.base.BaseHTTPMiddleware.__call__.<locals>.call_next.<locals>.coro", "exchange_id": "BITMARTFTS", "plugin_id": "bitmart", "market": "futures", "key": "plugins:meta:symbols:bitmart:futures", "ts": 1772395707.2619183, "level": "INFO", "msg": "symbols.plugins.cache.hit", "service": "backend", "env": "development", "logger": "app.exchanges.symbols_service", "request_id": "ace984c3-9f62-409a-ad54-2d32b17cd97b"}
backend-1        | {"message": "symbols.source=plugins reason=coinapi_disabled_or_empty exchange=BITMARTFTS count=616", "taskName": "starlette.middleware.base.BaseHTTPMiddleware.__call__.<locals>.call_next.<locals>.coro", "ts": 1772395707.2622466, "level": "INFO", "msg": "symbols.source=plugins reason=coinapi_disabled_or_empty exchange=BITMARTFTS count=616", "service": "backend", "env": "development", "logger": "app.exchanges.symbols_service", "request_id": "ace984c3-9f62-409a-ad54-2d32b17cd97b"}
backend-1        | {"message": "plugins.resolve exchange_id=ASTERFINANCE normalized=asterfinance plugin_id=asterfinance found=true", "taskName": "starlette.middleware.base.BaseHTTPMiddleware.__call__.<locals>.call_next.<locals>.coro", "ts": 1772395707.3169646, "level": "INFO", "msg": "plugins.resolve exchange_id=ASTERFINANCE normalized=asterfinance plugin_id=asterfinance found=true", "service": "backend", "env": "development", "logger": "app.exchanges.symbols_service", "request_id": "ace984c3-9f62-409a-ad54-2d32b17cd97b"}
backend-1        | {"message": "symbols.plugins.cache.hit", "taskName": "starlette.middleware.base.BaseHTTPMiddleware.__call__.<locals>.call_next.<locals>.coro", "exchange_id": "ASTERFINANCE", "plugin_id": "asterfinance", "market": "futures", "key": "plugins:meta:symbols:asterfinance:futures", "ts": 1772395707.3253615, "level": "INFO", "msg": "symbols.plugins.cache.hit", "service": "backend", "env": "development", "logger": "app.exchanges.symbols_service", "request_id": "ace984c3-9f62-409a-ad54-2d32b17cd97b"}
backend-1        | {"message": "symbols.source=plugins reason=coinapi_disabled_or_empty exchange=ASTERFINANCE count=294", "taskName": "starlette.middleware.base.BaseHTTPMiddleware.__call__.<locals>.call_next.<locals>.coro", "ts": 1772395707.3257551, "level": "INFO", "msg": "symbols.source=plugins reason=coinapi_disabled_or_empty exchange=ASTERFINANCE count=294", "service": "backend", "env": "development", "logger": "app.exchanges.symbols_service", "request_id": "ace984c3-9f62-409a-ad54-2d32b17cd97b"}
backend-1        | {"message": "plugins.resolve exchange_id=BITMARTFTS normalized=bitmart plugin_id=bitmart found=true", "taskName": "starlette.middleware.base.BaseHTTPMiddleware.__call__.<locals>.call_next.<locals>.coro", "ts": 1772395707.3792663, "level": "INFO", "msg": "plugins.resolve exchange_id=BITMARTFTS normalized=bitmart plugin_id=bitmart found=true", "service": "backend", "env": "development", "logger": "app.exchanges.symbols_service", "request_id": "ace984c3-9f62-409a-ad54-2d32b17cd97b"}
backend-1        | {"message": "symbols.plugins.cache.hit", "taskName": "starlette.middleware.base.BaseHTTPMiddleware.__call__.<locals>.call_next.<locals>.coro", "exchange_id": "BITMARTFTS", "plugin_id": "bitmart", "market": "futures", "key": "plugins:meta:symbols:bitmart:futures", "ts": 1772395707.3917103, "level": "INFO", "msg": "symbols.plugins.cache.hit", "service": "backend", "env": "development", "logger": "app.exchanges.symbols_service", "request_id": "ace984c3-9f62-409a-ad54-2d32b17cd97b"}
backend-1        | {"message": "symbols.source=plugins reason=coinapi_disabled_or_empty exchange=BITMARTFTS count=616", "taskName": "starlette.middleware.base.BaseHTTPMiddleware.__call__.<locals>.call_next.<locals>.coro", "ts": 1772395707.392108, "level": "INFO", "msg": "symbols.source=plugins reason=coinapi_disabled_or_empty exchange=BITMARTFTS count=616", "service": "backend", "env": "development", "logger": "app.exchanges.symbols_service", "request_id": "ace984c3-9f62-409a-ad54-2d32b17cd97b"}
backend-1        | {"message": "plugins.resolve exchange_id=COINEX normalized=coinex plugin_id=coinex found=true", "taskName": "starlette.middleware.base.BaseHTTPMiddleware.__call__.<locals>.call_next.<locals>.coro", "ts": 1772395707.4521139, "level": "INFO", "msg": "plugins.resolve exchange_id=COINEX normalized=coinex plugin_id=coinex found=true", "service": "backend", "env": "development", "logger": "app.exchanges.symbols_service", "request_id": "ace984c3-9f62-409a-ad54-2d32b17cd97b"}
backend-1        | {"message": "symbols.plugins.cache.hit", "taskName": "starlette.middleware.base.BaseHTTPMiddleware.__call__.<locals>.call_next.<locals>.coro", "exchange_id": "COINEX", "plugin_id": "coinex", "market": "futures", "key": "plugins:meta:symbols:coinex:futures", "ts": 1772395707.460903, "level": "INFO", "msg": "symbols.plugins.cache.hit", "service": "backend", "env": "development", "logger": "app.exchanges.symbols_service", "request_id": "ace984c3-9f62-409a-ad54-2d32b17cd97b"}
backend-1        | {"message": "symbols.source=plugins reason=coinapi_disabled_or_empty exchange=COINEX count=252", "taskName": "starlette.middleware.base.BaseHTTPMiddleware.__call__.<locals>.call_next.<locals>.coro", "ts": 1772395707.4612854, "level": "INFO", "msg": "symbols.source=plugins reason=coinapi_disabled_or_empty exchange=COINEX count=252", "service": "backend", "env": "development", "logger": "app.exchanges.symbols_service", "request_id": "ace984c3-9f62-409a-ad54-2d32b17cd97b"}
backend-1        | {"message": "plugins.resolve exchange_id=HBDM normalized=hbdm plugin_id=hbdm found=true", "taskName": "starlette.middleware.base.BaseHTTPMiddleware.__call__.<locals>.call_next.<locals>.coro", "ts": 1772395707.517123, "level": "INFO", "msg": "plugins.resolve exchange_id=HBDM normalized=hbdm plugin_id=hbdm found=true", "service": "backend", "env": "development", "logger": "app.exchanges.symbols_service", "request_id": "ace984c3-9f62-409a-ad54-2d32b17cd97b"}
backend-1        | {"message": "symbols.plugins.cache.hit", "taskName": "starlette.middleware.base.BaseHTTPMiddleware.__call__.<locals>.call_next.<locals>.coro", "exchange_id": "HBDM", "plugin_id": "hbdm", "market": "futures", "key": "plugins:meta:symbols:hbdm:futures", "ts": 1772395707.5255823, "level": "INFO", "msg": "symbols.plugins.cache.hit", "service": "backend", "env": "development", "logger": "app.exchanges.symbols_service", "request_id": "ace984c3-9f62-409a-ad54-2d32b17cd97b"}
backend-1        | {"message": "symbols.source=plugins reason=coinapi_disabled_or_empty exchange=HBDM count=208", "taskName": "starlette.middleware.base.BaseHTTPMiddleware.__call__.<locals>.call_next.<locals>.coro", "ts": 1772395707.5259206, "level": "INFO", "msg": "symbols.source=plugins reason=coinapi_disabled_or_empty exchange=HBDM count=208", "service": "backend", "env": "development", "logger": "app.exchanges.symbols_service", "request_id": "ace984c3-9f62-409a-ad54-2d32b17cd97b"}
backend-1        | {"message": "plugins.resolve exchange_id=ASTERFINANCE normalized=asterfinance plugin_id=asterfinance found=true", "taskName": "starlette.middleware.base.BaseHTTPMiddleware.__call__.<locals>.call_next.<locals>.coro", "ts": 1772395707.5897744, "level": "INFO", "msg": "plugins.resolve exchange_id=ASTERFINANCE normalized=asterfinance plugin_id=asterfinance found=true", "service": "backend", "env": "development", "logger": "app.exchanges.symbols_service", "request_id": "ace984c3-9f62-409a-ad54-2d32b17cd97b"}
backend-1        | {"message": "symbols.plugins.cache.hit", "taskName": "starlette.middleware.base.BaseHTTPMiddleware.__call__.<locals>.call_next.<locals>.coro", "exchange_id": "ASTERFINANCE", "plugin_id": "asterfinance", "market": "futures", "key": "plugins:meta:symbols:asterfinance:futures", "ts": 1772395707.5973063, "level": "INFO", "msg": "symbols.plugins.cache.hit", "service": "backend", "env": "development", "logger": "app.exchanges.symbols_service", "request_id": "ace984c3-9f62-409a-ad54-2d32b17cd97b"}
backend-1        | {"message": "symbols.source=plugins reason=coinapi_disabled_or_empty exchange=ASTERFINANCE count=294", "taskName": "starlette.middleware.base.BaseHTTPMiddleware.__call__.<locals>.call_next.<locals>.coro", "ts": 1772395707.5976017, "level": "INFO", "msg": "symbols.source=plugins reason=coinapi_disabled_or_empty exchange=ASTERFINANCE count=294", "service": "backend", "env": "development", "logger": "app.exchanges.symbols_service", "request_id": "ace984c3-9f62-409a-ad54-2d32b17cd97b"}
celery_beat-1    | [2026-03-01 20:08:27,629: INFO/MainProcess] Scheduler: Sending due task scanner.tick (app.tasks.scanner.scanner_tick)
backend-1        | {"message": "plugins.resolve exchange_id=BITMARTFTS normalized=bitmart plugin_id=bitmart found=true", "taskName": "starlette.middleware.base.BaseHTTPMiddleware.__call__.<locals>.call_next.<locals>.coro", "ts": 1772395707.663366, "level": "INFO", "msg": "plugins.resolve exchange_id=BITMARTFTS normalized=bitmart plugin_id=bitmart found=true", "service": "backend", "env": "development", "logger": "app.exchanges.symbols_service", "request_id": "ace984c3-9f62-409a-ad54-2d32b17cd97b"}
backend-1        | {"message": "symbols.plugins.cache.hit", "taskName": "starlette.middleware.base.BaseHTTPMiddleware.__call__.<locals>.call_next.<locals>.coro", "exchange_id": "BITMARTFTS", "plugin_id": "bitmart", "market": "futures", "key": "plugins:meta:symbols:bitmart:futures", "ts": 1772395707.671051, "level": "INFO", "msg": "symbols.plugins.cache.hit", "service": "backend", "env": "development", "logger": "app.exchanges.symbols_service", "request_id": "ace984c3-9f62-409a-ad54-2d32b17cd97b"}
backend-1        | {"message": "symbols.source=plugins reason=coinapi_disabled_or_empty exchange=BITMARTFTS count=616", "taskName": "starlette.middleware.base.BaseHTTPMiddleware.__call__.<locals>.call_next.<locals>.coro", "ts": 1772395707.6713252, "level": "INFO", "msg": "symbols.source=plugins reason=coinapi_disabled_or_empty exchange=BITMARTFTS count=616", "service": "backend", "env": "development", "logger": "app.exchanges.symbols_service", "request_id": "ace984c3-9f62-409a-ad54-2d32b17cd97b"}
celery_worker-1  | [2026-03-01 20:08:27,706: INFO/MainProcess] HTTP Request: GET https://api-cloud-v2.bitmart.com/contract/public/funding-rate?symbol=AINUSDT "HTTP/1.1 200 OK"
backend-1        | {"message": "plugins.resolve exchange_id=COINEX normalized=coinex plugin_id=coinex found=true", "taskName": "starlette.middleware.base.BaseHTTPMiddleware.__call__.<locals>.call_next.<locals>.coro", "ts": 1772395707.739638, "level": "INFO", "msg": "plugins.resolve exchange_id=COINEX normalized=coinex plugin_id=coinex found=true", "service": "backend", "env": "development", "logger": "app.exchanges.symbols_service", "request_id": "ace984c3-9f62-409a-ad54-2d32b17cd97b"}
backend-1        | {"message": "symbols.plugins.cache.hit", "taskName": "starlette.middleware.base.BaseHTTPMiddleware.__call__.<locals>.call_next.<locals>.coro", "exchange_id": "COINEX", "plugin_id": "coinex", "market": "futures", "key": "plugins:meta:symbols:coinex:futures", "ts": 1772395707.7469282, "level": "INFO", "msg": "symbols.plugins.cache.hit", "service": "backend", "env": "development", "logger": "app.exchanges.symbols_service", "request_id": "ace984c3-9f62-409a-ad54-2d32b17cd97b"}
backend-1        | {"message": "symbols.source=plugins reason=coinapi_disabled_or_empty exchange=COINEX count=252", "taskName": "starlette.middleware.base.BaseHTTPMiddleware.__call__.<locals>.call_next.<locals>.coro", "ts": 1772395707.7471893, "level": "INFO", "msg": "symbols.source=plugins reason=coinapi_disabled_or_empty exchange=COINEX count=252", "service": "backend", "env": "development", "logger": "app.exchanges.symbols_service", "request_id": "ace984c3-9f62-409a-ad54-2d32b17cd97b"}
backend-1        | {"message": "plugins.resolve exchange_id=HBDM normalized=hbdm plugin_id=hbdm found=true", "taskName": "starlette.middleware.base.BaseHTTPMiddleware.__call__.<locals>.call_next.<locals>.coro", "ts": 1772395707.81271, "level": "INFO", "msg": "plugins.resolve exchange_id=HBDM normalized=hbdm plugin_id=hbdm found=true", "service": "backend", "env": "development", "logger": "app.exchanges.symbols_service", "request_id": "ace984c3-9f62-409a-ad54-2d32b17cd97b"}
backend-1        | {"message": "symbols.plugins.cache.hit", "taskName": "starlette.middleware.base.BaseHTTPMiddleware.__call__.<locals>.call_next.<locals>.coro", "exchange_id": "HBDM", "plugin_id": "hbdm", "market": "futures", "key": "plugins:meta:symbols:hbdm:futures", "ts": 1772395707.8248348, "level": "INFO", "msg": "symbols.plugins.cache.hit", "service": "backend", "env": "development", "logger": "app.exchanges.symbols_service", "request_id": "ace984c3-9f62-409a-ad54-2d32b17cd97b"}
backend-1        | {"message": "symbols.source=plugins reason=coinapi_disabled_or_empty exchange=HBDM count=208", "taskName": "starlette.middleware.base.BaseHTTPMiddleware.__call__.<locals>.call_next.<locals>.coro", "ts": 1772395707.8258784, "level": "INFO", "msg": "symbols.source=plugins reason=coinapi_disabled_or_empty exchange=HBDM count=208", "service": "backend", "env": "development", "logger": "app.exchanges.symbols_service", "request_id": "ace984c3-9f62-409a-ad54-2d32b17cd97b"}
backend-1        | {"message": "plugins.resolve exchange_id=ASTERFINANCE normalized=asterfinance plugin_id=asterfinance found=true", "taskName": "starlette.middleware.base.BaseHTTPMiddleware.__call__.<locals>.call_next.<locals>.coro", "ts": 1772395707.8903024, "level": "INFO", "msg": "plugins.resolve exchange_id=ASTERFINANCE normalized=asterfinance plugin_id=asterfinance found=true", "service": "backend", "env": "development", "logger": "app.exchanges.symbols_service", "request_id": "ace984c3-9f62-409a-ad54-2d32b17cd97b"}
backend-1        | {"message": "symbols.plugins.cache.hit", "taskName": "starlette.middleware.base.BaseHTTPMiddleware.__call__.<locals>.call_next.<locals>.coro", "exchange_id": "ASTERFINANCE", "plugin_id": "asterfinance", "market": "futures", "key": "plugins:meta:symbols:asterfinance:futures", "ts": 1772395707.8998945, "level": "INFO", "msg": "symbols.plugins.cache.hit", "service": "backend", "env": "development", "logger": "app.exchanges.symbols_service", "request_id": "ace984c3-9f62-409a-ad54-2d32b17cd97b"}
backend-1        | {"message": "scanner.refresh.enqueued", "taskName": "starlette.middleware.base.BaseHTTPMiddleware.__call__.<locals>.call_next.<locals>.coro", "task_id": "042de59c-31f3-41a8-ac41-bc974eaf96ed", "ts": 1772395707.9014432, "level": "INFO", "msg": "scanner.refresh.enqueued", "service": "backend", "env": "development", "logger": "app.api.routers.scanner", "request_id": "3015fc8d-9a8e-4d04-a69d-16008d6bc0da"}
backend-1        | {"message": "symbols.source=plugins reason=coinapi_disabled_or_empty exchange=ASTERFINANCE count=294", "taskName": "starlette.middleware.base.BaseHTTPMiddleware.__call__.<locals>.call_next.<locals>.coro", "ts": 1772395707.901735, "level": "INFO", "msg": "symbols.source=plugins reason=coinapi_disabled_or_empty exchange=ASTERFINANCE count=294", "service": "backend", "env": "development", "logger": "app.exchanges.symbols_service", "request_id": "ace984c3-9f62-409a-ad54-2d32b17cd97b"}
backend-1        | {"message": "plugins.resolve exchange_id=BITMARTFTS normalized=bitmart plugin_id=bitmart found=true", "taskName": "starlette.middleware.base.BaseHTTPMiddleware.__call__.<locals>.call_next.<locals>.coro", "ts": 1772395707.9662971, "level": "INFO", "msg": "plugins.resolve exchange_id=BITMARTFTS normalized=bitmart plugin_id=bitmart found=true", "service": "backend", "env": "development", "logger": "app.exchanges.symbols_service", "request_id": "ace984c3-9f62-409a-ad54-2d32b17cd97b"}
