celery_worker-1  | [2026-03-01 17:13:02,383: INFO/MainProcess] plugins.resolve exchange_id=COINEX normalized=coinex plugin_id=coinex found=true
celery_worker-1  | [2026-03-01 17:13:02,385: INFO/MainProcess] symbols.plugins.cache.hit
celery_worker-1  | [2026-03-01 17:13:02,385: INFO/MainProcess] symbols.source=plugins reason=coinapi_disabled_or_empty exchange=COINEX count=252
celery_worker-1  | [2026-03-01 17:13:02,439: INFO/MainProcess] plugins.resolve exchange_id=HBDM normalized=hbdm plugin_id=hbdm found=true
celery_worker-1  | [2026-03-01 17:13:02,441: INFO/MainProcess] symbols.plugins.cache.hit
celery_worker-1  | [2026-03-01 17:13:02,441: INFO/MainProcess] symbols.source=plugins reason=coinapi_disabled_or_empty exchange=HBDM count=208
celery_worker-1  | [2026-03-01 17:13:02,713: INFO/MainProcess] scanner.tick.done
celery_worker-1  | [2026-03-01 17:13:02,713: INFO/MainProcess] scanner.tick.summary
celery_worker-1  | [2026-03-01 17:13:02,715: INFO/MainProcess] funding.pipeline.trigger
celery_worker-1  | [2026-03-01 17:13:02,716: INFO/MainProcess] funding.refresh.summary
celery_worker-1  | [2026-03-01 17:13:02,717: INFO/MainProcess] funding.pipeline.result
celery_worker-1  | [2026-03-01 17:13:02,717: INFO/MainProcess] scanner.tick.done
celery_worker-1  | [2026-03-01 17:13:02,717: INFO/MainProcess] Task app.tasks.scanner.scanner_tick[20f6707b-a712-4afe-b16f-92e2ae11cb91] succeeded in 1.1311636110003747s: 0
celery_beat-1    | [2026-03-01 17:13:04,600: INFO/MainProcess] Scheduler: Sending due task scanner.tick (app.tasks.scanner.scanner_tick)
celery_worker-1  | [2026-03-01 17:13:04,601: INFO/MainProcess] Task app.tasks.scanner.scanner_tick[6ac2af40-6492-4d07-940e-755c0102638c] received
celery_worker-1  | [2026-03-01 17:13:04,612: INFO/MainProcess] exchanges.enabled.file_probe resolved_path=/app/config/ex.json exists=True cwd=/app file_path=/app/config/ex.json size=449 mtime=2026-03-01T11:29:03.445839+00:00
celery_worker-1  | [2026-03-01 17:13:04,614: INFO/MainProcess] exchanges.enabled.source=file path=./config/ex.json mtime=2026-03-01T11:29:03.445839+00:00 count=4 raw_sample=['asterfinance', 'bitmart', 'coinex', 'hbdm'] normalized_sample=['asterfinance', 'bitmart', 'coinex', 'hbdm']
celery_worker-1  | [2026-03-01 17:13:04,614: INFO/MainProcess] scanner.tick.start
celery_worker-1  | [2026-03-01 17:13:04,617: INFO/MainProcess] scanner.tick.start
celery_worker-1  | [2026-03-01 17:13:04,617: INFO/MainProcess] scanner.tick.settings
celery_worker-1  | [2026-03-01 17:13:04,697: INFO/MainProcess] scanner.tick.pairs_loaded
celery_worker-1  | [2026-03-01 17:13:04,701: INFO/MainProcess] scanner.tick.coinapi_enabled=0 plugins_data_path=on
celery_worker-1  | [2026-03-01 17:13:04,701: INFO/MainProcess] scanner.tick.plugins_mode
celery_worker-1  | [2026-03-01 17:13:04,736: INFO/MainProcess] plugins.resolve exchange_id=ASTERFINANCE normalized=asterfinance plugin_id=asterfinance found=true
celery_worker-1  | [2026-03-01 17:13:04,737: WARNING/MainProcess] symbols.plugins.cache.read_failed
celery_worker-1  | [2026-03-01 17:13:04,737: INFO/MainProcess] symbols.plugins.cache.miss
celery_worker-1  | [2026-03-01 17:13:05,508: INFO/MainProcess] HTTP Request: GET https://fapi.asterdex.com/fapi/v1/exchangeInfo "HTTP/1.1 200 OK"
celery_worker-1  | [2026-03-01 17:13:05,521: INFO/MainProcess] asterfinance.instruments.summary raw=363 perp=294 sample=['0GUSDT', '1000BONKUSDT', '1000CHEEMSUSDT', '1000FLOKIUSDT', '1000LUNCUSDT']
celery_worker-1  | [2026-03-01 17:13:05,525: INFO/MainProcess] symbols.plugins.cache.write
celery_worker-1  | [2026-03-01 17:13:05,526: INFO/MainProcess] symbols.source=plugins reason=coinapi_disabled_or_empty exchange=ASTERFINANCE count=294
celery_worker-1  | [2026-03-01 17:13:05,566: INFO/MainProcess] plugins.resolve exchange_id=BITMARTFTS normalized=bitmart plugin_id=bitmart found=true
celery_worker-1  | [2026-03-01 17:13:05,569: INFO/MainProcess] symbols.plugins.cache.hit
celery_worker-1  | [2026-03-01 17:13:05,569: INFO/MainProcess] symbols.source=plugins reason=coinapi_disabled_or_empty exchange=BITMARTFTS count=616
celery_worker-1  | [2026-03-01 17:13:05,596: INFO/MainProcess] plugins.resolve exchange_id=COINEX normalized=coinex plugin_id=coinex found=true
celery_worker-1  | [2026-03-01 17:13:05,598: INFO/MainProcess] symbols.plugins.cache.hit
celery_worker-1  | [2026-03-01 17:13:05,598: INFO/MainProcess] symbols.source=plugins reason=coinapi_disabled_or_empty exchange=COINEX count=252
celery_worker-1  | [2026-03-01 17:13:05,624: INFO/MainProcess] plugins.resolve exchange_id=HBDM normalized=hbdm plugin_id=hbdm found=true
celery_worker-1  | [2026-03-01 17:13:05,626: INFO/MainProcess] symbols.plugins.cache.hit
celery_worker-1  | [2026-03-01 17:13:05,627: INFO/MainProcess] symbols.source=plugins reason=coinapi_disabled_or_empty exchange=HBDM count=208
backend-1        | {"message": "http.request", "taskName": "Task-8088", "request_id": "3999ed20-db17-4425-acbc-ac0276a71c88", "method": "GET", "path": "/health", "status_code": 200, "duration_ms": 4.42, "ts": 1772385185.860585, "level": "INFO", "msg": "http.request", "service": "backend", "env": "development", "logger": "app.access"}
celery_worker-1  | [2026-03-01 17:13:05,901: INFO/MainProcess] scanner.tick.done
celery_worker-1  | [2026-03-01 17:13:05,901: INFO/MainProcess] scanner.tick.summary
celery_worker-1  | [2026-03-01 17:13:05,903: INFO/MainProcess] funding.pipeline.trigger
celery_worker-1  | [2026-03-01 17:13:05,905: INFO/MainProcess] funding.refresh.summary
celery_worker-1  | [2026-03-01 17:13:05,905: INFO/MainProcess] funding.pipeline.result
celery_worker-1  | [2026-03-01 17:13:05,905: INFO/MainProcess] scanner.tick.done
celery_worker-1  | [2026-03-01 17:13:05,906: INFO/MainProcess] Task app.tasks.scanner.scanner_tick[6ac2af40-6492-4d07-940e-755c0102638c] succeeded in 1.3045410539998556s: 0
celery_beat-1    | [2026-03-01 17:13:09,600: INFO/MainProcess] Scheduler: Sending due task scanner.tick (app.tasks.scanner.scanner_tick)


celery_worker-1  | [2026-03-01 17:13:09,613: INFO/MainProcess] exchanges.enabled.file_probe resolved_path=/app/config/ex.json exists=True cwd=/app file_path=/app/config/ex.json size=449 mtime=2026-03-01T11:29:03.445839+00:00
celery_worker-1  | [2026-03-01 17:13:09,615: INFO/MainProcess] exchanges.enabled.source=file path=./config/ex.json mtime=2026-03-01T11:29:03.445839+00:00 count=4 raw_sample=['asterfinance', 'bitmart', 'coinex', 'hbdm'] normalized_sample=['asterfinance', 'bitmart', 'coinex', 'hbdm']
celery_worker-1  | [2026-03-01 17:13:09,615: INFO/MainProcess] scanner.tick.start
celery_worker-1  | [2026-03-01 17:13:09,619: INFO/MainProcess] scanner.tick.start
celery_worker-1  | [2026-03-01 17:13:09,619: INFO/MainProcess] scanner.tick.settings
celery_worker-1  | [2026-03-01 17:13:09,639: INFO/MainProcess] scanner.tick.pairs_loaded
celery_worker-1  | [2026-03-01 17:13:09,643: INFO/MainProcess] scanner.tick.coinapi_enabled=0 plugins_data_path=on
celery_worker-1  | [2026-03-01 17:13:09,643: INFO/MainProcess] scanner.tick.plugins_mode
celery_worker-1  | [2026-03-01 17:13:09,669: INFO/MainProcess] plugins.resolve exchange_id=ASTERFINANCE normalized=asterfinance plugin_id=asterfinance found=true
celery_worker-1  | [2026-03-01 17:13:09,669: WARNING/MainProcess] symbols.plugins.cache.read_failed
celery_worker-1  | [2026-03-01 17:13:09,669: INFO/MainProcess] symbols.plugins.cache.miss
celery_worker-1  | [2026-03-01 17:13:11,125: INFO/MainProcess] HTTP Request: GET https://fapi.asterdex.com/fapi/v1/exchangeInfo "HTTP/1.1 200 OK"
celery_worker-1  | [2026-03-01 17:13:11,132: INFO/MainProcess] asterfinance.instruments.summary raw=363 perp=294 sample=['0GUSDT', '1000BONKUSDT', '1000CHEEMSUSDT', '1000FLOKIUSDT', '1000LUNCUSDT']
celery_worker-1  | [2026-03-01 17:13:11,136: INFO/MainProcess] symbols.plugins.cache.write
celery_worker-1  | [2026-03-01 17:13:11,137: INFO/MainProcess] symbols.source=plugins reason=coinapi_disabled_or_empty exchange=ASTERFINANCE count=294
celery_worker-1  | [2026-03-01 17:13:11,163: INFO/MainProcess] plugins.resolve exchange_id=BITMARTFTS normalized=bitmart plugin_id=bitmart found=true
celery_worker-1  | [2026-03-01 17:13:11,167: INFO/MainProcess] symbols.plugins.cache.hit
celery_worker-1  | [2026-03-01 17:13:11,168: INFO/MainProcess] symbols.source=plugins reason=coinapi_disabled_or_empty exchange=BITMARTFTS count=616
celery_worker-1  | [2026-03-01 17:13:11,197: INFO/MainProcess] plugins.resolve exchange_id=COINEX normalized=coinex plugin_id=coinex found=true
celery_worker-1  | [2026-03-01 17:13:11,199: INFO/MainProcess] symbols.plugins.cache.hit
celery_worker-1  | [2026-03-01 17:13:11,200: INFO/MainProcess] symbols.source=plugins reason=coinapi_disabled_or_empty exchange=COINEX count=252
celery_worker-1  | [2026-03-01 17:13:11,227: INFO/MainProcess] plugins.resolve exchange_id=HBDM normalized=hbdm plugin_id=hbdm found=true
celery_worker-1  | [2026-03-01 17:13:11,229: INFO/MainProcess] symbols.plugins.cache.hit
celery_worker-1  | [2026-03-01 17:13:11,230: INFO/MainProcess] symbols.source=plugins reason=coinapi_disabled_or_empty exchange=HBDM count=208
nginx-1          | 127.0.0.1 - - [01/Mar/2026:17:13:11 +0000] "GET / HTTP/1.1" 200 1690 "-" "curl/8.12.1" "-"
celery_worker-1  | [2026-03-01 17:13:11,501: INFO/MainProcess] scanner.tick.done
celery_worker-1  | [2026-03-01 17:13:11,501: INFO/MainProcess] scanner.tick.summary
celery_worker-1  | [2026-03-01 17:13:11,503: INFO/MainProcess] funding.pipeline.trigger
celery_worker-1  | [2026-03-01 17:13:11,505: INFO/MainProcess] funding.refresh.summary
celery_worker-1  | [2026-03-01 17:13:11,506: INFO/MainProcess] funding.pipeline.result
celery_worker-1  | [2026-03-01 17:13:11,506: INFO/MainProcess] scanner.tick.done
celery_worker-1  | [2026-03-01 17:13:11,506: INFO/MainProcess] Task app.tasks.scanner.scanner_tick[c24ff337-6d70-410a-8f84-e70c3ae728ad] succeeded in 1.9047583760002453s: 0


celery_worker-1  | [2026-03-01 17:13:14,601: INFO/MainProcess] Task app.tasks.scanner.scanner_tick[d4e108da-e778-419e-88ed-58e0e30bd228] received
celery_beat-1    | [2026-03-01 17:13:14,600: INFO/MainProcess] Scheduler: Sending due task scanner.tick (app.tasks.scanner.scanner_tick)
celery_worker-1  | [2026-03-01 17:13:14,613: INFO/MainProcess] exchanges.enabled.file_probe resolved_path=/app/config/ex.json exists=True cwd=/app file_path=/app/config/ex.json size=449 mtime=2026-03-01T11:29:03.445839+00:00
celery_worker-1  | [2026-03-01 17:13:14,615: INFO/MainProcess] exchanges.enabled.source=file path=./config/ex.json mtime=2026-03-01T11:29:03.445839+00:00 count=4 raw_sample=['asterfinance', 'bitmart', 'coinex', 'hbdm'] normalized_sample=['asterfinance', 'bitmart', 'coinex', 'hbdm']
celery_worker-1  | [2026-03-01 17:13:14,615: INFO/MainProcess] scanner.tick.start
celery_worker-1  | [2026-03-01 17:13:14,620: INFO/MainProcess] scanner.tick.start
celery_worker-1  | [2026-03-01 17:13:14,620: INFO/MainProcess] scanner.tick.settings
celery_worker-1  | [2026-03-01 17:13:14,641: INFO/MainProcess] scanner.tick.pairs_loaded
celery_worker-1  | [2026-03-01 17:13:14,646: INFO/MainProcess] scanner.tick.coinapi_enabled=0 plugins_data_path=on
celery_worker-1  | [2026-03-01 17:13:14,646: INFO/MainProcess] scanner.tick.plugins_mode
celery_worker-1  | [2026-03-01 17:13:14,699: INFO/MainProcess] plugins.resolve exchange_id=ASTERFINANCE normalized=asterfinance plugin_id=asterfinance found=true
celery_worker-1  | [2026-03-01 17:13:14,699: WARNING/MainProcess] symbols.plugins.cache.read_failed
celery_worker-1  | [2026-03-01 17:13:14,699: INFO/MainProcess] symbols.plugins.cache.miss
celery_worker-1  | [2026-03-01 17:13:15,536: INFO/MainProcess] HTTP Request: GET https://fapi.asterdex.com/fapi/v1/exchangeInfo "HTTP/1.1 200 OK"
celery_worker-1  | [2026-03-01 17:13:15,542: INFO/MainProcess] asterfinance.instruments.summary raw=363 perp=294 sample=['0GUSDT', '1000BONKUSDT', '1000CHEEMSUSDT', '1000FLOKIUSDT', '1000LUNCUSDT']
celery_worker-1  | [2026-03-01 17:13:15,544: INFO/MainProcess] symbols.plugins.cache.write
celery_worker-1  | [2026-03-01 17:13:15,545: INFO/MainProcess] symbols.source=plugins reason=coinapi_disabled_or_empty exchange=ASTERFINANCE count=294
celery_worker-1  | [2026-03-01 17:13:15,584: INFO/MainProcess] plugins.resolve exchange_id=BITMARTFTS normalized=bitmart plugin_id=bitmart found=true
celery_worker-1  | [2026-03-01 17:13:15,588: INFO/MainProcess] symbols.plugins.cache.hit
celery_worker-1  | [2026-03-01 17:13:15,589: INFO/MainProcess] symbols.source=plugins reason=coinapi_disabled_or_empty exchange=BITMARTFTS count=616
nginx-1          | 172.18.0.1 - - [01/Mar/2026:17:13:15 +0000] "GET / HTTP/1.1" 200 1690 "-" "Mozilla/5.0 (Windows NT 10.0; Win64; x64) AppleWebKit/537.36 (KHTML, like Gecko) Chrome/142.0.0.0 YaBrowser/25.12.0.0 Safari/537.36" "-"
celery_worker-1  | [2026-03-01 17:13:15,634: INFO/MainProcess] plugins.resolve exchange_id=COINEX normalized=coinex plugin_id=coinex found=true
celery_worker-1  | [2026-03-01 17:13:15,637: INFO/MainProcess] symbols.plugins.cache.hit
celery_worker-1  | [2026-03-01 17:13:15,637: INFO/MainProcess] symbols.source=plugins reason=coinapi_disabled_or_empty exchange=COINEX count=252
celery_worker-1  | [2026-03-01 17:13:15,678: INFO/MainProcess] plugins.resolve exchange_id=HBDM normalized=hbdm plugin_id=hbdm found=true
celery_worker-1  | [2026-03-01 17:13:15,680: INFO/MainProcess] symbols.plugins.cache.hit
celery_worker-1  | [2026-03-01 17:13:15,681: INFO/MainProcess] symbols.source=plugins reason=coinapi_disabled_or_empty exchange=HBDM count=208
nginx-1          | 172.18.0.1 - - [01/Mar/2026:17:13:15 +0000] "GET /assets/index-ZL4cessj.js HTTP/1.1" 200 375807 "http://localhost:8080/" "Mozilla/5.0 (Windows NT 10.0; Win64; x64) AppleWebKit/537.36 (KHTML, like Gecko) Chrome/142.0.0.0 YaBrowser/25.12.0.0 Safari/537.36" "-"
nginx-1          | 172.18.0.1 - - [01/Mar/2026:17:13:15 +0000] "GET /assets/index-ZBiJBbfL.css HTTP/1.1" 200 34874 "http://localhost:8080/" "Mozilla/5.0 (Windows NT 10.0; Win64; x64) AppleWebKit/537.36 (KHTML, like Gecko) Chrome/142.0.0.0 YaBrowser/25.12.0.0 Safari/537.36" "-"
backend-1        | {"message": "http.request", "taskName": "Task-15010", "request_id": "99a540ba-bb3c-4e2a-96a4-d1cd96eff82b", "method": "GET", "path": "/health", "status_code": 200, "duration_ms": 24.73, "ts": 1772385196.0733519, "level": "INFO", "msg": "http.request", "service": "backend", "env": "development", "logger": "app.access"}
celery_worker-1  | [2026-03-01 17:13:16,084: INFO/MainProcess] scanner.tick.done
celery_worker-1  | [2026-03-01 17:13:16,084: INFO/MainProcess] scanner.tick.summary
celery_worker-1  | [2026-03-01 17:13:16,087: INFO/MainProcess] funding.pipeline.trigger
celery_worker-1  | [2026-03-01 17:13:16,090: INFO/MainProcess] funding.refresh.summary
celery_worker-1  | [2026-03-01 17:13:16,091: INFO/MainProcess] funding.pipeline.result
celery_worker-1  | [2026-03-01 17:13:16,091: INFO/MainProcess] scanner.tick.done
celery_worker-1  | [2026-03-01 17:13:16,092: INFO/MainProcess] Task app.tasks.scanner.scanner_tick[d4e108da-e778-419e-88ed-58e0e30bd228] succeeded in 1.4907165219992748s: 0
nginx-1          | 172.18.0.1 - - [01/Mar/2026:17:13:16 +0000] "GET /assets/SeoMeta-DvcNRpEk.js HTTP/1.1" 200 1800 "-" "Mozilla/5.0 (Windows NT 10.0; Win64; x64) AppleWebKit/537.36 (KHTML, like Gecko) Chrome/142.0.0.0 YaBrowser/25.12.0.0 Safari/537.36" "-"
nginx-1          | 172.18.0.1 - - [01/Mar/2026:17:13:16 +0000] "GET /assets/LandingPage-CUfGS4uq.js HTTP/1.1" 200 12231 "-" "Mozilla/5.0 (Windows NT 10.0; Win64; x64) AppleWebKit/537.36 (KHTML, like Gecko) Chrome/142.0.0.0 YaBrowser/25.12.0.0 Safari/537.36" "-"
nginx-1          | 172.18.0.1 - - [01/Mar/2026:17:13:16 +0000] "GET /assets/logo.svg HTTP/1.1" 200 446 "http://localhost:8080/" "Mozilla/5.0 (Windows NT 10.0; Win64; x64) AppleWebKit/537.36 (KHTML, like Gecko) Chrome/142.0.0.0 YaBrowser/25.12.0.0 Safari/537.36" "-"
backend-1        | {"message": "auth.session_expired", "taskName": "starlette.middleware.base.BaseHTTPMiddleware.__call__.<locals>.call_next.<locals>.coro", "event": "auth.session_expired", "user_id": "0d9ae1ae-7b54-45f9-aefc-a5478f731034", "jti": "f290a904d26a4a1998b8bef7e1105983", "reason": "expired", "request_id": "f65b4b99-3c55-4f3d-b295-d67b2a90685f", "ip": "172.18.0.5", "user_agent": "Mozilla/5.0 (Windows NT 10.0; Win64; x64) AppleWebKit/537.36 (KHTML, like Gecko) Chrome/142.0.0.0 YaBrowser/25.12.0.0 Safari/537.36", "timestamp": "2026-03-01T17:13:16.282839+00:00", "ts": 1772385196.2828765, "level": "INFO", "msg": "auth.session_expired", "service": "backend", "env": "development", "logger": "app.api.deps.auth"}
nginx-1          | 172.18.0.1 - - [01/Mar/2026:17:13:16 +0000] "GET /api/auth/me HTTP/1.1" 401 86 "http://localhost:8080/" "Mozilla/5.0 (Windows NT 10.0; Win64; x64) AppleWebKit/537.36 (KHTML, like Gecko) Chrome/142.0.0.0 YaBrowser/25.12.0.0 Safari/537.36" "-"
backend-1        | {"message": "http.request", "taskName": "Task-15049", "request_id": "f65b4b99-3c55-4f3d-b295-d67b2a90685f", "method": "GET", "path": "/api/auth/me", "status_code": 401, "duration_ms": 29.42, "ts": 1772385196.2839565, "level": "INFO", "msg": "http.request", "service": "backend", "env": "development", "logger": "app.access"}


backend-1        | {"message": "http.request", "taskName": "Task-15057", "request_id": "5250be03-43f8-4e97-b895-fba62b7b7e4c", "method": "GET", "path": "/api/content", "status_code": 200, "duration_ms": 57.9, "ts": 1772385196.3627467, "level": "INFO", "msg": "http.request", "service": "backend", "env": "development", "logger": "app.access"}
nginx-1          | 172.18.0.1 - - [01/Mar/2026:17:13:16 +0000] "GET /api/content HTTP/1.1" 200 4635 "http://localhost:8080/" "Mozilla/5.0 (Windows NT 10.0; Win64; x64) AppleWebKit/537.36 (KHTML, like Gecko) Chrome/142.0.0.0 YaBrowser/25.12.0.0 Safari/537.36" "-"




backend-1        | {"message": "http.request", "taskName": "Task-15059", "request_id": "a40fd986-e287-423d-88a1-ff5acf13e2c6", "method": "GET", "path": "/api/plans", "status_code": 200, "duration_ms": 65.13, "ts": 1772385196.381951, "level": "INFO", "msg": "http.request", "service": "backend", "env": "development", "logger": "app.access"}
nginx-1          | 172.18.0.1 - - [01/Mar/2026:17:13:16 +0000] "GET /api/plans HTTP/1.1" 200 1057 "http://localhost:8080/" "Mozilla/5.0 (Windows NT 10.0; Win64; x64) AppleWebKit/537.36 (KHTML, like Gecko) Chrome/142.0.0.0 YaBrowser/25.12.0.0 Safari/537.36" "-"


backend-1        | {"message": "http.request", "taskName": "Task-15066", "request_id": "4a560fe0-e6e0-4454-8df3-8205861f9824", "method": "GET", "path": "/api/content", "status_code": 200, "duration_ms": 12.19, "ts": 1772385196.3839595, "level": "INFO", "msg": "http.request", "servi
nginx-1          | 172.18.0.1 - - [01/Mar/2026:17:13:16 +0000] "GET /api/content HTTP/1.1" 200 4635 "http://localhost:8080/" "Mozilla/5.0 (Windows NT 10.0; Win64; x64) AppleWebKit/537.36 (KHTML, like Gecko) Chrome/142.0.0.0 YaBrowser/25.12.0.0 Safari/537.36" "-"
backend-1        | {"message": "auth.login_success", "taskName": "starlette.middleware.base.BaseHTTPMiddleware.__call__.<locals>.call_next.<locals>.coro", "event": "auth.login_success", "user_id": "6805dd4b-b559-475d-8cb3-a5c7502f8699", "jti": "afcec1a92124422fbdb9f25a330f5ba0", "reason": "credentials", "request_id": "6c247c57-6a71-4487-a06a-21ef8c349e49", "ip": "172.18.0.5", "user_agent": "Mozilla/5.0 (Windows NT 10.0; Win64; x64) AppleWebKit/537.36 (KHTML, like Gecko) Chrome/142.0.0.0 YaBrowser/25.12.0.0 Safari/537.36", "timestamp": "2026-03-01T17:13:17.421212+00:00", "email": "admin@example.com", "ts": 1772385197.421244, "level": "INFO", "msg": "auth.login_success", "service": "backend", "env": "development", "logger": "app.services.auth_service"}
nginx-1          | 172.18.0.1 - - [01/Mar/2026:17:13:17 +0000] "POST /api/auth/login HTTP/1.1" 200 620 "http://localhost:8080/" "Mozilla/5.0 (Windows NT 10.0; Win64; x64) AppleWebKit/537.36 (KHTML, like Gecko) Chrome/142.0.0.0 YaBrowser/25.12.0.0 Safari/537.36" "-"
backend-1        | {"message": "http.request", "taskName": "Task-15288", "request_id": "6c247c57-6a71-4487-a06a-21ef8c349e49", "method": "POST", "path": "/api/auth/login", "status_code": 200, "duration_ms": 224.52, "ts": 1772385197.42221, "level": "INFO", "msg": "http.request", "service": "backend", "env": "development", "logger": "app.access"}
nginx-1          | 172.18.0.1 - - [01/Mar/2026:17:13:17 +0000] "GET /assets/ProfilePage-C3VxuhqI.js HTTP/1.1" 200 6910 "-" "Mozilla/5.0 (Windows NT 10.0; Win64; x64) AppleWebKit/537.36 (KHTML, like Gecko) Chrome/142.0.0.0 YaBrowser/25.12.0.0 Safari/537.36" "-"
nginx-1          | 172.18.0.1 - - [01/Mar/2026:17:13:18 +0000] "GET /assets/ScannerPage-exEJZyVT.js HTTP/1.1" 200 104821 "-" "Mozilla/5.0 (Windows NT 10.0; Win64; x64) AppleWebKit/537.36 (KHTML, like Gecko) Chrome/142.0.0.0 YaBrowser/25.12.0.0 Safari/537.36" "-"
nginx-1          | 172.18.0.1 - - [01/Mar/2026:17:13:18 +0000] "GET /assets/lightweight-charts.production-DT4nR-EQ.js HTTP/1.1" 200 163960 "-" "Mozilla/5.0 (Windows NT 10.0; Win64; x64) AppleWebKit/537.36 (KHTML, like Gecko) Chrome/142.0.0.0 YaBrowser/25.12.0.0 Safari/537.36" "-"
backend-1        | {"message": "http.request", "taskName": "Task-15661", "request_id": "db090b82-455c-41a5-bcb7-cb8a951d2650", "method": "GET", "path": "/api/health", "status_code": 200, "duration_ms": 13.86, "ts": 1772385198.5950768, "level": "INFO", "msg": "http.request", "service": "backend", "env": "development", "logger": "app.access"}
nginx-1          | 172.18.0.1 - - [01/Mar/2026:17:13:18 +0000] "GET /api/health HTTP/1.1" 200 111 "http://localhost:8080/scanner" "Mozilla/5.0 (Windows NT 10.0; Win64; x64) AppleWebKit/537.36 (KHTML, like Gecko) Chrome/142.0.0.0 YaBrowser/25.12.0.0 Safari/537.36" "-"
backend-1        | {"message": "http.request", "taskName": "Task-15663", "request_id": "524d08f3-9b92-4863-8303-53636874665b", "method": "GET", "path": "/api/meta/exchanges", "status_code": 200, "duration_ms": 11.89, "ts": 1772385198.5956323, "level": "INFO", "msg": "http.request", "service": "backend", "env": "development", "logger": "app.access"}
nginx-1          | 172.18.0.1 - - [01/Mar/2026:17:13:18 +0000] "GET /api/meta/exchanges HTTP/1.1" 200 3690 "http://localhost:8080/scanner" "Mozilla/5.0 (Windows NT 10.0; Win64; x64) AppleWebKit/537.36 (KHTML, like Gecko) Chrome/142.0.0.0 YaBrowser/25.12.0.0 Safari/537.36" "-"
backend-1        | {"message": "http.request", "taskName": "Task-15666", "request_id": "decae485-3843-414d-ab5f-2167d90e3185", "method": "GET", "path": "/api/scanner/provider-health", "status_code": 200, "duration_ms": 19.9, "ts": 1772385198.623316, "level": "INFO", "msg": "http.request", "service": "backend", "env": "development", "logger": "app.access"}
nginx-1          | 172.18.0.1 - - [01/Mar/2026:17:13:18 +0000] "GET /api/scanner/provider-health HTTP/1.1" 200 42 "http://localhost:8080/scanner" "Mozilla/5.0 (Windows NT 10.0; Win64; x64) AppleWebKit/537.36 (KHTML, like Gecko) Chrome/142.0.0.0 YaBrowser/25.12.0.0 Safari/537.36" "-"
backend-1        | {"message": "pairs.initial", "taskName": "starlette.middleware.base.BaseHTTPMiddleware.__call__.<locals>.call_next.<locals>.coro", "user_id": "6805dd4b-b559-475d-8cb3-a5c7502f8699", "paywall": false, "batch_size": 1500, "limit": 1500, "ts": 1772385198.698095, "level": "INFO", "msg": "pairs.initial", "service": "backend", "env": "development", "logger": "app.api.routers.pairs_v1", "request_id": "b9c9490c-82d6-4c90-b607-26fef1c11264"}
backend-1        | {"message": "http.request", "taskName": "Task-15659", "request_id": "b9c9490c-82d6-4c90-b607-26fef1c11264", "method": "GET", "path": "/api/v1/pairs/initial", "status_code": 200, "duration_ms": 170.13, "ts": 1772385198.7328455, "level": "INFO", "msg": "http.request", "service": "backend", "env": "development", "logger": "app.access"}
nginx-1          | 172.18.0.1 - - [01/Mar/2026:17:13:18 +0000] "GET /api/v1/pairs/initial?page=1&page_size=5000 HTTP/1.1" 200 2779615 "http://localhost:8080/scanner" "Mozilla/5.0 (Windows NT 10.0; Win64; x64) AppleWebKit/537.36 (KHTML, like Gecko) Chrome/142.0.0.0 YaBrowser/25.12.0.0 Safari/537.36" "-"
backend-1        | {"message": "plugins.resolve exchange_id=ASTERFINANCE normalized=asterfinance plugin_id=asterfinance found=true", "taskName": "starlette.middleware.base.BaseHTTPMiddleware.__call__.<locals>.call_next.<locals>.coro", "ts": 1772385199.5393045, "level": "INFO", "msg": "plugins.resolve exchange_id=ASTERFINANCE normalized=asterfinance plugin_id=asterfinance found=true", "service": "backend", "env": "development", "logger": "app.exchanges.symbols_service", "request_id": "2680ced8-676b-440d-9246-99dfe41d64c0"}
backend-1        | {"message": "symbols.plugins.cache.hit", "taskName": "starlette.middleware.base.BaseHTTPMiddleware.__call__.<locals>.call_next.<locals>.coro", "exchange_id": "ASTERFINANCE", "plugin_id": "asterfinance", "market": "futures", "key": "plugins:meta:symbols:asterfinance:futures", "ts": 1772385199.5406668, "level": "INFO", "msg": "symbols.plugins.cache.hit", "service": "backend", "env": "development", "logger": "app.exchanges.symbols_service", "request_id": "2680ced8-676b-440d-9246-99dfe41d64c0"}
backend-1        | {"message": "symbols.source=plugins reason=coinapi_disabled_or_empty exchange=ASTERFINANCE count=294", "taskName": "starlette.middleware.base.BaseHTTPMiddleware.__call__.<locals>.call_next.<locals>.coro", "ts": 1772385199.545714, "level": "INFO", "msg": "symbols.source=plugins reason=coinapi_disabled_or_empty exchange=ASTERFINANCE count=294", "service": "backend", "env": "development", "logger": "app.exchanges.symbols_service", "request_id": "2680ced8-676b-440d-9246-99dfe41d64c0"}
backend-1        | {"message": "plugins.resolve exchange_id=COINEX normalized=coinex plugin_id=coinex found=true", "taskName": "starlette.middleware.base.BaseHTTPMiddleware.__call__.<locals>.call_next.<locals>.coro", "ts": 1772385199.584099, "level": "INFO", "msg": "plugins.resolve exchange_id=COINEX normalized=coinex plugin_id=coinex found=true", "service": "backend", "env": "development", "logger": "app.exchanges.symbols_service", "request_id": "2680ced8-676b-440d-9246-99dfe41d64c0"}
backend-1        | {"message": "symbols.plugins.cache.hit", "taskName": "starlette.middleware.base.BaseHTTPMiddleware.__call__.<locals>.call_next.<locals>.coro", "exchange_id": "COINEX", "plugin_id": "coinex", "market": "futures", "key": "plugins:meta:symbols:coinex:futures", "ts": 1772385199.5893962, "level": "INFO", "msg": "symbols.plugins.cache.hit", "service": "backend", "env": "development", "logger": "app.exchanges.symbols_service", "request_id": "2680ced8-676b-440d-9246-99dfe41d64c0"}
backend-1        | {"message": "symbols.source=plugins reason=coinapi_disabled_or_empty exchange=COINEX count=252", "taskName": "starlette.middleware.base.BaseHTTPMiddleware.__call__.<locals>.call_next.<locals>.coro", "ts": 1772385199.5986009, "level": "INFO", "msg": "symbols.source=plugins reason=coinapi_disabled_or_empty exchange=COINEX count=252", "service": "backend", "env": "development", "logger": "app.exchanges.symbols_service", "request_id": "2680ced8-676b-440d-9246-99dfe41d64c0"}
celery_beat-1    | [2026-03-01 17:13:19,600: INFO/MainProcess] Scheduler: Sending due task scanner.tick (app.tasks.scanner.scanner_tick)
celery_worker-1  | [2026-03-01 17:13:19,602: INFO/MainProcess] Task app.tasks.scanner.scanner_tick[c4bb8e2b-1277-4c53-a343-f48cb04d89e6] received


celery_worker-1  | [2026-03-01 17:13:19,612: INFO/MainProcess] exchanges.enabled.file_probe resolved_path=/app/config/ex.json exists=True cwd=/app file_path=/app/config/ex.json size=449 mtime=2026-03-01T11:29:03.445839+00:00
celery_worker-1  | [2026-03-01 17:13:19,614: INFO/MainProcess] exchanges.enabled.source=file path=./config/ex.json mtime=2026-03-01T11:29:03.445839+00:00 count=4 raw_sample=['asterfinance', 'bitmart', 'coinex', 'hbdm'] normalized_sample=['asterfinance', 'bitmart', 'coinex', 'hbdm']
celery_worker-1  | [2026-03-01 17:13:19,614: INFO/MainProcess] scanner.tick.start
celery_worker-1  | [2026-03-01 17:13:19,619: INFO/MainProcess] scanner.tick.start
celery_worker-1  | [2026-03-01 17:13:19,619: INFO/MainProcess] scanner.tick.settings
celery_worker-1  | [2026-03-01 17:13:19,640: INFO/MainProcess] scanner.tick.pairs_loaded
celery_worker-1  | [2026-03-01 17:13:19,646: INFO/MainProcess] scanner.tick.coinapi_enabled=0 plugins_data_path=on
celery_worker-1  | [2026-03-01 17:13:19,646: INFO/MainProcess] scanner.tick.plugins_mode
backend-1        | {"message": "plugins.resolve exchange_id=HBDM normalized=hbdm plugin_id=hbdm found=true", "taskName": "starlette.middleware.base.BaseHTTPMiddleware.__call__.<locals>.call_next.<locals>.coro", "ts": 1772385199.652649, "level": "INFO", "msg": "plugins.resolve exchange_id=HBDM normalized=hbdm plugin_id=hbdm found=true", "service": "backend", "env": "development", "logger": "app.exchanges.symbols_service", "request_id": "2680ced8-676b-440d-9246-99dfe41d64c0"}
backend-1        | {"message": "symbols.plugins.cache.hit", "taskName": "starlette.middleware.base.BaseHTTPMiddleware.__call__.<locals>.call_next.<locals>.coro", "exchange_id": "HBDM", "plugin_id": "hbdm", "market": "futures", "key": "plugins:meta:symbols:hbdm:futures", "ts": 1772385199.6620398, "level": "INFO", "msg": "symbols.plugins.cache.hit", "service": "backend", "env": "development", "logger": "app.exchanges.symbols_service", "request_id": "2680ced8-676b-440d-9246-99dfe41d64c0"}
backend-1        | {"message": "symbols.source=plugins reason=coinapi_disabled_or_empty exchange=HBDM count=208", "taskName": "starlette.middleware.base.BaseHTTPMiddleware.__call__.<locals>.call_next.<locals>.coro", "ts": 1772385199.6625092, "level": "INFO", "msg": "symbols.source=plugins reason=coinapi_disabled_or_empty exchange=HBDM count=208", "service": "backend", "env": "development", "logger": "app.exchanges.symbols_service", "request_id": "2680ced8-676b-440d-9246-99dfe41d64c0"}
celery_worker-1  | [2026-03-01 17:13:19,685: INFO/MainProcess] plugins.resolve exchange_id=ASTERFINANCE normalized=asterfinance plugin_id=asterfinance found=true
celery_worker-1  | [2026-03-01 17:13:19,685: WARNING/MainProcess] symbols.plugins.cache.read_failed
celery_worker-1  | [2026-03-01 17:13:19,685: INFO/MainProcess] symbols.plugins.cache.miss
backend-1        | {"message": "plugins.resolve exchange_id=BITMARTFTS normalized=bitmart plugin_id=bitmart found=true", "taskName": "starlette.middleware.base.BaseHTTPMiddleware.__call__.<locals>.call_next.<locals>.coro", "ts": 1772385199.7168357, "level": "INFO", "msg": "plugins.resolve exchange_id=BITMARTFTS normalized=bitmart plugin_id=bitmart found=true", "service": "backend", "env": "development", "logger": "app.exchanges.symbols_service", "request_id": "2680ced8-676b-440d-9246-99dfe41d64c0"}
backend-1        | {"message": "symbols.plugins.cache.hit", "taskName": "starlette.middleware.base.BaseHTTPMiddleware.__call__.<locals>.call_next.<locals>.coro", "exchange_id": "BITMARTFTS", "plugin_id": "bitmart", "market": "futures", "key": "plugins:meta:symbols:bitmart:futures", "ts": 1772385199.727955, "level": "INFO", "msg": "symbols.plugins.cache.hit", "service": "backend", "env": "development", "logger": "app.exchanges.symbols_service", "request_id": "2680ced8-676b-440d-9246-99dfe41d64c0"}
backend-1        | {"message": "symbols.source=plugins reason=coinapi_disabled_or_empty exchange=BITMARTFTS count=616", "taskName": "starlette.middleware.base.BaseHTTPMiddleware.__call__.<locals>.call_next.<locals>.coro", "ts": 1772385199.7283561, "level": "INFO", "msg": "symbols.source=plugins reason=coinapi_disabled_or_empty exchange=BITMARTFTS count=616", "service": "backend", "env": "development", "logger": "app.exchanges.symbols_service", "request_id": "2680ced8-676b-440d-9246-99dfe41d64c0"}
backend-1        | {"message": "plugins.resolve exchange_id=ASTERFINANCE normalized=asterfinance plugin_id=asterfinance found=true", "taskName": "starlette.middleware.base.BaseHTTPMiddleware.__call__.<locals>.call_next.<locals>.coro", "ts": 1772385199.8125865, "level": "INFO", "msg": "plugins.resolve exchange_id=ASTERFINANCE normalized=asterfinance plugin_id=asterfinance found=true", "service": "backend", "env": "development", "logger": "app.exchanges.symbols_service", "request_id": "2680ced8-676b-440d-9246-99dfe41d64c0"}
backend-1        | {"message": "symbols.plugins.cache.hit", "taskName": "starlette.middleware.base.BaseHTTPMiddleware.__call__.<locals>.call_next.<locals>.coro", "exchange_id": "ASTERFINANCE", "plugin_id": "asterfinance", "market": "futures", "key": "plugins:meta:symbols:asterfinance:futures", "ts": 1772385199.8249736, "level": "INFO", "msg": "symbols.plugins.cache.hit", "service": "backend", "env": "development", "logger": "app.exchanges.symbols_service", "request_id": "2680ced8-676b-440d-9246-99dfe41d64c0"}
backend-1        | {"message": "symbols.source=plugins reason=coinapi_disabled_or_empty exchange=ASTERFINANCE count=294", "taskName": "starlette.middleware.base.BaseHTTPMiddleware.__call__.<locals>.call_next.<locals>.coro", "ts": 1772385199.8257194, "level": "INFO", "msg": "symbols.source=plugins reason=coinapi_disabled_or_empty exchange=ASTERFINANCE count=294", "service": "backend", "env": "development", "logger": "app.exchanges.symbols_service", "request_id": "2680ced8-676b-440d-9246-99dfe41d64c0"}
backend-1        | {"message": "plugins.resolve exchange_id=BITMARTFTS normalized=bitmart plugin_id=bitmart found=true", "taskName": "starlette.middleware.base.BaseHTTPMiddleware.__call__.<locals>.call_next.<locals>.coro", "ts": 1772385199.8839905, "level": "INFO", "msg": "plugins.resolve exchange_id=BITMARTFTS normalized=bitmart plugin_id=bitmart found=true", "service": "backend", "env": "development", "logger": "app.exchanges.symbols_service", "request_id": "2680ced8-676b-440d-9246-99dfe41d64c0"}
backend-1        | {"message": "symbols.plugins.cache.hit", "taskName": "starlette.middleware.base.BaseHTTPMiddleware.__call__.<locals>.call_next.<locals>.coro", "exchange_id": "BITMARTFTS", "plugin_id": "bitmart", "market": "futures", "key": "plugins:meta:symbols:bitmart:futures", "ts": 1772385199.8954458, "level": "INFO", "msg": "symbols.plugins.cache.hit", "service": "backend", "env": "development", "logger": "app.exchanges.symbols_service", "request_id": "2680ced8-676b-440d-9246-99dfe41d64c0"}
backend-1        | {"message": "symbols.source=plugins reason=coinapi_disabled_or_empty exchange=BITMARTFTS count=616", "taskName": "starlette.middleware.base.BaseHTTPMiddleware.__call__.<locals>.call_next.<locals>.coro", "ts": 1772385199.895793, "level": "INFO", "msg": "symbols.source=plugins reason=coinapi_disabled_or_empty exchange=BITMARTFTS count=616", "service": "backend", "env": "development", "logger": "app.exchanges.symbols_service", "request_id": "2680ced8-676b-440d-9246-99dfe41d64c0"}
backend-1        | {"message": "plugins.resolve exchange_id=COINEX normalized=coinex plugin_id=coinex found=true", "taskName": "starlette.middleware.base.BaseHTTPMiddleware.__call__.<locals>.call_next.<locals>.coro", "ts": 1772385199.9520993, "level": "INFO", "msg": "plugins.resolve exchange_id=COINEX normalized=coinex plugin_id=coinex found=true", "service": "backend", "env": "development", "logger": "app.exchanges.symbols_service", "request_id": "2680ced8-676b-440d-9246-99dfe41d64c0"}
backend-1        | {"message": "symbols.plugins.cache.hit", "taskName": "starlette.middleware.base.BaseHTTPMiddleware.__call__.<locals>.call_next.<locals>.coro", "exchange_id": "COINEX", "plugin_id": "coinex", "market": "futures", "key": "plugins:meta:symbols:coinex:futures", "ts": 1772385199.9613328, "level": "INFO", "msg": "symbols.plugins.cache.hit", "service": "backend", "env": "development", "logger": "app.exchanges.symbols_service", "request_id": "2680ced8-676b-440d-9246-99dfe41d64c0"}
backend-1        | {"message": "symbols.source=plugins reason=coinapi_disabled_or_empty exchange=COINEX count=252", "taskName": "starlette.middleware.base.BaseHTTPMiddleware.__call__.<locals>.call_next.<locals>.coro", "ts": 1772385199.961596, "level": "INFO", "msg": "symbols.source=plugins reason=coinapi_disabled_or_empty exchange=COINEX count=252", "service": "backend", "env": "development", "logger": "app.exchanges.symbols_service", "request_id": "2680ced8-676b-440d-9246-99dfe41d64c0"}
backend-1        | {"message": "plugins.resolve exchange_id=HBDM normalized=hbdm plugin_id=hbdm found=true", "taskName": "starlette.middleware.base.BaseHTTPMiddleware.__call__.<locals>.call_next.<locals>.coro", "ts": 1772385200.0271895, "level": "INFO", "msg": "plugins.resolve exchange_id=HBDM normalized=hbdm plugin_id=hbdm found=true", "service": "backend", "env": "development", "logger": "app.exchanges.symbols_service", "request_id": "2680ced8-676b-440d-9246-99dfe41d64c0"}
backend-1        | {"message": "symbols.plugins.cache.hit", "taskName": "starlette.middleware.base.BaseHTTPMiddleware.__call__.<locals>.call_next.<locals>.coro", "exchange_id": "HBDM", "plugin_id": "hbdm", "market": "futures", "key": "plugins:meta:symbols:hbdm:futures", "ts": 1772385200.0350509, "level": "INFO", "msg": "symbols.plugins.cache.hit", "service": "backend", "env": "development", "logger": "app.exchanges.symbols_service", "request_id": "2680ced8-676b-440d-9246-99dfe41d64c0"}
backend-1        | {"message": "symbols.source=plugins reason=coinapi_disabled_or_empty exchange=HBDM count=208", "taskName": "starlette.middleware.base.BaseHTTPMiddleware.__call__.<locals>.call_next.<locals>.coro", "ts": 1772385200.035338, "level": "INFO", "msg": "symbols.source=plugins reason=coinapi_disabled_or_empty exchange=HBDM count=208", "service": "backend", "env": "development", "logger": "app.exchanges.symbols_service", "request_id": "2680ced8-676b-440d-9246-99dfe41d64c0"}
backend-1        | {"message": "plugins.resolve exchange_id=ASTERFINANCE normalized=asterfinance plugin_id=asterfinance found=true", "taskName": "starlette.middleware.base.BaseHTTPMiddleware.__call__.<locals>.call_next.<locals>.coro", "ts": 1772385200.1016858, "level": "INFO", "msg": "plugins.resolve exchange_id=ASTERFINANCE normalized=asterfinance plugin_id=asterfinance found=true", "service": "backend", "env": "development", "logger": "app.exchanges.symbols_service", "request_id": "2680ced8-676b-440d-9246-99dfe41d64c0"}
backend-1        | {"message": "symbols.plugins.cache.hit", "taskName": "starlette.middleware.base.BaseHTTPMiddleware.__call__.<locals>.call_next.<locals>.coro", "exchange_id": "ASTERFINANCE", "plugin_id": "asterfinance", "market": "futures", "key": "plugins:meta:symbols:asterfinance:futures", "ts": 1772385200.1100829, "level": "INFO", "msg": "symbols.plugins.cache.hit", "service": "backend", "env": "development", "logger": "app.exchanges.symbols_service", "request_id": "2680ced8-676b-440d-9246-99dfe41d64c0"}
backend-1        | {"message": "symbols.source=plugins reason=coinapi_disabled_or_empty exchange=ASTERFINANCE count=294", "taskName": "starlette.middleware.base.BaseHTTPMiddleware.__call__.<locals>.call_next.<locals>.coro", "ts": 1772385200.110412, "level": "INFO", "msg": "symbols.source=plugins reason=coinapi_disabled_or_empty exchange=ASTERFINANCE count=294", "service": "backend", "env": "development", "logger": "app.exchanges.symbols_service", "request_id": "2680ced8-676b-440d-9246-99dfe41d64c0"}
backend-1        | {"message": "plugins.resolve exchange_id=BITMARTFTS normalized=bitmart plugin_id=bitmart found=true", "taskName": "starlette.middleware.base.BaseHTTPMiddleware.__call__.<locals>.call_next.<locals>.coro", "ts": 1772385200.1764352, "level": "INFO", "msg": "plugins.resolve exchange_id=BITMARTFTS normalized=bitmart plugin_id=bitmart found=true", "service": "backend", "env": "development", "logger": "app.exchanges.symbols_service", "request_id": "2680ced8-676b-440d-9246-99dfe41d64c0"}
backend-1        | {"message": "symbols.plugins.cache.hit", "taskName": "starlette.middleware.base.BaseHTTPMiddleware.__call__.<locals>.call_next.<locals>.coro", "exchange_id": "BITMARTFTS", "plugin_id": "bitmart", "market": "futures", "key": "plugins:meta:symbols:bitmart:futures", "ts": 1772385200.186027, "level": "INFO", "msg": "symbols.plugins.cache.hit", "service": "backend", "env": "development", "logger": "app.exchanges.symbols_service", "request_id": "2680ced8-676b-440d-9246-99dfe41d64c0"}
backend-1        | {"message": "symbols.source=plugins reason=coinapi_disabled_or_empty exchange=BITMARTFTS count=616", "taskName": "starlette.middleware.base.BaseHTTPMiddleware.__call__.<locals>.call_next.<locals>.coro", "ts": 1772385200.1863277, "level": "INFO", "msg": "symbols.source=plugins reason=coinapi_disabled_or_empty exchange=BITMARTFTS count=616", "service": "backend", "env": "development", "logger": "app.exchanges.symbols_service", "request_id": "2680ced8-676b-440d-9246-99dfe41d64c0"}
backend-1        | {"message": "plugins.resolve exchange_id=COINEX normalized=coinex plugin_id=coinex found=true", "taskName": "starlette.middleware.base.BaseHTTPMiddleware.__call__.<locals>.call_next.<locals>.coro", "ts": 1772385200.256312, "level": "INFO", "msg": "plugins.resolve exchange_id=COINEX normalized=coinex plugin_id=coinex found=true", "service": "backend", "env": "development", "logger": "app.exchanges.symbols_service", "request_id": "2680ced8-676b-440d-9246-99dfe41d64c0"}
backend-1        | {"message": "symbols.plugins.cache.hit", "taskName": "starlette.middleware.base.BaseHTTPMiddleware.__call__.<locals>.call_next.<locals>.coro", "exchange_id": "COINEX", "plugin_id": "coinex", "market": "futures", "key": "plugins:meta:symbols:coinex:futures", "ts": 1772385200.263288, "level": "INFO", "msg": "symbols.plugins.cache.hit", "service": "backend", "env": "development", "logger": "app.exchanges.symbols_service", "request_id": "2680ced8-676b-440d-9246-99dfe41d64c0"}
backend-1        | {"message": "symbols.source=plugins reason=coinapi_disabled_or_empty exchange=COINEX count=252", "taskName": "starlette.middleware.base.BaseHTTPMiddleware.__call__.<locals>.call_next.<locals>.coro", "ts": 1772385200.263569, "level": "INFO", "msg": "symbols.source=plugins reason=coinapi_disabled_or_empty exchange=COINEX count=252", "service": "backend", "env": "development", "logger": "app.exchanges.symbols_service", "request_id": "2680ced8-676b-440d-9246-99dfe41d64c0"}
backend-1        | {"message": "plugins.resolve exchange_id=ASTERFINANCE normalized=asterfinance plugin_id=asterfinance found=true", "taskName": "starlette.middleware.base.BaseHTTPMiddleware.__call__.<locals>.call_next.<locals>.coro", "ts": 1772385200.3295221, "level": "INFO", "msg": "plugins.resolve exchange_id=ASTERFINANCE normalized=asterfinance plugin_id=asterfinance found=true", "service": "backend", "env": "development", "logger": "app.exchanges.symbols_service", "request_id": "2680ced8-676b-440d-9246-99dfe41d64c0"}
backend-1        | {"message": "symbols.plugins.cache.hit", "taskName": "starlette.middleware.base.BaseHTTPMiddleware.__call__.<locals>.call_next.<locals>.coro", "exchange_id": "ASTERFINANCE", "plugin_id": "asterfinance", "market": "futures", "key": "plugins:meta:symbols:asterfinance:futures", "ts": 1772385200.3380592, "level": "INFO", "msg": "symbols.plugins.cache.hit", "service": "backend", "env": "development", "logger": "app.exchanges.symbols_service", "request_id": "2680ced8-676b-440d-9246-99dfe41d64c0"}
backend-1        | {"message": "symbols.source=plugins reason=coinapi_disabled_or_empty exchange=ASTERFINANCE count=294", "taskName": "starlette.middleware.base.BaseHTTPMiddleware.__call__.<locals>.call_next.<locals>.coro", "ts": 1772385200.3384042, "level": "INFO", "msg": "symbols.source=plugins reason=coinapi_disabled_or_empty exchange=ASTERFINANCE count=294", "service": "backend", "env": "development", "logger": "app.exchanges.symbols_service", "request_id": "2680ced8-676b-440d-9246-99dfe41d64c0"}
backend-1        | {"message": "plugins.resolve exchange_id=BITMARTFTS normalized=bitmart plugin_id=bitmart found=true", "taskName": "starlette.middleware.base.BaseHTTPMiddleware.__call__.<locals>.call_next.<locals>.coro", "ts": 1772385200.404459, "level": "INFO", "msg": "plugins.resolve exchange_id=BITMARTFTS normalized=bitmart plugin_id=bitmart found=true", "service": "backend", "env": "development", "logger": "app.exchanges.symbols_service", "request_id": "2680ced8-676b-440d-9246-99dfe41d64c0"}
backend-1        | {"message": "symbols.plugins.cache.hit", "taskName": "starlette.middleware.base.BaseHTTPMiddleware.__call__.<locals>.call_next.<locals>.coro", "exchange_id": "BITMARTFTS", "plugin_id": "bitmart", "market": "futures", "key": "plugins:meta:symbols:bitmart:futures", "ts": 1772385200.4118903, "level": "INFO", "msg": "symbols.plugins.cache.hit", "service": "backend", "env": "development", "logger": "app.exchanges.symbols_service", "request_id": "2680ced8-676b-440d-9246-99dfe41d64c0"}
backend-1        | {"message": "symbols.source=plugins reason=coinapi_disabled_or_empty exchange=BITMARTFTS count=616", "taskName": "starlette.middleware.base.BaseHTTPMiddleware.__call__.<locals>.call_next.<locals>.coro", "ts": 1772385200.4121695, "level": "INFO", "msg": "symbols.source=plugins reason=coinapi_disabled_or_empty exchange=BITMARTFTS count=616", "service": "backend", "env": "development", "logger": "app.exchanges.symbols_service", "request_id": "2680ced8-676b-440d-9246-99dfe41d64c0"}
backend-1        | {"message": "plugins.resolve exchange_id=ASTERFINANCE normalized=asterfinance plugin_id=asterfinance found=true", "taskName": "starlette.middleware.base.BaseHTTPMiddleware.__call__.<locals>.call_next.<locals>.coro", "ts": 1772385200.4779778, "level": "INFO", "msg": "plugins.resolve exchange_id=ASTERFINANCE normalized=asterfinance plugin_id=asterfinance found=true", "service": "backend", "env": "development", "logger": "app.exchanges.symbols_service", "request_id": "2680ced8-676b-440d-9246-99dfe41d64c0"}
backend-1        | {"message": "symbols.plugins.cache.hit", "taskName": "starlette.middleware.base.BaseHTTPMiddleware.__call__.<locals>.call_next.<locals>.coro", "exchange_id": "ASTERFINANCE", "plugin_id": "asterfinance", "market": "futures", "key": "plugins:meta:symbols:asterfinance:futures", "ts": 1772385200.486044, "level": "INFO", "msg": "symbols.plugins.cache.hit", "service": "backend", "env": "development", "logger": "app.exchanges.symbols_service", "request_id": "2680ced8-676b-440d-9246-99dfe41d64c0"}
backend-1        | {"message": "symbols.source=plugins reason=coinapi_disabled_or_empty exchange=ASTERFINANCE count=294", "taskName": "starlette.middleware.base.BaseHTTPMiddleware.__call__.<locals>.call_next.<locals>.coro", "ts": 1772385200.4863472, "level": "INFO", "msg": "symbols.source=plugins reason=coinapi_disabled_or_empty exchange=ASTERFINANCE count=294", "service": "backend", "env": "development", "logger": "app.exchanges.symbols_service", "request_id": "2680ced8-676b-440d-9246-99dfe41d64c0"}
backend-1        | {"message": "plugins.resolve exchange_id=HBDM normalized=hbdm plugin_id=hbdm found=true", "taskName": "starlette.middleware.base.BaseHTTPMiddleware.__call__.<locals>.call_next.<locals>.coro", "ts": 1772385200.5460017, "level": "INFO", "msg": "plugins.resolve exchange_id=HBDM normalized=hbdm plugin_id=hbdm found=true", "service": "backend", "env": "development", "logger": "app.exchanges.symbols_service", "request_id": "2680ced8-676b-440d-9246-99dfe41d64c0"}
backend-1        | {"message": "symbols.plugins.cache.hit", "taskName": "starlette.middleware.base.BaseHTTPMiddleware.__call__.<locals>.call_next.<locals>.coro", "exchange_id": "HBDM", "plugin_id": "hbdm", "market": "futures", "key": "plugins:meta:symbols:hbdm:futures", "ts": 1772385200.55435, "level": "INFO", "msg": "symbols.plugins.cache.hit", "service": "backend", "env": "development", "logger": "app.exchanges.symbols_service", "request_id": "2680ced8-676b-440d-9246-99dfe41d64c0"}
backend-1        | {"message": "symbols.source=plugins reason=coinapi_disabled_or_empty exchange=HBDM count=208", "taskName": "starlette.middleware.base.BaseHTTPMiddleware.__call__.<locals>.call_next.<locals>.coro", "ts": 1772385200.5546474, "level": "INFO", "msg": "symbols.source=plugins reason=coinapi_disabled_or_empty exchange=HBDM count=208", "service": "backend", "env": "development", "logger": "app.exchanges.symbols_service", "request_id": "2680ced8-676b-440d-9246-99dfe41d64c0"}
backend-1        | {"message": "plugins.resolve exchange_id=ASTERFINANCE normalized=asterfinance plugin_id=asterfinance found=true", "taskName": "starlette.middleware.base.BaseHTTPMiddleware.__call__.<locals>.call_next.<locals>.coro", "ts": 1772385200.6037297, "level": "INFO", "msg": "plugins.resolve exchange_id=ASTERFINANCE normalized=asterfinance plugin_id=asterfinance found=true", "service": "backend", "env": "development", "logger": "app.exchanges.symbols_service", "request_id": "2680ced8-676b-440d-9246-99dfe41d64c0"}
backend-1        | {"message": "symbols.plugins.cache.hit", "taskName": "starlette.middleware.base.BaseHTTPMiddleware.__call__.<locals>.call_next.<locals>.coro", "exchange_id": "ASTERFINANCE", "plugin_id": "asterfinance", "market": "futures", "key": "plugins:meta:symbols:asterfinance:futures", "ts": 1772385200.6187003, "level": "INFO", "msg": "symbols.plugins.cache.hit", "service": "backend", "env": "development", "logger": "app.exchanges.symbols_service", "request_id": "2680ced8-676b-440d-9246-99dfe41d64c0"}
