nginx-1          | 172.18.0.1 - - [01/Mar/2026:16:48:34 +0000] "GET /api/content HTTP/1.1" 200 4635 "http://localhost:8080/" "Mozilla/5.0 (Windows NT 10.0; Win64; x64) AppleWebKit/537.36 (KHTML, like Gecko) Chrome/142.0.0.0 YaBrowser/25.12.0.0 Safari/537.36" "-"
backend-1        | {"message": "http.request", "taskName": "Task-2855", "request_id": "165b06b1-56d6-4f5f-9129-74f666ec60ed", "method": "GET", "path": "/api/content", "status_code": 200, "duration_ms": 46.35, "ts": 1772383714.3345594, "level": "INFO", "msg": "http.request", "service": "backend", "env": "development", "logger": "app.access"}
nginx-1          | 172.18.0.1 - - [01/Mar/2026:16:48:34 +0000] "GET /api/content HTTP/1.1" 200
backend-1        | {"message": "http.request", "taskName": "Task-2869", "request_id": "8488ccc2-ec90-4afd-8247-77a0e9ea9c6d", "method": "GET", "path": "/api/content", "status_code": 200, "duration_ms": 6.1, "ts": 1772383714.3455951, "level": "INFO", "msg": "http.request", "service": "backend", "env": "development", "logger": "app.access"}
celery_worker-1  | [2026-03-01 16:48:34,379: INFO/MainProcess] HTTP Request: GET https://api.coinex.com/v2/futures/market "HTTP/1.1 200 OK"
celery_worker-1  | [2026-03-01 16:48:34,426: INFO/MainProcess] coinex.instruments.summary raw=254 perp=252 sample=['1INCHUSDT', '2ZUSDT', 'AAVEUSDC', 'AAVEUSDT', 'ADAUSDC']
celery_worker-1  | [2026-03-01 16:48:34,430: INFO/MainProcess] symbols.plugins.cache.write
celery_worker-1  | [2026-03-01 16:48:34,431: INFO/MainProcess] symbols.source=plugins reason=coinapi_disabled_or_empty exchange=COINEX count=252
celery_worker-1  | [2026-03-01 16:48:34,716: INFO/MainProcess] scanner.tick.done
celery_worker-1  | [2026-03-01 16:48:34,716: INFO/MainProcess] scanner.tick.summary
celery_worker-1  | [2026-03-01 16:48:34,718: INFO/MainProcess] funding.pipeline.trigger
celery_worker-1  | [2026-03-01 16:48:34,723: INFO/MainProcess] funding.service.init
celery_worker-1  | [2026-03-01 16:48:34,725: INFO/MainProcess] funding.refresh.summary
celery_worker-1  | [2026-03-01 16:48:34,725: INFO/MainProcess] funding.pipeline.result
celery_worker-1  | [2026-03-01 16:48:34,725: INFO/MainProcess] scanner.tick.done
celery_worker-1  | [2026-03-01 16:48:34,726: INFO/MainProcess] Task app.tasks.scanner.scanner_tick[6b7abdc1-a876-4ebb-870d-9eea401cece5] succeeded in 4.100561565999669s: 0
celery_worker-1  | [2026-03-01 16:48:34,728: INFO/MainProcess] Task app.tasks.scanner.scanner_tick[75bcb2eb-3139-40a0-9104-f8bcb4847f22] received
celery_worker-1  | [2026-03-01 16:48:34,745: INFO/MainProcess] exchanges.enabled.file_probe resolved_path=/app/config/ex.json exists=True cwd=/app file_path=/app/config/ex.json size=449 mtime=2026-03-01T11:29:03.445839+00:00
celery_worker-1  | [2026-03-01 16:48:34,747: INFO/MainProcess] exchanges.enabled.source=file path=./config/ex.json mtime=2026-03-01T11:29:03.445839+00:00 count=4 raw_sample=['asterfinance', 'bitmart', 'coinex', 'hbdm'] normalized_sample=['asterfinance', 'bitmart', 'coinex', 'hbdm']
celery_worker-1  | [2026-03-01 16:48:34,747: INFO/MainProcess] scanner.tick.start
celery_worker-1  | [2026-03-01 16:48:34,751: INFO/MainProcess] scanner.tick.start
celery_worker-1  | [2026-03-01 16:48:34,751: INFO/MainProcess] scanner.tick.settings
celery_worker-1  | [2026-03-01 16:48:34,771: INFO/MainProcess] scanner.tick.pairs_loaded
celery_worker-1  | [2026-03-01 16:48:34,777: INFO/MainProcess] scanner.tick.coinapi_enabled=0 plugins_data_path=on
celery_worker-1  | [2026-03-01 16:48:34,777: INFO/MainProcess] scanner.tick.plugins_mode
celery_worker-1  | [2026-03-01 16:48:34,804: INFO/MainProcess] plugins.resolve exchange_id=BITMARTFTS normalized=bitmart plugin_id=bitmart found=true
celery_worker-1  | [2026-03-01 16:48:34,804: WARNING/MainProcess] symbols.plugins.cache.read_failed
celery_worker-1  | [2026-03-01 16:48:34,804: INFO/MainProcess] symbols.plugins.cache.miss
celery_worker-1  | [2026-03-01 16:48:35,461: INFO/MainProcess] HTTP Request: GET https://api-cloud-v2.bitmart.com/contract/public/details "HTTP/1.1 200 OK"
celery_worker-1  | [2026-03-01 16:48:35,531: INFO/MainProcess] bitmart.instruments.summary raw=809 perp=616 sample=['0GUSDT', '1000000BOBUSDT', '1000000MOGUSDT', '1000BONKUSDT', '1000CHEEMSUSDT']
celery_worker-1  | [2026-03-01 16:48:35,536: INFO/MainProcess] symbols.plugins.cache.write
celery_worker-1  | [2026-03-01 16:48:35,537: INFO/MainProcess] symbols.source=plugins reason=coinapi_disabled_or_empty exchange=BITMARTFTS count=616
celery_worker-1  | [2026-03-01 16:48:35,592: INFO/MainProcess] plugins.resolve exchange_id=ASTERFINANCE normalized=asterfinance plugin_id=asterfinance found=true
celery_worker-1  | [2026-03-01 16:48:35,594: INFO/MainProcess] symbols.plugins.cache.hit
celery_worker-1  | [2026-03-01 16:48:35,595: INFO/MainProcess] symbols.source=plugins reason=coinapi_disabled_or_empty exchange=ASTERFINANCE count=294
celery_worker-1  | [2026-03-01 16:48:35,646: INFO/MainProcess] plugins.resolve exchange_id=HBDM normalized=hbdm plugin_id=hbdm found=true
celery_worker-1  | [2026-03-01 16:48:35,648: INFO/MainProcess] symbols.plugins.cache.hit
celery_worker-1  | [2026-03-01 16:48:35,649: INFO/MainProcess] symbols.source=plugins reason=coinapi_disabled_or_empty exchange=HBDM count=208
celery_worker-1  | [2026-03-01 16:48:35,703: INFO/MainProcess] plugins.resolve exchange_id=COINEX normalized=coinex plugin_id=coinex found=true
celery_worker-1  | [2026-03-01 16:48:35,705: INFO/MainProcess] symbols.plugins.cache.hit
celery_worker-1  | [2026-03-01 16:48:35,705: INFO/MainProcess] symbols.source=plugins reason=coinapi_disabled_or_empty exchange=COINEX count=252
celery_worker-1  | [2026-03-01 16:48:35,976: INFO/MainProcess] scanner.tick.done
celery_worker-1  | [2026-03-01 16:48:35,976: INFO/MainProcess] scanner.tick.summary
celery_worker-1  | [2026-03-01 16:48:35,979: INFO/MainProcess] funding.pipeline.trigger
celery_worker-1  | [2026-03-01 16:48:35,980: INFO/MainProcess] funding.refresh.summary
celery_worker-1  | [2026-03-01 16:48:35,981: INFO/MainProcess] funding.pipeline.result
celery_worker-1  | [2026-03-01 16:48:35,981: INFO/MainProcess] scanner.tick.done
celery_worker-1  | [2026-03-01 16:48:35,982: INFO/MainProcess] Task app.tasks.scanner.scanner_tick[75bcb2eb-3139-40a0-9104-f8bcb4847f22] succeeded in 1.2539289109990932s: 0


celery_worker-1  | [2026-03-01 16:48:37,488: INFO/MainProcess] Task app.tasks.scanner.scanner_tick[09204b14-e52a-44b1-83cc-1e57fa3b310b] received
celery_beat-1    | [2026-03-01 16:48:37,487: INFO/MainProcess] Scheduler: Sending due task scanner.tick (app.tasks.scanner.scanner_tick)
celery_worker-1  | [2026-03-01 16:48:37,500: INFO/MainProcess] exchanges.enabled.file_probe resolved_path=/app/config/ex.json exists=True cwd=/app file_path=/app/config/ex.json size=449 mtime=2026-03-01T11:29:03.445839+00:00
celery_worker-1  | [2026-03-01 16:48:37,502: INFO/MainProcess] exchanges.enabled.source=file path=./config/ex.json mtime=2026-03-01T11:29:03.445839+00:00 count=4 raw_sample=['asterfinance', 'bitmart', 'coinex', 'hbdm'] normalized_sample=['asterfinance', 'bitmart', 'coinex', 'hbdm']
celery_worker-1  | [2026-03-01 16:48:37,502: INFO/MainProcess] scanner.tick.start
celery_worker-1  | [2026-03-01 16:48:37,506: INFO/MainProcess] scanner.tick.start
celery_worker-1  | [2026-03-01 16:48:37,507: INFO/MainProcess] scanner.tick.settings
celery_worker-1  | [2026-03-01 16:48:37,600: INFO/MainProcess] scanner.tick.pairs_loaded
celery_worker-1  | [2026-03-01 16:48:37,605: INFO/MainProcess] scanner.tick.coinapi_enabled=0 plugins_data_path=on
celery_worker-1  | [2026-03-01 16:48:37,606: INFO/MainProcess] scanner.tick.plugins_mode
celery_worker-1  | [2026-03-01 16:48:37,636: INFO/MainProcess] plugins.resolve exchange_id=BITMARTFTS normalized=bitmart plugin_id=bitmart found=true
celery_worker-1  | [2026-03-01 16:48:37,636: WARNING/MainProcess] symbols.plugins.cache.read_failed
celery_worker-1  | [2026-03-01 16:48:37,636: INFO/MainProcess] symbols.plugins.cache.miss
celery_worker-1  | [2026-03-01 16:48:38,313: INFO/MainProcess] HTTP Request: GET https://api-cloud-v2.bitmart.com/contract/public/details "HTTP/1.1 200 OK"
backend-1        | {"message": "http.request", "taskName": "Task-6578", "request_id": "5b49c046-7e05-4145-b103-ded7c7244159", "method": "GET", "path": "/health", "status_code": 200, "duration_ms": 4.72, "ts": 1772383718.685145, "level": "INFO", "msg": "http.request", "service": "backend", "env": "development", "logger": "app.access"}
celery_worker-1  | [2026-03-01 16:48:38,763: INFO/MainProcess] bitmart.instruments.summary raw=809 perp=616 sample=['0GUSDT', '1000000BOBUSDT', '1000000MOGUSDT', '1000BONKUSDT', '1000CHEEMSUSDT']
celery_worker-1  | [2026-03-01 16:48:38,767: INFO/MainProcess] symbols.plugins.cache.write
celery_worker-1  | [2026-03-01 16:48:38,768: INFO/MainProcess] symbols.source=plugins reason=coinapi_disabled_or_empty exchange=BITMARTFTS count=616
celery_worker-1  | [2026-03-01 16:48:38,796: INFO/MainProcess] plugins.resolve exchange_id=ASTERFINANCE normalized=asterfinance plugin_id=asterfinance found=true
celery_worker-1  | [2026-03-01 16:48:38,798: INFO/MainProcess] symbols.plugins.cache.hit
celery_worker-1  | [2026-03-01 16:48:38,799: INFO/MainProcess] symbols.source=plugins reason=coinapi_disabled_or_empty exchange=ASTERFINANCE count=294
celery_worker-1  | [2026-03-01 16:48:38,825: INFO/MainProcess] plugins.resolve exchange_id=HBDM normalized=hbdm plugin_id=hbdm found=true
celery_worker-1  | [2026-03-01 16:48:38,827: INFO/MainProcess] symbols.plugins.cache.hit
celery_worker-1  | [2026-03-01 16:48:38,828: INFO/MainProcess] symbols.source=plugins reason=coinapi_disabled_or_empty exchange=HBDM count=208
celery_worker-1  | [2026-03-01 16:48:38,854: INFO/MainProcess] plugins.resolve exchange_id=COINEX normalized=coinex plugin_id=coinex found=true
celery_worker-1  | [2026-03-01 16:48:38,856: INFO/MainProcess] symbols.plugins.cache.hit
celery_worker-1  | [2026-03-01 16:48:38,857: INFO/MainProcess] symbols.source=plugins reason=coinapi_disabled_or_empty exchange=COINEX count=252
celery_worker-1  | [2026-03-01 16:48:39,139: INFO/MainProcess] scanner.tick.done
celery_worker-1  | [2026-03-01 16:48:39,139: INFO/MainProcess] scanner.tick.summary
celery_worker-1  | [2026-03-01 16:48:39,142: INFO/MainProcess] funding.pipeline.trigger
celery_worker-1  | [2026-03-01 16:48:39,143: INFO/MainProcess] funding.refresh.summary
celery_worker-1  | [2026-03-01 16:48:39,144: INFO/MainProcess] funding.pipeline.result
celery_worker-1  | [2026-03-01 16:48:39,144: INFO/MainProcess] scanner.tick.done
celery_worker-1  | [2026-03-01 16:48:39,144: INFO/MainProcess] Task app.tasks.scanner.scanner_tick[09204b14-e52a-44b1-83cc-1e57fa3b310b] succeeded in 1.6560588850006752s: 0
backend-1        | {"message": "auth.login_success", "taskName": "starlette.middleware.base.BaseHTTPMiddleware.__call__.<locals>.call_next.<locals>.coro", "event": "auth.login_success", "user_id": "f960cc3c-7fba-43e0-b0f3-b3c68b3964b2", "jti": "ca31d87d59754c7bb00cb026fcbb7e00", "reason": "credentials", "request_id": "8f96001a-ee73-4c9f-bc51-d4644b16c3d3", "ip": "172.18.0.5", "user_agent": "Mozilla/5.0 (Windows NT 10.0; Win64; x64) AppleWebKit/537.36 (KHTML, like Gecko) Chrome/142.0.0.0 YaBrowser/25.12.0.0 Safari/537.36", "timestamp": "2026-03-01T16:48:39.575580+00:00", "email": "admin@example.com", "ts": 1772383719.5756092, "level": "INFO", "msg": "auth.login_success", "service": "backend", "env": "development", "logger": "app.services.auth_service"}
nginx-1          | 172.18.0.1 - - [01/Mar/2026:16:48:39 +0000] "POST /api/auth/login HTTP/1.1" 200 620 "http://localhost:8080/" "Mozilla/5.0 (Windows NT 10.0; Win64; x64) AppleWebKit/537.36 (KHTML, like Gecko) Chrome/142.0.0.0 YaBrowser/25.12.0.0 Safari/537.36" "-"


backend-1        | {"message": "http.request", "taskName": "Task-7368", "request_id": "8f96001a-ee73-4c9f-bc51-d4644b16c3d3", "method": "POST", "path": "/api/auth/login", "status_code": 200, "duration_ms": 194.17, "ts": 1772383719.5767016, "level": "INFO", "msg": "http.request", "service": "backend", "env": "development", "logger": "app.access"}
nginx-1          | 172.18.0.1 - - [01/Mar/2026:16:48:39 +0000] "GET /assets/ProfilePage-C3VxuhqI.js HTTP/1.1" 200 6910 "-" "Mozilla/5.0 (Windows NT 10.0; Win64; x64) AppleWebKit/537.36 (KHTML, like Gecko) Chrome/142.0.0.0 YaBrowser/25.12.0.0 Safari/537.36" "-"
nginx-1          | 172.18.0.1 - - [01/Mar/2026:16:48:40 +0000] "GET /assets/ScannerPage-exEJZyVT.js HTTP/1.1" 200 104821 "-" "Mozilla/5.0 (Windows NT 10.0; Win64; x64) AppleWebKit/537.36 (KHTML, like Gecko) Chrome/142.0.0.0 YaBrowser/25.12.0.0 Safari/537.36" "-"
nginx-1          | 172.18.0.1 - - [01/Mar/2026:16:48:40 +0000] "GET /assets/lightweight-charts.production-DT4nR-EQ.js HTTP/1.1" 200 163960 "-" "Mozilla/5.0 (Windows NT 10.0; Win64; x64) AppleWebKit/537.36 (KHTML, like Gecko) Chrome/142.0.0.0 YaBrowser/25.12.0.0 Safari/537.36" "-"


backend-1        | {"message": "http.request", "taskName": "Task-8111", "request_id": "4534c9f5-4a4d-4a56-85f9-8f1350fa7908", "method": "GET", "path": "/api/health", "status_code": 200, "duration_ms": 15.65, "ts": 1772383720.8993487, "level": "INFO", "msg": "http.request", "service": "backend", "env": "development", "logger": "app.access"}
nginx-1          | 172.18.0.1 - - [01/Mar/2026:16:48:40 +0000] "GET /api/health HTTP/1.1" 200 111 "http://localhost:8080/scanner" "Mozilla/5.0 (Windows NT 10.0; Win64; x64) AppleWebKit/537.36 (KHTML, like Gecko) Chrome/142.0.0.0 YaBrowser/25.12.0.0 Safari/537.36" "-"


backend-1        | {"message": "http.request", "taskName": "Task-8113", "request_id": "878f3cb7-6cf5-4efa-91d2-495ff83d05be", "method": "GET", "path": "/api/meta/exchanges", "status_code": 200, "duration_ms": 12.75, "ts": 1772383720.8997333, "level": "INFO", "msg": "http.request", "service": "backend", "env": "development", "logger": "app.access"}
nginx-1          | 172.18.0.1 - - [01/Mar/2026:16:48:40 +0000] "GET /api/meta/exchanges HTTP/1.1" 200 3690 "http://localhost:8080/scanner" "Mozilla/5.0 (Windows NT 10.0; Win64; x64) AppleWebKit/537.36 (KHTML, like Gecko) Chrome/142.0.0.0 YaBrowser/25.12.0.0 Safari/537.36" "-"
backend-1        | {"message": "http.request", "taskName": "Task-8115", "request_id": "65567bbd-f435-4be1-8b0c-1e5058a415ce", "method": "GET", "path": "/api/scanner/provider-health", "status_code": 200, "duration_ms": 18.25, "ts": 1772383720.925389, "level": "INFO", "msg": "http.request", "service": "backend", "env": "development", "logger": "app.access"}
nginx-1          | 172.18.0.1 - - [01/Mar/2026:16:48:40 +0000] "GET /api/scanner/provider-health HTTP/1.1" 200 42 "http://localhost:8080/scanner" "Mozilla/5.0 (Windows NT 10.0; Win64; x64) AppleWebKit/537.36 (KHTML, like Gecko) Chrome/142.0.0.0 YaBrowser/25.12.0.0 Safari/537.36" "-"
backend-1        | {"message": "pairs.initial", "taskName": "starlette.middleware.base.BaseHTTPMiddleware.__call__.<locals>.call_next.<locals>.coro", "user_id": "f960cc3c-7fba-43e0-b0f3-b3c68b3964b2", "paywall": false, "batch_size": 1500, "limit": 1500, "ts": 1772383720.9809072, "level": "INFO", "msg": "pairs.initial", "service": "backend", "env": "development", "logger": "app.api.routers.pairs_v1", "request_id": "6074a317-63eb-4081-b8a1-656d304fcec5"}
backend-1        | {"message": "http.request", "taskName": "Task-8109", "request_id": "6074a317-63eb-4081-b8a1-656d304fcec5", "method": "GET", "path": "/api/v1/pairs/initial", "status_code": 200, "duration_ms": 152.47, "ts": 1772383721.019292, "level": "INFO", "msg": "http.request", "service": "backend", "env": "development", "logger": "app.access"}
nginx-1          | 172.18.0.1 - - [01/Mar/2026:16:48:41 +0000] "GET /api/v1/pairs/initial?page=1&page_size=5000 HTTP/1.1" 200 2779906 "http://localhost:8080/scanner" "Mozilla/5.0 (Windows NT 10.0; Win64; x64) AppleWebKit/537.36 (KHTML, like Gecko) Chrome/142.0.0.0 YaBrowser/25.12.0.0 Safari/537.36" "-"
backend-1        | {"message": "plugins.resolve exchange_id=ASTERFINANCE normalized=asterfinance plugin_id=asterfinance found=true", "taskName": "starlette.middleware.base.BaseHTTPMiddleware.__call__.<locals>.call_next.<locals>.coro", "ts": 1772383721.5241694, "level": "INFO", "msg": "plugins.resolve exchange_id=ASTERFINANCE normalized=asterfinance plugin_id=asterfinance found=true", "service": "backend", "env": "development", "logger": "app.exchanges.symbols_service", "request_id": "1b1b9d5d-cfe6-4d42-b14c-e1f26acf9972"}
backend-1        | {"message": "symbols.plugins.cache.hit", "taskName": "starlette.middleware.base.BaseHTTPMiddleware.__call__.<locals>.call_next.<locals>.coro", "exchange_id": "ASTERFINANCE", "plugin_id": "asterfinance", "market": "futures", "key": "plugins:meta:symbols:asterfinance:futures", "ts": 1772383721.5252638, "level": "INFO", "msg": "symbols.plugins.cache.hit", "service": "backend", "env": "development", "logger": "app.exchanges.symbols_service", "request_id": "1b1b9d5d-cfe6-4d42-b14c-e1f26acf9972"}
backend-1        | {"message": "symbols.source=plugins reason=coinapi_disabled_or_empty exchange=ASTERFINANCE count=294", "taskName": "starlette.middleware.base.BaseHTTPMiddleware.__call__.<locals>.call_next.<locals>.coro", "ts": 1772383721.5255957, "level": "INFO", "msg": "symbols.source=plugins reason=coinapi_disabled_or_empty exchange=ASTERFINANCE count=294", "service": "backend", "env": "development", "logger": "app.exchanges.symbols_service", "request_id": "1b1b9d5d-cfe6-4d42-b14c-e1f26acf9972"}
backend-1        | {"message": "plugins.resolve exchange_id=COINEX normalized=coinex plugin_id=coinex found=true", "taskName": "starlette.middleware.base.BaseHTTPMiddleware.__call__.<locals>.call_next.<locals>.coro", "ts": 1772383721.5633748, "level": "INFO", "msg": "plugins.resolve exchange_id=COINEX normalized=coinex plugin_id=coinex found=true", "service": "backend", "env": "development", "logger": "app.exchanges.symbols_service", "request_id": "1b1b9d5d-cfe6-4d42-b14c-e1f26acf9972"}
backend-1        | {"message": "symbols.plugins.cache.hit", "taskName": "starlette.middleware.base.BaseHTTPMiddleware.__call__.<locals>.call_next.<locals>.coro", "exchange_id": "COINEX", "plugin_id": "coinex", "market": "futures", "key": "plugins:meta:symbols:coinex:futures", "ts": 1772383721.565218, "level": "INFO", "msg": "symbols.plugins.cache.hit", "service": "backend", "env": "development", "logger": "app.exchanges.symbols_service", "request_id": "1b1b9d5d-cfe6-4d42-b14c-e1f26acf9972"}
backend-1        | {"message": "symbols.source=plugins reason=coinapi_disabled_or_empty exchange=COINEX count=252", "taskName": "starlette.middleware.base.BaseHTTPMiddleware.__call__.<locals>.call_next.<locals>.coro", "ts": 1772383721.565551, "level": "INFO", "msg": "symbols.source=plugins reason=coinapi_disabled_or_empty exchange=COINEX count=252", "service": "backend", "env": "development", "logger": "app.exchanges.symbols_service", "request_id": "1b1b9d5d-cfe6-4d42-b14c-e1f26acf9972"}
backend-1        | {"message": "plugins.resolve exchange_id=HBDM normalized=hbdm plugin_id=hbdm found=true", "taskName": "starlette.middleware.base.BaseHTTPMiddleware.__call__.<locals>.call_next.<locals>.coro", "ts": 1772383721.6045015, "level": "INFO", "msg": "plugins.resolve exchange_id=HBDM normalized=hbdm plugin_id=hbdm found=true", "service": "backend", "env": "development", "logger": "app.exchanges.symbols_service", "request_id": "1b1b9d5d-cfe6-4d42-b14c-e1f26acf9972"}
backend-1        | {"message": "symbols.plugins.cache.hit", "taskName": "starlette.middleware.base.BaseHTTPMiddleware.__call__.<locals>.call_next.<locals>.coro", "exchange_id": "HBDM", "plugin_id": "hbdm", "market": "futures", "key": "plugins:meta:symbols:hbdm:futures", "ts": 1772383721.6061919, "level": "INFO", "msg": "symbols.plugins.cache.hit", "service": "backend", "env": "development", "logger": "app.exchanges.symbols_service", "request_id": "1b1b9d5d-cfe6-4d42-b14c-e1f26acf9972"}
backend-1        | {"message": "symbols.source=plugins reason=coinapi_disabled_or_empty exchange=HBDM count=208", "taskName": "starlette.middleware.base.BaseHTTPMiddleware.__call__.<locals>.call_next.<locals>.coro", "ts": 1772383721.606554, "level": "INFO", "msg": "symbols.source=plugins reason=coinapi_disabled_or_empty exchange=HBDM count=208", "service": "backend", "env": "development", "logger": "app.exchanges.symbols_service", "request_id": "1b1b9d5d-cfe6-4d42-b14c-e1f26acf9972"}
backend-1        | {"message": "plugins.resolve exchange_id=BITMARTFTS normalized=bitmart plugin_id=bitmart found=true", "taskName": "starlette.middleware.base.BaseHTTPMiddleware.__call__.<locals>.call_next.<locals>.coro", "ts": 1772383721.6453652, "level": "INFO", "msg": "plugins.resolve exchange_id=BITMARTFTS normalized=bitmart plugin_id=bitmart found=true", "service": "backend", "env": "development", "logger": "app.exchanges.symbols_service", "request_id": "1b1b9d5d-cfe6-4d42-b14c-e1f26acf9972"}
backend-1        | {"message": "symbols.plugins.cache.hit", "taskName": "starlette.middleware.base.BaseHTTPMiddleware.__call__.<locals>.call_next.<locals>.coro", "exchange_id": "BITMARTFTS", "plugin_id": "bitmart", "market": "futures", "key": "plugins:meta:symbols:bitmart:futures", "ts": 1772383721.64796, "level": "INFO", "msg": "symbols.plugins.cache.hit", "service": "backend", "env": "development", "logger": "app.exchanges.symbols_service", "request_id": "1b1b9d5d-cfe6-4d42-b14c-e1f26acf9972"}
backend-1        | {"message": "symbols.source=plugins reason=coinapi_disabled_or_empty exchange=BITMARTFTS count=616", "taskName": "starlette.middleware.base.BaseHTTPMiddleware.__call__.<locals>.call_next.<locals>.coro", "ts": 1772383721.6482255, "level": "INFO", "msg": "symbols.source=plugins reason=coinapi_disabled_or_empty exchange=BITMARTFTS count=616", "service": "backend", "env": "development", "logger": "app.exchanges.symbols_service", "request_id": "1b1b9d5d-cfe6-4d42-b14c-e1f26acf9972"}
backend-1        | {"message": "plugins.resolve exchange_id=ASTERFINANCE normalized=asterfinance plugin_id=asterfinance found=true", "taskName": "starlette.middleware.base.BaseHTTPMiddleware.__call__.<locals>.call_next.<locals>.coro", "ts": 1772383721.6926448, "level": "INFO", "msg": "plugins.resolve exchange_id=ASTERFINANCE normalized=asterfinance plugin_id=asterfinance found=true", "service": "backend", "env": "development", "logger": "app.exchanges.symbols_service", "request_id": "1b1b9d5d-cfe6-4d42-b14c-e1f26acf9972"}
backend-1        | {"message": "symbols.plugins.cache.hit", "taskName": "starlette.middleware.base.BaseHTTPMiddleware.__call__.<locals>.call_next.<locals>.coro", "exchange_id": "ASTERFINANCE", "plugin_id": "asterfinance", "market": "futures", "key": "plugins:meta:symbols:asterfinance:futures", "ts": 1772383721.6944492, "level": "INFO", "msg": "symbols.plugins.cache.hit", "service": "backend", "env": "development", "logger": "app.exchanges.symbols_service", "request_id": "1b1b9d5d-cfe6-4d42-b14c-e1f26acf9972"}
backend-1        | {"message": "symbols.source=plugins reason=coinapi_disabled_or_empty exchange=ASTERFINANCE count=294", "taskName": "starlette.middleware.base.BaseHTTPMiddleware.__call__.<locals>.call_next.<locals>.coro", "ts": 1772383721.6947238, "level": "INFO", "msg": "symbols.source=plugins reason=coinapi_disabled_or_empty exchange=ASTERFINANCE count=294", "service": "backend", "env": "development", "logger": "app.exchanges.symbols_service", "request_id": "1b1b9d5d-cfe6-4d42-b14c-e1f26acf9972"}
backend-1        | {"message": "plugins.resolve exchange_id=BITMARTFTS normalized=bitmart plugin_id=bitmart found=true", "taskName": "starlette.middleware.base.BaseHTTPMiddleware.__call__.<locals>.call_next.<locals>.coro", "ts": 1772383721.7319157, "level": "INFO", "msg": "plugins.resolve exchange_id=BITMARTFTS normalized=bitmart plugin_id=bitmart found=true", "service": "backend", "env": "development", "logger": "app.exchanges.symbols_service", "request_id": "1b1b9d5d-cfe6-4d42-b14c-e1f26acf9972"}
backend-1        | {"message": "symbols.plugins.cache.hit", "taskName": "starlette.middleware.base.BaseHTTPMiddleware.__call__.<locals>.call_next.<locals>.coro", "exchange_id": "BITMARTFTS", "plugin_id": "bitmart", "market": "futures", "key": "plugins:meta:symbols:bitmart:futures", "ts": 1772383721.7342603, "level": "INFO", "msg": "symbols.plugins.cache.hit", "service": "backend", "env": "development", "logger": "app.exchanges.symbols_service", "request_id": "1b1b9d5d-cfe6-4d42-b14c-e1f26acf9972"}
backend-1        | {"message": "symbols.source=plugins reason=coinapi_disabled_or_empty exchange=BITMARTFTS count=616", "taskName": "starlette.middleware.base.BaseHTTPMiddleware.__call__.<locals>.call_next.<locals>.coro", "ts": 1772383721.7345705, "level": "INFO", "msg": "symbols.source=plugins reason=coinapi_disabled_or_empty exchange=BITMARTFTS count=616", "service": "backend", "env": "development", "logger": "app.exchanges.symbols_service", "request_id": "1b1b9d5d-cfe6-4d42-b14c-e1f26acf9972"}
backend-1        | {"message": "plugins.resolve exchange_id=ASTERFINANCE normalized=asterfinance plugin_id=asterfinance found=true", "taskName": "starlette.middleware.base.BaseHTTPMiddleware.__call__.<locals>.call_next.<locals>.coro", "ts": 1772383721.775017, "level": "INFO", "msg": "plugins.resolve exchange_id=ASTERFINANCE normalized=asterfinance plugin_id=asterfinance found=true", "service": "backend", "env": "development", "logger": "app.exchanges.symbols_service", "request_id": "1b1b9d5d-cfe6-4d42-b14c-e1f26acf9972"}
backend-1        | {"message": "symbols.plugins.cache.hit", "taskName": "starlette.middleware.base.BaseHTTPMiddleware.__call__.<locals>.call_next.<locals>.coro", "exchange_id": "ASTERFINANCE", "plugin_id": "asterfinance", "market": "futures", "key": "plugins:meta:symbols:asterfinance:futures", "ts": 1772383721.7770774, "level": "INFO", "msg": "symbols.plugins.cache.hit", "service": "backend", "env": "development", "logger": "app.exchanges.symbols_service", "request_id": "1b1b9d5d-cfe6-4d42-b14c-e1f26acf9972"}
backend-1        | {"message": "symbols.source=plugins reason=coinapi_disabled_or_empty exchange=ASTERFINANCE count=294", "taskName": "starlette.middleware.base.BaseHTTPMiddleware.__call__.<locals>.call_next.<locals>.coro", "ts": 1772383721.777376, "level": "INFO", "msg": "symbols.source=plugins reason=coinapi_disabled_or_empty exchange=ASTERFINANCE count=294", "service": "backend", "env": "development", "logger": "app.exchanges.symbols_service", "request_id": "1b1b9d5d-cfe6-4d42-b14c-e1f26acf9972"}
backend-1        | {"message": "plugins.resolve exchange_id=BITMARTFTS normalized=bitmart plugin_id=bitmart found=true", "taskName": "starlette.middleware.base.BaseHTTPMiddleware.__call__.<locals>.call_next.<locals>.coro", "ts": 1772383721.8159406, "level": "INFO", "msg": "plugins.resolve exchange_id=BITMARTFTS normalized=bitmart plugin_id=bitmart found=true", "service": "backend", "env": "development", "logger": "app.exchanges.symbols_service", "request_id": "1b1b9d5d-cfe6-4d42-b14c-e1f26acf9972"}
backend-1        | {"message": "symbols.plugins.cache.hit", "taskName": "starlette.middleware.base.BaseHTTPMiddleware.__call__.<locals>.call_next.<locals>.coro", "exchange_id": "BITMARTFTS", "plugin_id": "bitmart", "market": "futures", "key": "plugins:meta:symbols:bitmart:futures", "ts": 1772383721.81844, "level": "INFO", "msg": "symbols.plugins.cache.hit", "service": "backend", "env": "development", "logger": "app.exchanges.symbols_service", "request_id": "1b1b9d5d-cfe6-4d42-b14c-e1f26acf9972"}
backend-1        | {"message": "symbols.source=plugins reason=coinapi_disabled_or_empty exchange=BITMARTFTS count=616", "taskName": "starlette.middleware.base.BaseHTTPMiddleware.__call__.<locals>.call_next.<locals>.coro", "ts": 1772383721.8187733, "level": "INFO", "msg": "symbols.source=plugins reason=coinapi_disabled_or_empty exchange=BITMARTFTS count=616", "service": "backend", "env": "development", "logger": "app.exchanges.symbols_service", "request_id": "1b1b9d5d-cfe6-4d42-b14c-e1f26acf9972"}
backend-1        | {"message": "plugins.resolve exchange_id=COINEX normalized=coinex plugin_id=coinex found=true", "taskName": "starlette.middleware.base.BaseHTTPMiddleware.__call__.<locals>.call_next.<locals>.coro", "ts": 1772383721.8755555, "level": "INFO", "msg": "plugins.resolve exchange_id=COINEX normalized=coinex plugin_id=coinex found=true", "service": "backend", "env": "development", "logger": "app.exchanges.symbols_service", "request_id": "1b1b9d5d-cfe6-4d42-b14c-e1f26acf9972"}
backend-1        | {"message": "symbols.plugins.cache.hit", "taskName": "starlette.middleware.base.BaseHTTPMiddleware.__call__.<locals>.call_next.<locals>.coro", "exchange_id": "COINEX", "plugin_id": "coinex", "market": "futures", "key": "plugins:meta:symbols:coinex:futures", "ts": 1772383721.8777516, "level": "INFO", "msg": "symbols.plugins.cache.hit", "service": "backend", "env": "development", "logger": "app.exchanges.symbols_service", "request_id": "1b1b9d5d-cfe6-4d42-b14c-e1f26acf9972"}
backend-1        | {"message": "symbols.source=plugins reason=coinapi_disabled_or_empty exchange=COINEX count=252", "taskName": "starlette.middleware.base.BaseHTTPMiddleware.__call__.<locals>.call_next.<locals>.coro", "ts": 1772383721.8780105, "level": "INFO", "msg": "symbols.source=plugins reason=coinapi_disabled_or_empty exchange=COINEX count=252", "service": "backend", "env": "development", "logger": "app.exchanges.symbols_service", "request_id": "1b1b9d5d-cfe6-4d42-b14c-e1f26acf9972"}
backend-1        | {"message": "plugins.resolve exchange_id=HBDM normalized=hbdm plugin_id=hbdm found=true", "taskName": "starlette.middleware.base.BaseHTTPMiddleware.__call__.<locals>.call_next.<locals>.coro", "ts": 1772383721.9322689, "level": "INFO", "msg": "plugins.resolve exchange_id=HBDM normalized=hbdm plugin_id=hbdm found=true", "service": "backend", "env": "development", "logger": "app.exchanges.symbols_service", "request_id": "1b1b9d5d-cfe6-4d42-b14c-e1f26acf9972"}
backend-1        | {"message": "symbols.plugins.cache.hit", "taskName": "starlette.middleware.base.BaseHTTPMiddleware.__call__.<locals>.call_next.<locals>.coro", "exchange_id": "HBDM", "plugin_id": "hbdm", "market": "futures", "key": "plugins:meta:symbols:hbdm:futures", "ts": 1772383721.9343781, "level": "INFO", "msg": "symbols.plugins.cache.hit", "service": "backend", "env": "development", "logger": "app.exchanges.symbols_service", "request_id": "1b1b9d5d-cfe6-4d42-b14c-e1f26acf9972"}
backend-1        | {"message": "symbols.source=plugins reason=coinapi_disabled_or_empty exchange=HBDM count=208", "taskName": "starlette.middleware.base.BaseHTTPMiddleware.__call__.<locals>.call_next.<locals>.coro", "ts": 1772383721.9347205, "level": "INFO", "msg": "symbols.source=plugins reason=coinapi_disabled_or_empty exchange=HBDM count=208", "service": "backend", "env": "development", "logger": "app.exchanges.symbols_service", "request_id": "1b1b9d5d-cfe6-4d42-b14c-e1f26acf9972"}
backend-1        | {"message": "plugins.resolve exchange_id=ASTERFINANCE normalized=asterfinance plugin_id=asterfinance found=true", "taskName": "starlette.middleware.base.BaseHTTPMiddleware.__call__.<locals>.call_next.<locals>.coro", "ts": 1772383721.9894078, "level": "INFO", "msg": "plugins.resolve exchange_id=ASTERFINANCE normalized=asterfinance plugin_id=asterfinance found=true", "service": "backend", "env": "development", "logger": "app.exchanges.symbols_service", "request_id": "1b1b9d5d-cfe6-4d42-b14c-e1f26acf9972"}
backend-1        | {"message": "symbols.plugins.cache.hit", "taskName": "starlette.middleware.base.BaseHTTPMiddleware.__call__.<locals>.call_next.<locals>.coro", "exchange_id": "ASTERFINANCE", "plugin_id": "asterfinance", "market": "futures", "key": "plugins:meta:symbols:asterfinance:futures", "ts": 1772383721.9913383, "level": "INFO", "msg": "symbols.plugins.cache.hit", "service": "backend", "env": "development", "logger": "app.exchanges.symbols_service", "request_id": "1b1b9d5d-cfe6-4d42-b14c-e1f26acf9972"}
backend-1        | {"message": "symbols.source=plugins reason=coinapi_disabled_or_empty exchange=ASTERFINANCE count=294", "taskName": "starlette.middleware.base.BaseHTTPMiddleware.__call__.<locals>.call_next.<locals>.coro", "ts": 1772383721.9916022, "level": "INFO", "msg": "symbols.source=plugins reason=coinapi_disabled_or_empty exchange=ASTERFINANCE count=294", "service": "backend", "env": "development", "logger": "app.exchanges.symbols_service", "request_id": "1b1b9d5d-cfe6-4d42-b14c-e1f26acf9972"}
backend-1        | {"message": "plugins.resolve exchange_id=BITMARTFTS normalized=bitmart plugin_id=bitmart found=true", "taskName": "starlette.middleware.base.BaseHTTPMiddleware.__call__.<locals>.call_next.<locals>.coro", "ts": 1772383722.0444913, "level": "INFO", "msg": "plugins.resolve exchange_id=BITMARTFTS normalized=bitmart plugin_id=bitmart found=true", "service": "backend", "env": "development", "logger": "app.exchanges.symbols_service", "request_id": "1b1b9d5d-cfe6-4d42-b14c-e1f26acf9972"}
backend-1        | {"message": "symbols.plugins.cache.hit", "taskName": "starlette.middleware.base.BaseHTTPMiddleware.__call__.<locals>.call_next.<locals>.coro", "exchange_id": "BITMARTFTS", "plugin_id": "bitmart", "market": "futures", "key": "plugins:meta:symbols:bitmart:futures", "ts": 1772383722.0470273, "level": "INFO", "msg": "symbols.plugins.cache.hit", "service": "backend", "env": "development", "logger": "app.exchanges.symbols_service", "request_id": "1b1b9d5d-cfe6-4d42-b14c-e1f26acf9972"}
backend-1        | {"message": "symbols.source=plugins reason=coinapi_disabled_or_empty exchange=BITMARTFTS count=616", "taskName": "starlette.middleware.base.BaseHTTPMiddleware.__call__.<locals>.call_next.<locals>.coro", "ts": 1772383722.047332, "level": "INFO", "msg": "symbols.source=plugins reason=coinapi_disabled_or_empty exchange=BITMARTFTS count=616", "service": "backend", "env": "development", "logger": "app.exchanges.symbols_service", "request_id": "1b1b9d5d-cfe6-4d42-b14c-e1f26acf9972"}
backend-1        | {"message": "plugins.resolve exchange_id=COINEX normalized=coinex plugin_id=coinex found=true", "taskName": "starlette.middleware.base.BaseHTTPMiddleware.__call__.<locals>.call_next.<locals>.coro", "ts": 1772383722.1010168, "level": "INFO", "msg": "plugins.resolve exchange_id=COINEX normalized=coinex plugin_id=coinex found=true", "service": "backend", "env": "development", "logger": "app.exchanges.symbols_service", "request_id": "1b1b9d5d-cfe6-4d42-b14c-e1f26acf9972"}
backend-1        | {"message": "symbols.plugins.cache.hit", "taskName": "starlette.middleware.base.BaseHTTPMiddleware.__call__.<locals>.call_next.<locals>.coro", "exchange_id": "COINEX", "plugin_id": "coinex", "market": "futures", "key": "plugins:meta:symbols:coinex:futures", "ts": 1772383722.1029253, "level": "INFO", "msg": "symbols.plugins.cache.hit", "service": "backend", "env": "development", "logger": "app.exchanges.symbols_service", "request_id": "1b1b9d5d-cfe6-4d42-b14c-e1f26acf9972"}
backend-1        | {"message": "symbols.source=plugins reason=coinapi_disabled_or_empty exchange=COINEX count=252", "taskName": "starlette.middleware.base.BaseHTTPMiddleware.__call__.<locals>.call_next.<locals>.coro", "ts": 1772383722.1032407, "level": "INFO", "msg": "symbols.source=plugins reason=coinapi_disabled_or_empty exchange=COINEX count=252", "service": "backend", "env": "development", "logger": "app.exchanges.symbols_service", "request_id": "1b1b9d5d-cfe6-4d42-b14c-e1f26acf9972"}
backend-1        | {"message": "plugins.resolve exchange_id=HBDM normalized=hbdm plugin_id=hbdm found=true", "taskName": "starlette.middleware.base.BaseHTTPMiddleware.__call__.<locals>.call_next.<locals>.coro", "ts": 1772383722.1592588, "level": "INFO", "msg": "plugins.resolve exchange_id=HBDM normalized=hbdm plugin_id=hbdm found=true", "service": "backend", "env": "development", "logger": "app.exchanges.symbols_service", "request_id": "1b1b9d5d-cfe6-4d42-b14c-e1f26acf9972"}
backend-1        | {"message": "symbols.plugins.cache.hit", "taskName": "starlette.middleware.base.BaseHTTPMiddleware.__call__.<locals>.call_next.<locals>.coro", "exchange_id": "HBDM", "plugin_id": "hbdm", "market": "futures", "key": "plugins:meta:symbols:hbdm:futures", "ts": 1772383722.1609309, "level": "INFO", "msg": "symbols.plugins.cache.hit", "service": "backend", "env": "development", "logger": "app.exchanges.symbols_service", "request_id": "1b1b9d5d-cfe6-4d42-b14c-e1f26acf9972"}
backend-1        | {"message": "symbols.source=plugins reason=coinapi_disabled_or_empty exchange=HBDM count=208", "taskName": "starlette.middleware.base.BaseHTTPMiddleware.__call__.<locals>.call_next.<locals>.coro", "ts": 1772383722.1612267, "level": "INFO", "msg": "symbols.source=plugins reason=coinapi_disabled_or_empty exchange=HBDM count=208", "service": "backend", "env": "development", "logger": "app.exchanges.symbols_service", "request_id": "1b1b9d5d-cfe6-4d42-b14c-e1f26acf9972"}
backend-1        | {"message": "plugins.resolve exchange_id=ASTERFINANCE normalized=asterfinance plugin_id=asterfinance found=true", "taskName": "starlette.middleware.base.BaseHTTPMiddleware.__call__.<locals>.call_next.<locals>.coro", "ts": 1772383722.2324018, "level": "INFO", "msg": "plugins.resolve exchange_id=ASTERFINANCE normalized=asterfinance plugin_id=asterfinance found=true", "service": "backend", "env": "development", "logger": "app.exchanges.symbols_service", "request_id": "1b1b9d5d-cfe6-4d42-b14c-e1f26acf9972"}
backend-1        | {"message": "symbols.plugins.cache.hit", "taskName": "starlette.middleware.base.BaseHTTPMiddleware.__call__.<locals>.call_next.<locals>.coro", "exchange_id": "ASTERFINANCE", "plugin_id": "asterfinance", "market": "futures", "key": "plugins:meta:symbols:asterfinance:futures", "ts": 1772383722.2343338, "level": "INFO", "msg": "symbols.plugins.cache.hit", "service": "backend", "env": "development", "logger": "app.exchanges.symbols_service", "request_id": "1b1b9d5d-cfe6-4d42-b14c-e1f26acf9972"}
backend-1        | {"message": "symbols.source=plugins reason=coinapi_disabled_or_empty exchange=ASTERFINANCE count=294", "taskName": "starlette.middleware.base.BaseHTTPMiddleware.__call__.<locals>.call_next.<locals>.coro", "ts": 1772383722.2346482, "level": "INFO", "msg": "symbols.source=plugins reason=coinapi_disabled_or_empty exchange=ASTERFINANCE count=294", "service": "backend", "env": "development", "logger": "app.exchanges.symbols_service", "request_id": "1b1b9d5d-cfe6-4d42-b14c-e1f26acf9972"}
backend-1        | {"message": "plugins.resolve exchange_id=BITMARTFTS normalized=bitmart plugin_id=bitmart found=true", "taskName": "starlette.middleware.base.BaseHTTPMiddleware.__call__.<locals>.call_next.<locals>.coro", "ts": 1772383722.3027139, "level": "INFO", "msg": "plugins.resolve exchange_id=BITMARTFTS normalized=bitmart plugin_id=bitmart found=true", "service": "backend", "env": "development", "logger": "app.exchanges.symbols_service", "request_id": "1b1b9d5d-cfe6-4d42-b14c-e1f26acf9972"}
backend-1        | {"message": "symbols.plugins.cache.hit", "taskName": "starlette.middleware.base.BaseHTTPMiddleware.__call__.<locals>.call_next.<locals>.coro", "exchange_id": "BITMARTFTS", "plugin_id": "bitmart", "market": "futures", "key": "plugins:meta:symbols:bitmart:futures", "ts": 1772383722.3050718, "level": "INFO", "msg": "symbols.plugins.cache.hit", "service": "backend", "env": "development", "logger": "app.exchanges.symbols_service", "request_id": "1b1b9d5d-cfe6-4d42-b14c-e1f26acf9972"}
backend-1        | {"message": "symbols.source=plugins reason=coinapi_disabled_or_empty exchange=BITMARTFTS count=616", "taskName": "starlette.middleware.base.BaseHTTPMiddleware.__call__.<locals>.call_next.<locals>.coro", "ts": 1772383722.305405, "level": "INFO", "msg": "symbols.source=plugins reason=coinapi_disabled_or_empty exchange=BITMARTFTS count=616", "service": "backend", "env": "development", "logger": "app.exchanges.symbols_service", "request_id": "1b1b9d5d-cfe6-4d42-b14c-e1f26acf9972"}
backend-1        | {"message": "plugins.resolve exchange_id=HBDM normalized=hbdm plugin_id=hbdm found=true", "taskName": "starlette.middleware.base.BaseHTTPMiddleware.__call__.<locals>.call_next.<locals>.coro", "ts": 1772383722.376625, "level": "INFO", "msg": "plugins.resolve exchange_id=HBDM normalized=hbdm plugin_id=hbdm found=true", "service": "backend", "env": "development", "logger": "app.exchanges.symbols_service", "request_id": "1b1b9d5d-cfe6-4d42-b14c-e1f26acf9972"}
backend-1        | {"message": "symbols.plugins.cache.hit", "taskName": "starlette.middleware.base.BaseHTTPMiddleware.__call__.<locals>.call_next.<locals>.coro", "exchange_id": "HBDM", "plugin_id": "hbdm", "market": "futures", "key": "plugins:meta:symbols:hbdm:futures", "ts": 1772383722.3783789, "level": "INFO", "msg": "symbols.plugins.cache.hit", "service": "backend", "env": "development", "logger": "app.exchanges.symbols_service", "request_id": "1b1b9d5d-cfe6-4d42-b14c-e1f26acf9972"}
backend-1        | {"message": "symbols.source=plugins reason=coinapi_disabled_or_empty exchange=HBDM count=208", "taskName": "starlette.middleware.base.BaseHTTPMiddleware.__call__.<locals>.call_next.<locals>.coro", "ts": 1772383722.3786767, "level": "INFO", "msg": "symbols.source=plugins reason=coinapi_disabled_or_empty exchange=HBDM count=208", "service": "backend", "env": "development", "logger": "app.exchanges.symbols_service", "request_id": "1b1b9d5d-cfe6-4d42-b14c-e1f26acf9972"}
backend-1        | {"message": "plugins.resolve exchange_id=ASTERFINANCE normalized=asterfinance plugin_id=asterfinance found=true", "taskName": "starlette.middleware.base.BaseHTTPMiddleware.__call__.<locals>.call_next.<locals>.coro", "ts": 1772383722.4436743, "level": "INFO", "msg": "plugins.resolve exchange_id=ASTERFINANCE normalized=asterfinance plugin_id=asterfinance found=true", "service": "backend", "env": "development", "logger": "app.exchanges.symbols_service", "request_id": "1b1b9d5d-cfe6-4d42-b14c-e1f26acf9972"}
backend-1        | {"message": "symbols.plugins.cache.hit", "taskName": "starlette.middleware.base.BaseHTTPMiddleware.__call__.<locals>.call_next.<locals>.coro", "exchange_id": "ASTERFINANCE", "plugin_id": "asterfinance", "market": "futures", "key": "plugins:meta:symbols:asterfinance:futures", "ts": 1772383722.4457963, "level": "INFO", "msg": "symbols.plugins.cache.hit", "service": "backend", "env": "development", "logger": "app.exchanges.symbols_service", "request_id": "1b1b9d5d-cfe6-4d42-b14c-e1f26acf9972"}
backend-1        | {"message": "symbols.source=plugins reason=coinapi_disabled_or_empty exchange=ASTERFINANCE count=294", "taskName": "starlette.middleware.base.BaseHTTPMiddleware.__call__.<locals>.call_next.<locals>.coro", "ts": 1772383722.4460676, "level": "INFO", "msg": "symbols.source=plugins reason=coinapi_disabled_or_empty exchange=ASTERFINANCE count=294", "service": "backend", "env": "development", "logger": "app.exchanges.symbols_service", "request_id": "1b1b9d5d-cfe6-4d42-b14c-e1f26acf9972"}
celery_beat-1    | [2026-03-01 16:48:42,487: INFO/MainProcess] Scheduler: Sending due task scanner.tick (app.tasks.scanner.scanner_tick)

celery_worker-1  | [2026-03-01 16:48:42,488: INFO/MainProcess] Task app.tasks.scanner.scanner_
celery_worker-1  | [2026-03-01 16:48:42,502: INFO/MainProcess] exchanges.enabled.file_probe resolved_path=/app/config/ex.json exists=True cwd=/app file_path=/app/config/ex.json size=449 mtime=2026-03-01T11:29:03.445839+00:00
celery_worker-1  | [2026-03-01 16:48:42,504: INFO/MainProcess] exchanges.enabled.source=file path=./config/ex.json mtime=2026-03-01T11:29:03.445839+00:00 count=4 raw_sample=['asterfinance', 'bitmart', 'coinex', 'hbdm'] normalized_sample=['asterfinance', 'bitmart', 'coinex', 'hbdm']
celery_worker-1  | [2026-03-01 16:48:42,504: INFO/MainProcess] scanner.tick.start
celery_worker-1  | [2026-03-01 16:48:42,512: INFO/MainProcess] scanner.tick.start
celery_worker-1  | [2026-03-01 16:48:42,512: INFO/MainProcess] scanner.tick.settings
backend-1        | {"message": "plugins.resolve exchange_id=BITMARTFTS normalized=bitmart plugin_id=bitmart found=true", "taskName": "starlette.middleware.base.BaseHTTPMiddleware.__call__.<locals>.call_next.<locals>.coro", "ts": 1772383722.5267673, "level": "INFO", "msg": "plugins.resolve exchange_id=BITMARTFTS normalized=bitmart plugin_id=bitmart found=true", "service": "backend", "env": "development", "logger": "app.exchanges.symbols_service", "request_id": "1b1b9d5d-cfe6-4d42-b14c-e1f26acf9972"}


backend-1        | {"message": "symbols.plugins.cache.hit", "taskName": "starlette.middleware.base.BaseHTTPMiddleware.__call__.<locals>.call_next.<locals>.coro", "exchange_id": "BITMARTFTS", "plugin_id": "bitmart", "market": "futures", "key": "plugins:meta:symbols:bitmart:futures", "ts": 1772383722.5302627, "level": "INFO", "msg": "symbols.plugins.cache.hit", "service": "backend", "env": "development", "logger": "app.exchanges.symbols_service", "request_id": "1b1b9d5d-cfe6-4d42-b14c-e1f26acf9972"}
backend-1        | {"message": "symbols.source=plugins reason=coinapi_disabled_or_empty exchange=BITMARTFTS count=616", "taskName": "starlette.middleware.base.BaseHTTPMiddleware.__call__.<locals>.call_next.<locals>.coro", "ts": 1772383722.5307827, "level": "INFO", "msg": "symbols.source=plugins reason=coinapi_disabled_or_empty exchange=BITMARTFTS count=616", "service": "backend", "env": "development", "logger": "app.exchanges.symbols_service", "request_id": "1b1b9d5d-cfe6-4d42-b14c-e1f26acf9972"}
celery_worker-1  | [2026-03-01 16:48:42,551: INFO/MainProcess] scanner.tick.pairs_loaded
celery_worker-1  | [2026-03-01 16:48:42,561: INFO/MainProcess] scanner.tick.coinapi_enabled=0 plugins_data_path=on
celery_worker-1  | [2026-03-01 16:48:42,561: INFO/MainProcess] scanner.tick.plugins_mode
celery_worker-1  | [2026-03-01 16:48:42,590: INFO/MainProcess] plugins.resolve exchange_id=BITMARTFTS normalized=bitmart plugin_id=bitmart found=true
backend-1        | {"message": "plugins.resolve exchange_id=COINEX normalized=coinex plugin_id=coinex found=true", "taskName": "starlette.middleware.base.BaseHTTPMiddleware.__call__.<locals>.call_next.<locals>.coro", "ts": 1772383722.5909548, "level": "INFO", "msg": "plugins.resolve exchange_id=COINEX normalized=coinex plugin_id=coinex found=true", "service": "backend", "env": "development", "logger": "app.exchanges.symbols_service", "request_id": "1b1b9d5d-cfe6-4d42-b14c-e1f26acf9972"}


celery_worker-1  | [2026-03-01 16:48:42,590: WARNING/MainProcess] symbols.plugins.cache.read_failed
backend-1        | {"message": "symbols.plugins.cache.hit", "taskName": "starlette.middleware.base.BaseHTTPMiddleware.__call__.<locals>.call_next.<locals>.coro", "exchange_id": "COINEX", "plugin_id": "coinex", "market": "futures", "key": "plugins:meta:symbols:coinex:futures", "ts": 1772383722.5931437, "level": "INFO", "msg": "symbols.plugins.cache.hit", "service": "backend", "env": "development", "logger": "app.exchanges.symbols_service", "request_id": "1b1b9d5d-cfe6-4d42-b14c-e1f26acf9972"}

celery_worker-1  | [2026-03-01 16:48:42,591: INFO/MainProcess] symbols.plugins.cache.miss
backend-1        | {"message": "symbols.source=plugins reason=coinapi_disabled_or_empty exchange=COINEX count=252", "taskName": "starlette.middleware.base.BaseHTTPMiddleware.__call__.<locals>.call_next.<locals>.coro", "ts": 1772383722.5934627, "level": "INFO", "msg": "symbols.source=plugins reason=coinapi_disabled_or_empty exchange=COINEX count=252", "service": "backend", "env": "development", "logger": "app.exchanges.symbols_service", "request_id": "1b1b9d5d-cfe6-4d42-b14c-e1f26acf9972"}
backend-1        | {"message": "plugins.resolve exchange_id=HBDM normalized=hbdm plugin_id=hbdm found=true", "taskName": "starlette.middleware.base.BaseHTTPMiddleware.__call__.<locals>.call_next.<locals>.coro", "ts": 1772383722.6653633, "level": "INFO", "msg": "plugins.resolve exchange_id=HBDM normalized=hbdm plugin_id=hbdm found=true", "service": "backend", "env": "development", "logger": "app.exchanges.symbols_service", "request_id": "1b1b9d5d-cfe6-4d42-b14c-e1f26acf9972"}
backend-1        | {"message": "symbols.plugins.cache.hit", "taskName": "starlette.middleware.base.BaseHTTPMiddleware.__call__.<locals>.call_next.<locals>.coro", "exchange_id": "HBDM", "plugin_id": "hbdm", "market": "futures", "key": "plugins:meta:symbols:hbdm:futures", "ts": 1772383722.6670322, "level": "INFO", "msg": "symbols.plugins.cache.hit", "service": "backend", "env": "development", "logger": "app.exchanges.symbols_service", "request_id": "1b1b9d5d-cfe6-4d42-b14c-e1f26acf9972"}
backend-1        | {"message": "symbols.source=plugins reason=coinapi_disabled_or_empty exchange=HBDM count=208", "taskName": "starlette.middleware.base.BaseHTTPMiddleware.__call__.<locals>.call_next.<locals>.coro", "ts": 1772383722.6672983, "level": "INFO", "msg": "symbols.source=plugins reason=coinapi_disabled_or_empty exchange=HBDM count=208", "service": "backend", "env": "development", "logger": "app.exchanges.symbols_service", "request_id": "1b1b9d5d-cfe6-4d42-b14c-e1f26acf9972"}
backend-1        | {"message": "plugins.resolve exchange_id=ASTERFINANCE normalized=asterfinance plugin_id=asterfinance found=true", "taskName": "starlette.middleware.base.BaseHTTPMiddleware.__call__.<locals>.call_next.<locals>.coro", "ts": 1772383722.7316942, "level": "INFO", "msg": "plugins.resolve exchange_id=ASTERFINANCE normalized=asterfinance plugin_id=asterfinance found=true", "service": "backend", "env": "development", "logger": "app.exchanges.symbols_service", "request_id": "1b1b9d5d-cfe6-4d42-b14c-e1f26acf9972"}
