celery_worker-1  | [2026-03-01 17:35:32,175: INFO/MainProcess] symbols.source=plugins reason=coinapi_disabled_or_empty exchange=COINEX count=252
celery_worker-1  | [2026-03-01 17:35:32,199: INFO/MainProcess] plugins.resolve exchange_id=ASTERFINANCE normalized=asterfinance plugin_id=asterfinance found=true
celery_worker-1  | [2026-03-01 17:35:32,201: INFO/MainProcess] symbols.plugins.cache.hit
celery_worker-1  | [2026-03-01 17:35:32,202: INFO/MainProcess] symbols.source=plugins reason=coinapi_disabled_or_empty exchange=ASTERFINANCE count=294
celery_worker-1  | [2026-03-01 17:35:32,454: INFO/MainProcess] scanner.tick.done
celery_worker-1  | [2026-03-01 17:35:32,454: INFO/MainProcess] scanner.tick.summary
celery_worker-1  | [2026-03-01 17:35:32,456: INFO/MainProcess] funding.pipeline.trigger
celery_worker-1  | [2026-03-01 17:35:32,456: INFO/MainProcess] funding.refresh_active.plugins_mode
celery_worker-1  | [2026-03-01 17:35:32,456: INFO/MainProcess] funding.mode
celery_worker-1  | [2026-03-01 17:35:32,497: INFO/MainProcess] exchanges.enabled.file_probe resolved_path=/app/config/ex.json exists=True cwd=/app file_path=/app/config/ex.json size=449 mtime=2026-03-01T11:29:03.445839+00:00
celery_worker-1  | [2026-03-01 17:35:32,499: INFO/MainProcess] exchanges.enabled.source=file path=./config/ex.json mtime=2026-03-01T11:29:03.445839+00:00 count=4 raw_sample=['asterfinance', 'bitmart', 'coinex', 'hbdm'] normalized_sample=['asterfinance', 'bitmart', 'coinex', 'hbdm']
celery_worker-1  | [2026-03-01 17:35:32,573: INFO/MainProcess] funding.pipeline.result
celery_worker-1  | [2026-03-01 17:35:32,573: INFO/MainProcess] scanner.tick.done
celery_worker-1  | [2026-03-01 17:35:32,573: INFO/MainProcess] Task app.tasks.scanner.scanner_tick[6e12a976-15d2-488f-b15d-306a25461e47] succeeded in 0.5171829889986839s: 0
nginx-1          | 127.0.0.1 - - [01/Mar/2026:17:35:32 +0000] "GET / HTTP/1.1" 200 1690 "-" "curl/8.12.1" "-"


celery_worker-1  | [2026-03-01 17:35:35,878: INFO/MainProcess] Task app.tasks.scanner.scanner_tick[dcab995b-2256-4023-889f-25ea985f95d3] received
celery_beat-1    | [2026-03-01 17:35:35,877: INFO/MainProcess] Scheduler: Sending due task scanner.tick (app.tasks.scanner.scanner_tick)
celery_worker-1  | [2026-03-01 17:35:35,888: INFO/MainProcess] exchanges.enabled.file_probe resolved_path=/app/config/ex.json exists=True cwd=/app file_path=/app/config/ex.json size=449 mtime=2026-03-01T11:29:03.445839+00:00
celery_worker-1  | [2026-03-01 17:35:35,890: INFO/MainProcess] exchanges.enabled.source=file path=./config/ex.json mtime=2026-03-01T11:29:03.445839+00:00 count=4 raw_sample=['asterfinance', 'bitmart', 'coinex', 'hbdm'] normalized_sample=['asterfinance', 'bitmart', 'coinex', 'hbdm']
celery_worker-1  | [2026-03-01 17:35:35,890: INFO/MainProcess] scanner.tick.start
celery_worker-1  | [2026-03-01 17:35:35,894: INFO/MainProcess] scanner.tick.start
celery_worker-1  | [2026-03-01 17:35:35,894: INFO/MainProcess] scanner.tick.settings
celery_worker-1  | [2026-03-01 17:35:35,970: INFO/MainProcess] scanner.tick.pairs_loaded
celery_worker-1  | [2026-03-01 17:35:35,975: INFO/MainProcess] scanner.tick.coinapi_enabled=0 plugins_data_path=on
celery_worker-1  | [2026-03-01 17:35:35,975: INFO/MainProcess] scanner.tick.plugins_mode
celery_worker-1  | [2026-03-01 17:35:35,999: INFO/MainProcess] plugins.resolve exchange_id=BITMARTFTS normalized=bitmart plugin_id=bitmart found=true
celery_worker-1  | [2026-03-01 17:35:36,001: INFO/MainProcess] symbols.plugins.cache.hit
celery_worker-1  | [2026-03-01 17:35:36,002: INFO/MainProcess] symbols.source=plugins reason=coinapi_disabled_or_empty exchange=BITMARTFTS count=616
celery_worker-1  | [2026-03-01 17:35:36,028: INFO/MainProcess] plugins.resolve exchange_id=HBDM normalized=hbdm plugin_id=hbdm found=true
celery_worker-1  | [2026-03-01 17:35:36,030: INFO/MainProcess] symbols.plugins.cache.hit
celery_worker-1  | [2026-03-01 17:35:36,031: INFO/MainProcess] symbols.source=plugins reason=coinapi_disabled_or_empty exchange=HBDM count=208
celery_worker-1  | [2026-03-01 17:35:36,055: INFO/MainProcess] plugins.resolve exchange_id=COINEX normalized=coinex plugin_id=coinex found=true
celery_worker-1  | [2026-03-01 17:35:36,057: INFO/MainProcess] symbols.plugins.cache.hit
celery_worker-1  | [2026-03-01 17:35:36,058: INFO/MainProcess] symbols.source=plugins reason=coinapi_disabled_or_empty exchange=COINEX count=252
celery_worker-1  | [2026-03-01 17:35:36,083: INFO/MainProcess] plugins.resolve exchange_id=ASTERFINANCE normalized=asterfinance plugin_id=asterfinance found=true
celery_worker-1  | [2026-03-01 17:35:36,085: INFO/MainProcess] symbols.plugins.cache.hit
celery_worker-1  | [2026-03-01 17:35:36,086: INFO/MainProcess] symbols.source=plugins reason=coinapi_disabled_or_empty exchange=ASTERFINANCE count=294
celery_worker-1  | [2026-03-01 17:35:36,344: INFO/MainProcess] scanner.tick.done
celery_worker-1  | [2026-03-01 17:35:36,344: INFO/MainProcess] scanner.tick.summary
celery_worker-1  | [2026-03-01 17:35:36,346: INFO/MainProcess] funding.pipeline.trigger
celery_worker-1  | [2026-03-01 17:35:36,347: INFO/MainProcess] funding.refresh_active.plugins_mode
celery_worker-1  | [2026-03-01 17:35:36,347: INFO/MainProcess] funding.mode
celery_worker-1  | [2026-03-01 17:35:36,388: INFO/MainProcess] exchanges.enabled.file_probe resolved_path=/app/config/ex.json exists=True cwd=/app file_path=/app/config/ex.json size=449 mtime=2026-03-01T11:29:03.445839+00:00
celery_worker-1  | [2026-03-01 17:35:36,389: INFO/MainProcess] exchanges.enabled.source=file path=./config/ex.json mtime=2026-03-01T11:29:03.445839+00:00 count=4 raw_sample=['asterfinance', 'bitmart', 'coinex', 'hbdm'] normalized_sample=['asterfinance', 'bitmart', 'coinex', 'hbdm']
celery_worker-1  | [2026-03-01 17:35:36,463: INFO/MainProcess] funding.pipeline.result
celery_worker-1  | [2026-03-01 17:35:36,463: INFO/MainProcess] scanner.tick.done
celery_worker-1  | [2026-03-01 17:35:36,464: INFO/MainProcess] Task app.tasks.scanner.scanner_tick[dcab995b-2256-4023-889f-25ea985f95d3] succeeded in 0.5859052760024497s: 0
backend-1        | {"message": "http.request", "taskName": "Task-8306", "request_id": "d5788c67-eff3-4f08-9e67-6d04fff63f96", "method": "GET", "path": "/health", "status_code": 200, "duration_ms": 5.57, "ts": 1772386537.4067738, "level": "INFO", "msg": "http.request", "service": "backend", "env": "development", "logger": "app.access"}
nginx-1          | 172.18.0.1 - - [01/Mar/2026:17:35:38 +0000] "GET / HTTP/1.1" 200 1690 "-" "Mozilla/5.0 (Windows NT 10.0; Win64; x64) AppleWebKit/537.36 (KHTML, like Gecko) Chrome/142.0.0.0 YaBrowser/25.12.0.0 Safari/537.36" "-"
nginx-1          | 172.18.0.1 - - [01/Mar/2026:17:35:38 +0000] "GET /assets/index-ZL4cessj.js HTTP/1.1" 200 375807 "http://localhost:8080/" "Mozilla/5.0 (Windows NT 10.0; Win64; x64) AppleWebKit/537.36 (KHTML, like Gecko) Chrome/142.0.0.0 YaBrowser/25.12.0.0 Safari/537.36" "-"
nginx-1          | 172.18.0.1 - - [01/Mar/2026:17:35:38 +0000] "GET /assets/index-ZBiJBbfL.css HTTP/1.1" 200 34874 "http://localhost:8080/" "Mozilla/5.0 (Windows NT 10.0; Win64; x64) AppleWebKit/537.36 (KHTML, like Gecko) Chrome/142.0.0.0 YaBrowser/25.12.0.0 Safari/537.36" "-"
nginx-1          | 172.18.0.1 - - [01/Mar/2026:17:35:38 +0000] "GET /assets/LandingPage-CUfGS4uq.js HTTP/1.1" 200 12231 "-" "Mozilla/5.0 (Windows NT 10.0; Win64; x64) AppleWebKit/537.36 (KHTML, like Gecko) Chrome/142.0.0.0 YaBrowser/25.12.0.0 Safari/537.36" "-"
nginx-1          | 172.18.0.1 - - [01/Mar/2026:17:35:38 +0000] "GET /assets/SeoMeta-DvcNRpEk.js HTTP/1.1" 200 1800 "-" "Mozilla/5.0 (Windows NT 10.0; Win64; x64) AppleWebKit/537.36 (KHTML, like Gecko) Chrome/142.0.0.0 YaBrowser/25.12.0.0 Safari/537.36" "-"
nginx-1          | 172.18.0.1 - - [01/Mar/2026:17:35:38 +0000] "GET /assets/logo.svg HTTP/1.1" 200 446 "http://localhost:8080/" "Mozilla/5.0 (Windows NT 10.0; Win64; x64) AppleWebKit/537.36 (KHTML, like Gecko) Chrome/142.0.0.0 YaBrowser/25.12.0.0 Safari/537.36" "-"


nginx-1          | 172.18.0.1 - - [01/Mar/2026:17:35:39 +0000] "GET /api/auth/me HTTP/1.1" 401 86 "http://localhost:8080/" "Mozilla/5.0 (Windows NT 10.0; Win64; x64) AppleWebKit/537.36 (KHTML, like Gecko) Chrome/142.0.0.0 YaBrowser/25.12.0.0 Safari/537.36" "-"
backend-1        | {"message": "auth.session_expired", "taskName": "starlette.middleware.base.BaseHTTPMiddleware.__call__.<locals>.call_next.<locals>.coro", "event": "auth.session_expired", "user_id": "ba89cea1-7a92-4c98-a6e4-e4dd76630d62", "jti": "67d3f32b73aa4a97ac1ec5817587b8bb", "reason": "expired", "request_id": "96917049-bb37-439f-a810-31f65cd36a90", "ip": "172.18.0.5", "user_agent": "Mozilla/5.0 (Windows NT 10.0; Win64; x64) AppleWebKit/537.36 (KHTML, like Gecko) Chrome/142.0.0.0 YaBrowser/25.12.0.0 Safari/537.36", "timestamp": "2026-03-01T17:35:39.016814+00:00", "ts": 1772386539.016843, "level": "INFO", "msg": "auth.session_expired", "service": "backend", "env": "development", "logger": "app.api.deps.auth"}
backend-1        | {"message": "http.request", "taskName": "Task-10138", "request_id": "96917049-bb37-439f-a810-31f65cd36a90", "method": "GET", "path": "/api/auth/me", "status_code": 401, "duration_ms": 14.19, "ts": 1772386539.017896, "level": "INFO", "msg": "http.request", "service": "backend", "env": "development", "logger": "app.access"}
backend-1        | {"message": "http.request", "taskName": "Task-10166", "request_id": "109fa695-45b0-4eda-be31-c34c6a859013", "method": "GET", "path": "/api/content", "status_code": 200, "duration_ms": 33.07, "ts": 1772386539.0775712, "level": "INFO", "msg": "http.request", "service": "backend", "env": "development", "logger": "app.access"}
nginx-1          | 172.18.0.1 - - [01/Mar/2026:17:35:39 +0000] "GET /api/content HTTP/1.1" 200 4635 "http://localhost:8080/" "Mozilla/5.0 (Windows NT 10.0; Win64; x64) AppleWebKit/537.36 (KHTML, like Gecko) Chrome/142.0.0.0 YaBrowser/25.12.0.0 Safari/537.36" "-"




backend-1        | {"message": "http.request", "taskName": "Task-10177", "request_id": "d210aefa-54aa-4ed2-aa7f-acb61b1aba1d", "method": "GET", "path": "/api/content", "status_code": 200, "duration_ms": 6.01, "ts": 1772386539.0879803, "level": "INFO", "msg": "http.request", "service": "backend", "env": "development", "logger": "app.access"}
nginx-1          | 172.18.0.1 - - [01/Mar/2026:17:35:39 +0000] "GET /api/content HTTP/1.1" 200 4635 "http://localhost:8080/" "Mozilla/5.0 (Windows NT 10.0; Win64; x64) AppleWebKit/537.36 (KHTML, like Gecko) Chrome/142.0.0.0 YaBrowser/25.12.0.0 Safari/537.36" "-"


backend-1        | {"message": "http.request", "taskName": "Task-10170", "request_id": "5e724a7f-fb3d-4587-83ee-dd6b790b2a39", "method": "GET", "path": "/api/plans", "status_code": 200, "duration_ms": 30.42, "ts": 1772386539.0902865, "level": "INFO", "msg": "http.request", "service": "backend", "env": "development", "logger": "app.access"}
nginx-1          | 172.18.0.1 - - [01/Mar/2026:17:35:39 +0000] "GET /api/plans HTTP/1.1" 200 1057 "http://localhost:8080/" "Mozilla/5.0 (Windows NT 10.0; Win64; x64) AppleWebKit/537.36 (KHTML, like Gecko) Chrome/142.0.0.0 YaBrowser/25.12.0.0 Safari/537.36" "-"
nginx-1          | 172.18.0.1 - - [01/Mar/2026:17:35:40 +0000] "POST /api/auth/login HTTP/1.1" 200 620 "http://localhost:8080/" "Mozilla/5.0 (Windows NT 10.0; Win64; x64) AppleWebKit/537.36 (KHTML, like Gecko) Chrome/142.0.0.0 YaBrowser/25.12.0.0 Safari/537.36" "-"
backend-1        | {"message": "auth.login_success", "taskName": "starlette.middleware.base.BaseHTTPMiddleware.__call__.<locals>.call_next.<locals>.coro", "event": "auth.login_success", "user_id": "43855dde-46f2-477b-b502-304338478a60", "jti": "dbbfab12b5824117b2169c652a2251ba", "reason": "credentials", "request_id": "f0cbfdb9-8a9a-4c8b-b232-9d0a8d56fb8c", "ip": "172.18.0.5", "user_agent": "Mozilla/5.0 (Windows NT 10.0; Win64; x64) AppleWebKit/537.36 (KHTML, like Gecko) Chrome/142.0.0.0 YaBrowser/25.12.0.0 Safari/537.36", "timestamp": "2026-03-01T17:35:40.487348+00:00", "email": "admin@example.com", "ts": 1772386540.4873936, "level": "INFO", "msg": "auth.login_success", "service": "backend", "env": "development", "logger": "app.services.auth_service"}
backend-1        | {"message": "http.request", "taskName": "Task-11550", "request_id": "f0cbfdb9-8a9a-4c8b-b232-9d0a8d56fb8c", "method": "POST", "path": "/api/auth/login", "status_code": 200, "duration_ms": 192.95, "ts": 1772386540.48834, "level": "INFO", "msg": "http.request", "service": "backend", "env": "development", "logger": "app.access"}
nginx-1          | 172.18.0.1 - - [01/Mar/2026:17:35:40 +0000] "GET /assets/ProfilePage-C3VxuhqI.js HTTP/1.1" 200 6910 "-" "Mozilla/5.0 (Windows NT 10.0; Win64; x64) AppleWebKit/537.36 (KHTML, like Gecko) Chrome/142.0.0.0 YaBrowser/25.12.0.0 Safari/537.36" "-"
celery_beat-1    | [2026-03-01 17:35:40,877: INFO/MainProcess] Scheduler: Sending due task scanner.tick (app.tasks.scanner.scanner_tick)
celery_worker-1  | [2026-03-01 17:35:40,878: INFO/MainProcess] Task app.tasks.scanner.scanner_tick[e596c6c0-9d35-4d9d-bc06-0419be1ae9fe] received
celery_worker-1  | [2026-03-01 17:35:40,890: INFO/MainProcess] exchanges.enabled.file_probe resolved_path=/app/config/ex.json exists=True cwd=/app file_path=/app/config/ex.json size=449 mtime=2026-03-01T11:29:03.445839+00:00
celery_worker-1  | [2026-03-01 17:35:40,892: INFO/MainProcess] exchanges.enabled.source=file path=./config/ex.json mtime=2026-03-01T11:29:03.445839+00:00 count=4 raw_sample=['asterfinance', 'bitmart', 'coinex', 'hbdm'] normalized_sample=['asterfinance', 'bitmart', 'coinex', 'hbdm']
celery_worker-1  | [2026-03-01 17:35:40,892: INFO/MainProcess] scanner.tick.start
celery_worker-1  | [2026-03-01 17:35:40,896: INFO/MainProcess] scanner.tick.start
celery_worker-1  | [2026-03-01 17:35:40,896: INFO/MainProcess] scanner.tick.settings
celery_worker-1  | [2026-03-01 17:35:40,916: INFO/MainProcess] scanner.tick.pairs_loaded
celery_worker-1  | [2026-03-01 17:35:40,921: INFO/MainProcess] scanner.tick.coinapi_enabled=0 plugins_data_path=on
celery_worker-1  | [2026-03-01 17:35:40,921: INFO/MainProcess] scanner.tick.plugins_mode
celery_worker-1  | [2026-03-01 17:35:40,973: INFO/MainProcess] plugins.resolve exchange_id=BITMARTFTS normalized=bitmart plugin_id=bitmart found=true
celery_worker-1  | [2026-03-01 17:35:40,975: INFO/MainProcess] symbols.plugins.cache.hit
celery_worker-1  | [2026-03-01 17:35:40,976: INFO/MainProcess] symbols.source=plugins reason=coinapi_disabled_or_empty exchange=BITMARTFTS count=616
celery_worker-1  | [2026-03-01 17:35:41,024: INFO/MainProcess] plugins.resolve exchange_id=HBDM normalized=hbdm plugin_id=hbdm found=true
celery_worker-1  | [2026-03-01 17:35:41,026: INFO/MainProcess] symbols.plugins.cache.hit
celery_worker-1  | [2026-03-01 17:35:41,027: INFO/MainProcess] symbols.source=plugins reason=coinapi_disabled_or_empty exchange=HBDM count=208
celery_worker-1  | [2026-03-01 17:35:41,065: INFO/MainProcess] plugins.resolve exchange_id=COINEX normalized=coinex plugin_id=coinex found=true
celery_worker-1  | [2026-03-01 17:35:41,067: INFO/MainProcess] symbols.plugins.cache.hit
celery_worker-1  | [2026-03-01 17:35:41,068: INFO/MainProcess] symbols.source=plugins reason=coinapi_disabled_or_empty exchange=COINEX count=252
celery_worker-1  | [2026-03-01 17:35:41,105: INFO/MainProcess] plugins.resolve exchange_id=ASTERFINANCE normalized=asterfinance plugin_id=asterfinance found=true
celery_worker-1  | [2026-03-01 17:35:41,107: INFO/MainProcess] symbols.plugins.cache.hit
celery_worker-1  | [2026-03-01 17:35:41,108: INFO/MainProcess] symbols.source=plugins reason=coinapi_disabled_or_empty exchange=ASTERFINANCE count=294
nginx-1          | 172.18.0.1 - - [01/Mar/2026:17:35:41 +0000] "GET /assets/ScannerPage-exEJZyVT.js HTTP/1.1" 200 104821 "-" "Mozilla/5.0 (Windows NT 10.0; Win64; x64) AppleWebKit/537.36 (KHTML, like Gecko) Chrome/142.0.0.0 YaBrowser/25.12.0.0 Safari/537.36" "-"
nginx-1          | 172.18.0.1 - - [01/Mar/2026:17:35:41 +0000] "GET /assets/lightweight-charts.production-DT4nR-EQ.js HTTP/1.1" 200 163960 "-" "Mozilla/5.0 (Windows NT 10.0; Win64; x64) AppleWebKit/537.36 (KHTML, like Gecko) Chrome/142.0.0.0 YaBrowser/25.12.0.0 Safari/537.36" "-"
nginx-1          | 172.18.0.1 - - [01/Mar/2026:17:35:41 +0000] "GET /api/health HTTP/1.1" 200 111 "http://localhost:8080/scanner" "Mozilla/5.0 (Windows NT 10.0; Win64; x64) AppleWebKit/537.36 (KHTML, like Gecko) Chrome/142.0.0.0 YaBrowser/25.12.0.0 Safari/537.36" "-"
backend-1        | {"message": "http.request", "taskName": "Task-12143", "request_id": "5653a96d-e61d-4632-857e-df1bfa267a59", "method": "GET", "path": "/api/health", "status_code": 200, "duration_ms": 9.81, "ts": 1772386541.317848, "level": "INFO", "msg": "http.request", "service": "backend", "env": "development", "logger": "app.access"}
nginx-1          | 172.18.0.1 - - [01/Mar/2026:17:35:41 +0000] "GET /api/meta/exchanges HTTP/1.1" 200 3690 "http://localhost:8080/scanner" "Mozilla/5.0 (Windows NT 10.0; Win64; x64) AppleWebKit/537.36 (KHTML, like Gecko) Chrome/142.0.0.0 YaBrowser/25.12.0.0 Safari/537.36" "-"
backend-1        | {"message": "http.request", "taskName": "Task-12145", "request_id": "db1c04e5-5e41-4c5e-9f22-fdfb56fedbec", "method": "GET", "path": "/api/meta/exchanges", "status_code": 200, "duration_ms": 8.47, "ts": 1772386541.3183374, "level": "INFO", "msg": "http.request", "service": "backend", "env": "development", "logger": "app.access"}




nginx-1          | 172.18.0.1 - - [01/Mar/2026:17:35:41 +0000] "GET /api/scanner/provider-health HTTP/1.1" 200 42 "http://localhost:8080/scanner" "Mozilla/5.0 (Windows NT 10.0; Win64; x64) AppleWebKit/537.36 (KHTML, like Gecko) Chrome/142.0.0.0 YaBrowser/25.12.0.0 Safari/537.36" "-"
backend-1        | {"message": "http.request", "taskName": "Task-12147", "request_id": "a7cd595b-75d9-45b0-a3a5-242a14308687", "method": "GET", "path": "/api/scanner/provider-health", "status_code": 200, "duration_ms": 15.6, "ts": 1772386541.3410237, "level": "INFO", "msg": "http.request", "service": "backend", "env": "development", "logger": "app.access"}
backend-1        | {"message": "pairs.initial", "taskName": "starlette.middleware.base.BaseHTTPMiddleware.__call__.<locals>.call_next.<locals>.coro", "user_id": "43855dde-46f2-477b-b502-304338478a60", "paywall": false, "batch_size": 1500, "limit": 1500, "ts": 1772386541.3824966, "level": "INFO", "msg": "pairs.initial", "service": "backend", "env": "development", "logger": "app.api.routers.pairs_v1", "request_id": "0c8b5d13-3a5d-4a52-afac-a3db7d859dcf"}
celery_worker-1  | [2026-03-01 17:35:41,387: INFO/MainProcess] scanner.tick.done
celery_worker-1  | [2026-03-01 17:35:41,387: INFO/MainProcess] scanner.tick.summary
celery_worker-1  | [2026-03-01 17:35:41,390: INFO/MainProcess] funding.pipeline.trigger
celery_worker-1  | [2026-03-01 17:35:41,390: INFO/MainProcess] funding.refresh_active.plugins_mode
celery_worker-1  | [2026-03-01 17:35:41,390: INFO/MainProcess] funding.mode
celery_worker-1  | [2026-03-01 17:35:41,425: INFO/MainProcess] exchanges.enabled.file_probe resolved_path=/app/config/ex.json exists=True cwd=/app file_path=/app/config/ex.json size=449 mtime=2026-03-01T11:29:03.445839+00:00
backend-1        | {"message": "http.request", "taskName": "Task-12141", "request_id": "0c8b5d13-3a5d-4a52-afac-a3db7d859dcf", "method": "GET", "path": "/api/v1/pairs/initial", "status_code": 200, "duration_ms": 134.46, "ts": 1772386541.426513, "level": "INFO", "msg": "http.request", "service": "backend", "env": "development", "logger": "app.access"}




celery_worker-1  | [2026-03-01 17:35:41,427: INFO/MainProcess] exchanges.enabled.source=file path=./config/ex.json mtime=2026-03-01T11:29:03.445839+00:00 count=4 raw_sample=['asterfinance', 'bitmart', 'coinex', 'hbdm'] normalized_sample=['asterfinance', 'bitmart', 'coinex', 'hbdm']
nginx-1          | 172.18.0.1 - - [01/Mar/2026:17:35:41 +0000] "GET /api/v1/pairs/initial?page=1&page_size=5000 HTTP/1.1" 200 2779615 "http://localhost:8080/scanner" "Mozilla/5.0 (Windows NT 10.0; Win64; x64) AppleWebKit/537.36 (KHTML, like Gecko) Chrome/142.0.0.0 YaBrowser/25.12.0.0 Safari/537.36" "-"
celery_worker-1  | [2026-03-01 17:35:41,537: INFO/MainProcess] funding.pipeline.result
celery_worker-1  | [2026-03-01 17:35:41,537: INFO/MainProcess] scanner.tick.done
celery_worker-1  | [2026-03-01 17:35:41,537: INFO/MainProcess] Task app.tasks.scanner.scanner_tick[e596c6c0-9d35-4d9d-bc06-0419be1ae9fe] succeeded in 0.6589690809996682s: 0
backend-1        | {"message": "plugins.resolve exchange_id=ASTERFINANCE normalized=asterfinance plugin_id=asterfinance found=true", "taskName": "starlette.middleware.base.BaseHTTPMiddleware.__call__.<locals>.call_next.<locals>.coro", "ts": 1772386541.996392, "level": "INFO", "msg": "plugins.resolve exchange_id=ASTERFINANCE normalized=asterfinance plugin_id=asterfinance found=true", "service": "backend", "env": "development", "logger": "app.exchanges.symbols_service", "request_id": "749c5153-7e44-4809-8515-008202053d7a"}
backend-1        | {"message": "symbols.plugins.cache.hit", "taskName": "starlette.middleware.base.BaseHTTPMiddleware.__call__.<locals>.call_next.<locals>.coro", "exchange_id": "ASTERFINANCE", "plugin_id": "asterfinance", "market": "futures", "key": "plugins:meta:symbols:asterfinance:futures", "ts": 1772386541.997535, "level": "INFO", "msg": "symbols.plugins.cache.hit", "service": "backend", "env": "development", "logger": "app.exchanges.symbols_service", "request_id": "749c5153-7e44-4809-8515-008202053d7a"}
backend-1        | {"message": "symbols.source=plugins reason=coinapi_disabled_or_empty exchange=ASTERFINANCE count=294", "taskName": "starlette.middleware.base.BaseHTTPMiddleware.__call__.<locals>.call_next.<locals>.coro", "ts": 1772386541.9980388, "level": "INFO", "msg": "symbols.source=plugins reason=coinapi_disabled_or_empty exchange=ASTERFINANCE count=294", "service": "backend", "env": "development", "logger": "app.exchanges.symbols_service", "request_id": "749c5153-7e44-4809-8515-008202053d7a"}
backend-1        | {"message": "plugins.resolve exchange_id=COINEX normalized=coinex plugin_id=coinex found=true", "taskName": "starlette.middleware.base.BaseHTTPMiddleware.__call__.<locals>.call_next.<locals>.coro", "ts": 1772386542.0570164, "level": "INFO", "msg": "plugins.resolve exchange_id=COINEX normalized=coinex plugin_id=coinex found=true", "service": "backend", "env": "development", "logger": "app.exchanges.symbols_service", "request_id": "749c5153-7e44-4809-8515-008202053d7a"}
backend-1        | {"message": "symbols.plugins.cache.hit", "taskName": "starlette.middleware.base.BaseHTTPMiddleware.__call__.<locals>.call_next.<locals>.coro", "exchange_id": "COINEX", "plugin_id": "coinex", "market": "futures", "key": "plugins:meta:symbols:coinex:futures", "ts": 1772386542.0590854, "level": "INFO", "msg": "symbols.plugins.cache.hit", "service": "backend", "env": "development", "logger": "app.exchanges.symbols_service", "request_id": "749c5153-7e44-4809-8515-008202053d7a"}
backend-1        | {"message": "symbols.source=plugins reason=coinapi_disabled_or_empty exchange=COINEX count=252", "taskName": "starlette.middleware.base.BaseHTTPMiddleware.__call__.<locals>.call_next.<locals>.coro", "ts": 1772386542.0595303, "level": "INFO", "msg": "symbols.source=plugins reason=coinapi_disabled_or_empty exchange=COINEX count=252", "service": "backend", "env": "development", "logger": "app.exchanges.symbols_service", "request_id": "749c5153-7e44-4809-8515-008202053d7a"}
backend-1        | {"message": "plugins.resolve exchange_id=HBDM normalized=hbdm plugin_id=hbdm found=true", "taskName": "starlette.middleware.base.BaseHTTPMiddleware.__call__.<locals>.call_next.<locals>.coro", "ts": 1772386542.1110842, "level": "INFO", "msg": "plugins.resolve exchange_id=HBDM normalized=hbdm plugin_id=hbdm found=true", "service": "backend", "env": "development", "logger": "app.exchanges.symbols_service", "request_id": "749c5153-7e44-4809-8515-008202053d7a"}
backend-1        | {"message": "symbols.plugins.cache.hit", "taskName": "starlette.middleware.base.BaseHTTPMiddleware.__call__.<locals>.call_next.<locals>.coro", "exchange_id": "HBDM", "plugin_id": "hbdm", "market": "futures", "key": "plugins:meta:symbols:hbdm:futures", "ts": 1772386542.1127238, "level": "INFO", "msg": "symbols.plugins.cache.hit", "service": "backend", "env": "development", "logger": "app.exchanges.symbols_service", "request_id": "749c5153-7e44-4809-8515-008202053d7a"}
backend-1        | {"message": "symbols.source=plugins reason=coinapi_disabled_or_empty exchange=HBDM count=208", "taskName": "starlette.middleware.base.BaseHTTPMiddleware.__call__.<locals>.call_next.<locals>.coro", "ts": 1772386542.1129787, "level": "INFO", "msg": "symbols.source=plugins reason=coinapi_disabled_or_empty exchange=HBDM count=208", "service": "backend", "env": "development", "logger": "app.exchanges.symbols_service", "request_id": "749c5153-7e44-4809-8515-008202053d7a"}
backend-1        | {"message": "plugins.resolve exchange_id=BITMARTFTS normalized=bitmart plugin_id=bitmart found=true", "taskName": "starlette.middleware.base.BaseHTTPMiddleware.__call__.<locals>.call_next.<locals>.coro", "ts": 1772386542.165078, "level": "INFO", "msg": "plugins.resolve exchange_id=BITMARTFTS normalized=bitmart plugin_id=bitmart found=true", "service": "backend", "env": "development", "logger": "app.exchanges.symbols_service", "request_id": "749c5153-7e44-4809-8515-008202053d7a"}
backend-1        | {"message": "symbols.plugins.cache.hit", "taskName": "starlette.middleware.base.BaseHTTPMiddleware.__call__.<locals>.call_next.<locals>.coro", "exchange_id": "BITMARTFTS", "plugin_id": "bitmart", "market": "futures", "key": "plugins:meta:symbols:bitmart:futures", "ts": 1772386542.1673515, "level": "INFO", "msg": "symbols.plugins.cache.hit", "service": "backend", "env": "development", "logger": "app.exchanges.symbols_service", "request_id": "749c5153-7e44-4809-8515-008202053d7a"}
backend-1        | {"message": "symbols.source=plugins reason=coinapi_disabled_or_empty exchange=BITMARTFTS count=616", "taskName": "starlette.middleware.base.BaseHTTPMiddleware.__call__.<locals>.call_next.<locals>.coro", "ts": 1772386542.1676526, "level": "INFO", "msg": "symbols.source=plugins reason=coinapi_disabled_or_empty exchange=BITMARTFTS count=616", "service": "backend", "env": "development", "logger": "app.exchanges.symbols_service", "request_id": "749c5153-7e44-4809-8515-008202053d7a"}
backend-1        | {"message": "plugins.resolve exchange_id=ASTERFINANCE normalized=asterfinance plugin_id=asterfinance found=true", "taskName": "starlette.middleware.base.BaseHTTPMiddleware.__call__.<locals>.call_next.<locals>.coro", "ts": 1772386542.2221453, "level": "INFO", "msg": "plugins.resolve exchange_id=ASTERFINANCE normalized=asterfinance plugin_id=asterfinance found=true", "service": "backend", "env": "development", "logger": "app.exchanges.symbols_service", "request_id": "749c5153-7e44-4809-8515-008202053d7a"}
backend-1        | {"message": "symbols.plugins.cache.hit", "taskName": "starlette.middleware.base.BaseHTTPMiddleware.__call__.<locals>.call_next.<locals>.coro", "exchange_id": "ASTERFINANCE", "plugin_id": "asterfinance", "market": "futures", "key": "plugins:meta:symbols:asterfinance:futures", "ts": 1772386542.2239435, "level": "INFO", "msg": "symbols.plugins.cache.hit", "service": "backend", "env": "development", "logger": "app.exchanges.symbols_service", "request_id": "749c5153-7e44-4809-8515-008202053d7a"}
backend-1        | {"message": "symbols.source=plugins reason=coinapi_disabled_or_empty exchange=ASTERFINANCE count=294", "taskName": "starlette.middleware.base.BaseHTTPMiddleware.__call__.<locals>.call_next.<locals>.coro", "ts": 1772386542.2242284, "level": "INFO", "msg": "symbols.source=plugins reason=coinapi_disabled_or_empty exchange=ASTERFINANCE count=294", "service": "backend", "env": "development", "logger": "app.exchanges.symbols_service", "request_id": "749c5153-7e44-4809-8515-008202053d7a"}
backend-1        | {"message": "plugins.resolve exchange_id=BITMARTFTS normalized=bitmart plugin_id=bitmart found=true", "taskName": "starlette.middleware.base.BaseHTTPMiddleware.__call__.<locals>.call_next.<locals>.coro", "ts": 1772386542.2764988, "level": "INFO", "msg": "plugins.resolve exchange_id=BITMARTFTS normalized=bitmart plugin_id=bitmart found=true", "service": "backend", "env": "development", "logger": "app.exchanges.symbols_service", "request_id": "749c5153-7e44-4809-8515-008202053d7a"}
backend-1        | {"message": "symbols.plugins.cache.hit", "taskName": "starlette.middleware.base.BaseHTTPMiddleware.__call__.<locals>.call_next.<locals>.coro", "exchange_id": "BITMARTFTS", "plugin_id": "bitmart", "market": "futures", "key": "plugins:meta:symbols:bitmart:futures", "ts": 1772386542.2787552, "level": "INFO", "msg": "symbols.plugins.cache.hit", "service": "backend", "env": "development", "logger": "app.exchanges.symbols_service", "request_id": "749c5153-7e44-4809-8515-008202053d7a"}
backend-1        | {"message": "symbols.source=plugins reason=coinapi_disabled_or_empty exchange=BITMARTFTS count=616", "taskName": "starlette.middleware.base.BaseHTTPMiddleware.__call__.<locals>.call_next.<locals>.coro", "ts": 1772386542.2790546, "level": "INFO", "msg": "symbols.source=plugins reason=coinapi_disabled_or_empty exchange=BITMARTFTS count=616", "service": "backend", "env": "development", "logger": "app.exchanges.symbols_service", "request_id": "749c5153-7e44-4809-8515-008202053d7a"}
backend-1        | {"message": "plugins.resolve exchange_id=ASTERFINANCE normalized=asterfinance plugin_id=asterfinance found=true", "taskName": "starlette.middleware.base.BaseHTTPMiddleware.__call__.<locals>.call_next.<locals>.coro", "ts": 1772386542.3348887, "level": "INFO", "msg": "plugins.resolve exchange_id=ASTERFINANCE normalized=asterfinance plugin_id=asterfinance found=true", "service": "backend", "env": "development", "logger": "app.exchanges.symbols_service", "request_id": "749c5153-7e44-4809-8515-008202053d7a"}
backend-1        | {"message": "symbols.plugins.cache.hit", "taskName": "starlette.middleware.base.BaseHTTPMiddleware.__call__.<locals>.call_next.<locals>.coro", "exchange_id": "ASTERFINANCE", "plugin_id": "asterfinance", "market": "futures", "key": "plugins:meta:symbols:asterfinance:futures", "ts": 1772386542.337056, "level": "INFO", "msg": "symbols.plugins.cache.hit", "service": "backend", "env": "development", "logger": "app.exchanges.symbols_service", "request_id": "749c5153-7e44-4809-8515-008202053d7a"}
backend-1        | {"message": "symbols.source=plugins reason=coinapi_disabled_or_empty exchange=ASTERFINANCE count=294", "taskName": "starlette.middleware.base.BaseHTTPMiddleware.__call__.<locals>.call_next.<locals>.coro", "ts": 1772386542.3373132, "level": "INFO", "msg": "symbols.source=plugins reason=coinapi_disabled_or_empty exchange=ASTERFINANCE count=294", "service": "backend", "env": "development", "logger": "app.exchanges.symbols_service", "request_id": "749c5153-7e44-4809-8515-008202053d7a"}
backend-1        | {"message": "plugins.resolve exchange_id=BITMARTFTS normalized=bitmart plugin_id=bitmart found=true", "taskName": "starlette.middleware.base.BaseHTTPMiddleware.__call__.<locals>.call_next.<locals>.coro", "ts": 1772386542.3983765, "level": "INFO", "msg": "plugins.resolve exchange_id=BITMARTFTS normalized=bitmart plugin_id=bitmart found=true", "service": "backend", "env": "development", "logger": "app.exchanges.symbols_service", "request_id": "749c5153-7e44-4809-8515-008202053d7a"}
backend-1        | {"message": "symbols.plugins.cache.hit", "taskName": "starlette.middleware.base.BaseHTTPMiddleware.__call__.<locals>.call_next.<locals>.coro", "exchange_id": "BITMARTFTS", "plugin_id": "bitmart", "market": "futures", "key": "plugins:meta:symbols:bitmart:futures", "ts": 1772386542.400839, "level": "INFO", "msg": "symbols.plugins.cache.hit", "service": "backend", "env": "development", "logger": "app.exchanges.symbols_service", "request_id": "749c5153-7e44-4809-8515-008202053d7a"}
backend-1        | {"message": "symbols.source=plugins reason=coinapi_disabled_or_empty exchange=BITMARTFTS count=616", "taskName": "starlette.middleware.base.BaseHTTPMiddleware.__call__.<locals>.call_next.<locals>.coro", "ts": 1772386542.4011812, "level": "INFO", "msg": "symbols.source=plugins reason=coinapi_disabled_or_empty exchange=BITMARTFTS count=616", "service": "backend", "env": "development", "logger": "app.exchanges.symbols_service", "request_id": "749c5153-7e44-4809-8515-008202053d7a"}
backend-1        | {"message": "plugins.resolve exchange_id=ASTERFINANCE normalized=asterfinance plugin_id=asterfinance found=true", "taskName": "starlette.middleware.base.BaseHTTPMiddleware.__call__.<locals>.call_next.<locals>.coro", "ts": 1772386542.4526167, "level": "INFO", "msg": "plugins.resolve exchange_id=ASTERFINANCE normalized=asterfinance plugin_id=asterfinance found=true", "service": "backend", "env": "development", "logger": "app.exchanges.symbols_service", "request_id": "749c5153-7e44-4809-8515-008202053d7a"}
backend-1        | {"message": "symbols.plugins.cache.hit", "taskName": "starlette.middleware.base.BaseHTTPMiddleware.__call__.<locals>.call_next.<locals>.coro", "exchange_id": "ASTERFINANCE", "plugin_id": "asterfinance", "market": "futures", "key": "plugins:meta:symbols:asterfinance:futures", "ts": 1772386542.4544737, "level": "INFO", "msg": "symbols.plugins.cache.hit", "service": "backend", "env": "development", "logger": "app.exchanges.symbols_service", "request_id": "749c5153-7e44-4809-8515-008202053d7a"}
backend-1        | {"message": "symbols.source=plugins reason=coinapi_disabled_or_empty exchange=ASTERFINANCE count=294", "taskName": "starlette.middleware.base.BaseHTTPMiddleware.__call__.<locals>.call_next.<locals>.coro", "ts": 1772386542.4547849, "level": "INFO", "msg": "symbols.source=plugins reason=coinapi_disabled_or_empty exchange=ASTERFINANCE count=294", "service": "backend", "env": "development", "logger": "app.exchanges.symbols_service", "request_id": "749c5153-7e44-4809-8515-008202053d7a"}
backend-1        | {"message": "plugins.resolve exchange_id=BITMARTFTS normalized=bitmart plugin_id=bitmart found=true", "taskName": "starlette.middleware.base.BaseHTTPMiddleware.__call__.<locals>.call_next.<locals>.coro", "ts": 1772386542.504146, "level": "INFO", "msg": "plugins.resolve exchange_id=BITMARTFTS normalized=bitmart plugin_id=bitmart found=true", "service": "backend", "env": "development", "logger": "app.exchanges.symbols_service", "request_id": "749c5153-7e44-4809-8515-008202053d7a"}
backend-1        | {"message": "symbols.plugins.cache.hit", "taskName": "starlette.middleware.base.BaseHTTPMiddleware.__call__.<locals>.call_next.<locals>.coro", "exchange_id": "BITMARTFTS", "plugin_id": "bitmart", "market": "futures", "key": "plugins:meta:symbols:bitmart:futures", "ts": 1772386542.506368, "level": "INFO", "msg": "symbols.plugins.cache.hit", "service": "backend", "env": "development", "logger": "app.exchanges.symbols_service", "request_id": "749c5153-7e44-4809-8515-008202053d7a"}
backend-1        | {"message": "symbols.source=plugins reason=coinapi_disabled_or_empty exchange=BITMARTFTS count=616", "taskName": "starlette.middleware.base.BaseHTTPMiddleware.__call__.<locals>.call_next.<locals>.coro", "ts": 1772386542.5066264, "level": "INFO", "msg": "symbols.source=plugins reason=coinapi_disabled_or_empty exchange=BITMARTFTS count=616", "service": "backend", "env": "development", "logger": "app.exchanges.symbols_service", "request_id": "749c5153-7e44-4809-8515-008202053d7a"}
backend-1        | {"message": "plugins.resolve exchange_id=COINEX normalized=coinex plugin_id=coinex found=true", "taskName": "starlette.middleware.base.BaseHTTPMiddleware.__call__.<locals>.call_next.<locals>.coro", "ts": 1772386542.5488765, "level": "INFO", "msg": "plugins.resolve exchange_id=COINEX normalized=coinex plugin_id=coinex found=true", "service": "backend", "env": "development", "logger": "app.exchanges.symbols_service", "request_id": "749c5153-7e44-4809-8515-008202053d7a"}
backend-1        | {"message": "symbols.plugins.cache.hit", "taskName": "starlette.middleware.base.BaseHTTPMiddleware.__call__.<locals>.call_next.<locals>.coro", "exchange_id": "COINEX", "plugin_id": "coinex", "market": "futures", "key": "plugins:meta:symbols:coinex:futures", "ts": 1772386542.550667, "level": "INFO", "msg": "symbols.plugins.cache.hit", "service": "backend", "env": "development", "logger": "app.exchanges.symbols_service", "request_id": "749c5153-7e44-4809-8515-008202053d7a"}
backend-1        | {"message": "symbols.source=plugins reason=coinapi_disabled_or_empty exchange=COINEX count=252", "taskName": "starlette.middleware.base.BaseHTTPMiddleware.__call__.<locals>.call_next.<locals>.coro", "ts": 1772386542.550985, "level": "INFO", "msg": "symbols.source=plugins reason=coinapi_disabled_or_empty exchange=COINEX count=252", "service": "backend", "env": "development", "logger": "app.exchanges.symbols_service", "request_id": "749c5153-7e44-4809-8515-008202053d7a"}
backend-1        | {"message": "plugins.resolve exchange_id=HBDM normalized=hbdm plugin_id=hbdm found=true", "taskName": "starlette.middleware.base.BaseHTTPMiddleware.__call__.<locals>.call_next.<locals>.coro", "ts": 1772386542.5866897, "level": "INFO", "msg": "plugins.resolve exchange_id=HBDM normalized=hbdm plugin_id=hbdm found=true", "service": "backend", "env": "development", "logger": "app.exchanges.symbols_service", "request_id": "749c5153-7e44-4809-8515-008202053d7a"}
backend-1        | {"message": "symbols.plugins.cache.hit", "taskName": "starlette.middleware.base.BaseHTTPMiddleware.__call__.<locals>.call_next.<locals>.coro", "exchange_id": "HBDM", "plugin_id": "hbdm", "market": "futures", "key": "plugins:meta:symbols:hbdm:futures", "ts": 1772386542.588495, "level": "INFO", "msg": "symbols.plugins.cache.hit", "service": "backend", "env": "development", "logger": "app.exchanges.symbols_service", "request_id": "749c5153-7e44-4809-8515-008202053d7a"}
backend-1        | {"message": "symbols.source=plugins reason=coinapi_disabled_or_empty exchange=HBDM count=208", "taskName": "starlette.middleware.base.BaseHTTPMiddleware.__call__.<locals>.call_next.<locals>.coro", "ts": 1772386542.588788, "level": "INFO", "msg": "symbols.source=plugins reason=coinapi_disabled_or_empty exchange=HBDM count=208", "service": "backend", "env": "development", "logger": "app.exchanges.symbols_service", "request_id": "749c5153-7e44-4809-8515-008202053d7a"}
backend-1        | {"message": "plugins.resolve exchange_id=ASTERFINANCE normalized=asterfinance plugin_id=asterfinance found=true", "taskName": "starlette.middleware.base.BaseHTTPMiddleware.__call__.<locals>.call_next.<locals>.coro", "ts": 1772386542.6258295, "level": "INFO", "msg": "plugins.resolve exchange_id=ASTERFINANCE normalized=asterfinance plugin_id=asterfinance found=true", "service": "backend", "env": "development", "logger": "app.exchanges.symbols_service", "request_id": "749c5153-7e44-4809-8515-008202053d7a"}
backend-1        | {"message": "symbols.plugins.cache.hit", "taskName": "starlette.middleware.base.BaseHTTPMiddleware.__call__.<locals>.call_next.<locals>.coro", "exchange_id": "ASTERFINANCE", "plugin_id": "asterfinance", "market": "futures", "key": "plugins:meta:symbols:asterfinance:futures", "ts": 1772386542.6276987, "level": "INFO", "msg": "symbols.plugins.cache.hit", "service": "backend", "env": "development", "logger": "app.exchanges.symbols_service", "request_id": "749c5153-7e44-4809-8515-008202053d7a"}
backend-1        | {"message": "symbols.source=plugins reason=coinapi_disabled_or_empty exchange=ASTERFINANCE count=294", "taskName": "starlette.middleware.base.BaseHTTPMiddleware.__call__.<locals>.call_next.<locals>.coro", "ts": 1772386542.62799, "level": "INFO", "msg": "symbols.source=plugins reason=coinapi_disabled_or_empty exchange=ASTERFINANCE count=294", "service": "backend", "env": "development", "logger": "app.exchanges.symbols_service", "request_id": "749c5153-7e44-4809-8515-008202053d7a"}
backend-1        | {"message": "plugins.resolve exchange_id=BITMARTFTS normalized=bitmart plugin_id=bitmart found=true", "taskName": "starlette.middleware.base.BaseHTTPMiddleware.__call__.<locals>.call_next.<locals>.coro", "ts": 1772386542.6667223, "level": "INFO", "msg": "plugins.resolve exchange_id=BITMARTFTS normalized=bitmart plugin_id=bitmart found=true", "service": "backend", "env": "development", "logger": "app.exchanges.symbols_service", "request_id": "749c5153-7e44-4809-8515-008202053d7a"}
backend-1        | {"message": "symbols.plugins.cache.hit", "taskName": "starlette.middleware.base.BaseHTTPMiddleware.__call__.<locals>.call_next.<locals>.coro", "exchange_id": "BITMARTFTS", "plugin_id": "bitmart", "market": "futures", "key": "plugins:meta:symbols:bitmart:futures", "ts": 1772386542.6691566, "level": "INFO", "msg": "symbols.plugins.cache.hit", "service": "backend", "env": "development", "logger": "app.exchanges.symbols_service", "request_id": "749c5153-7e44-4809-8515-008202053d7a"}
backend-1        | {"message": "symbols.source=plugins reason=coinapi_disabled_or_empty exchange=BITMARTFTS count=616", "taskName": "starlette.middleware.base.BaseHTTPMiddleware.__call__.<locals>.call_next.<locals>.coro", "ts": 1772386542.6694024, "level": "INFO", "msg": "symbols.source=plugins reason=coinapi_disabled_or_empty exchange=BITMARTFTS count=616", "service": "backend", "env": "development", "logger": "app.exchanges.symbols_service", "request_id": "749c5153-7e44-4809-8515-008202053d7a"}
backend-1        | {"message": "plugins.resolve exchange_id=ASTERFINANCE normalized=asterfinance plugin_id=asterfinance found=true", "taskName": "starlette.middleware.base.BaseHTTPMiddleware.__call__.<locals>.call_next.<locals>.coro", "ts": 1772386542.7073367, "level": "INFO", "msg": "plugins.resolve exchange_id=ASTERFINANCE normalized=asterfinance plugin_id=asterfinance found=true", "service": "backend", "env": "development", "logger": "app.exchanges.symbols_service", "request_id": "749c5153-7e44-4809-8515-008202053d7a"}
backend-1        | {"message": "symbols.plugins.cache.hit", "taskName": "starlette.middleware.base.BaseHTTPMiddleware.__call__.<locals>.call_next.<locals>.coro", "exchange_id": "ASTERFINANCE", "plugin_id": "asterfinance", "market": "futures", "key": "plugins:meta:symbols:asterfinance:futures", "ts": 1772386542.7093785, "level": "INFO", "msg": "symbols.plugins.cache.hit", "service": "backend", "env": "development", "logger": "app.exchanges.symbols_service", "request_id": "749c5153-7e44-4809-8515-008202053d7a"}
backend-1        | {"message": "symbols.source=plugins reason=coinapi_disabled_or_empty exchange=ASTERFINANCE count=294", "taskName": "starlette.middleware.base.BaseHTTPMiddleware.__call__.<locals>.call_next.<locals>.coro", "ts": 1772386542.7097025, "level": "INFO", "msg": "symbols.source=plugins reason=coinapi_disabled_or_empty exchange=ASTERFINANCE count=294", "service": "backend", "env": "development", "logger": "app.exchanges.symbols_service", "request_id": "749c5153-7e44-4809-8515-008202053d7a"}
backend-1        | {"message": "plugins.resolve exchange_id=BITMARTFTS normalized=bitmart plugin_id=bitmart found=true", "taskName": "starlette.middleware.base.BaseHTTPMiddleware.__call__.<locals>.call_next.<locals>.coro", "ts": 1772386542.7455792, "level": "INFO", "msg": "plugins.resolve exchange_id=BITMARTFTS normalized=bitmart plugin_id=bitmart found=true", "service": "backend", "env": "development", "logger": "app.exchanges.symbols_service", "request_id": "749c5153-7e44-4809-8515-008202053d7a"}
backend-1        | {"message": "symbols.plugins.cache.hit", "taskName": "starlette.middleware.base.BaseHTTPMiddleware.__call__.<locals>.call_next.<locals>.coro", "exchange_id": "BITMARTFTS", "plugin_id": "bitmart", "market": "futures", "key": "plugins:meta:symbols:bitmart:futures", "ts": 1772386542.7483695, "level": "INFO", "msg": "symbols.plugins.cache.hit", "service": "backend", "env": "development", "logger": "app.exchanges.symbols_service", "request_id": "749c5153-7e44-4809-8515-008202053d7a"}
backend-1        | {"message": "symbols.source=plugins reason=coinapi_disabled_or_empty exchange=BITMARTFTS count=616", "taskName": "starlette.middleware.base.BaseHTTPMiddleware.__call__.<locals>.call_next.<locals>.coro", "ts": 1772386542.7487836, "level": "INFO", "msg": "symbols.source=plugins reason=coinapi_disabled_or_empty exchange=BITMARTFTS count=616", "service": "backend", "env": "development", "logger": "app.exchanges.symbols_service", "request_id": "749c5153-7e44-4809-8515-008202053d7a"}
backend-1        | {"message": "plugins.resolve exchange_id=ASTERFINANCE normalized=asterfinance plugin_id=asterfinance found=true", "taskName": "starlette.middleware.base.BaseHTTPMiddleware.__call__.<locals>.call_next.<locals>.coro", "ts": 1772386542.7869117, "level": "INFO", "msg": "plugins.resolve exchange_id=ASTERFINANCE normalized=asterfinance plugin_id=asterfinance found=true", "service": "backend", "env": "development", "logger": "app.exchanges.symbols_service", "request_id": "749c5153-7e44-4809-8515-008202053d7a"}
backend-1        | {"message": "symbols.plugins.cache.hit", "taskName": "starlette.middleware.base.BaseHTTPMiddleware.__call__.<locals>.call_next.<locals>.coro", "exchange_id": "ASTERFINANCE", "plugin_id": "asterfinance", "market": "futures", "key": "plugins:meta:symbols:asterfinance:futures", "ts": 1772386542.7889411, "level": "INFO", "msg": "symbols.plugins.cache.hit", "service": "backend", "env": "development", "logger": "app.exchanges.symbols_service", "request_id": "749c5153-7e44-4809-8515-008202053d7a"}
backend-1        | {"message": "symbols.source=plugins reason=coinapi_disabled_or_empty exchange=ASTERFINANCE count=294", "taskName": "starlette.middleware.base.BaseHTTPMiddleware.__call__.<locals>.call_next.<locals>.coro", "ts": 1772386542.7892258, "level": "INFO", "msg": "symbols.source=plugins reason=coinapi_disabled_or_empty exchange=ASTERFINANCE count=294", "service": "backend", "env": "development", "logger": "app.exchanges.symbols_service", "request_id": "749c5153-7e44-4809-8515-008202053d7a"}
backend-1        | {"message": "plugins.resolve exchange_id=BITMARTFTS normalized=bitmart plugin_id=bitmart found=true", "taskName": "starlette.middleware.base.BaseHTTPMiddleware.__call__.<locals>.call_next.<locals>.coro", "ts": 1772386542.8350942, "level": "INFO", "msg": "plugins.resolve exchange_id=BITMARTFTS normalized=bitmart plugin_id=bitmart found=true", "service": "backend", "env": "development", "logger": "app.exchanges.symbols_service", "request_id": "749c5153-7e44-4809-8515-008202053d7a"}
backend-1        | {"message": "symbols.plugins.cache.hit", "taskName": "starlette.middleware.base.BaseHTTPMiddleware.__call__.<locals>.call_next.<locals>.coro", "exchange_id": "BITMARTFTS", "plugin_id": "bitmart", "market": "futures", "key": "plugins:meta:symbols:bitmart:futures", "ts": 1772386542.837596, "level": "INFO", "msg": "symbols.plugins.cache.hit", "service": "backend", "env": "development", "logger": "app.exchanges.symbols_service", "request_id": "749c5153-7e44-4809-8515-008202053d7a"}
backend-1        | {"message": "symbols.source=plugins reason=coinapi_disabled_or_empty exchange=BITMARTFTS count=616", "taskName": "starlette.middleware.base.BaseHTTPMiddleware.__call__.<locals>.call_next.<locals>.coro", "ts": 1772386542.837909, "level": "INFO", "msg": "symbols.source=plugins reason=coinapi_disabled_or_empty exchange=BITMARTFTS count=616", "service": "backend", "env": "development", "logger": "app.exchanges.symbols_service", "request_id": "749c5153-7e44-4809-8515-008202053d7a"}
nginx-1          | 127.0.0.1 - - [01/Mar/2026:17:35:42 +0000] "GET / HTTP/1.1" 200 1690 "-" "curl/8.12.1" "-"
backend-1        | {"message": "plugins.resolve exchange_id=COINEX normalized=coinex plugin_id=coinex found=true", "taskName": "starlette.middleware.base.BaseHTTPMiddleware.__call__.<locals>.call_next.<locals>.coro", "ts": 1772386542.889471, "level": "INFO", "msg": "plugins.resolve exchange_id=COINEX normalized=coinex plugin_id=coinex found=true", "service": "backend", "env": "development", "logger": "app.exchanges.symbols_service", "request_id": "749c5153-7e44-4809-8515-008202053d7a"}
backend-1        | {"message": "symbols.plugins.cache.hit", "taskName": "starlette.middleware.base.BaseHTTPMiddleware.__call__.<locals>.call_next.<locals>.coro", "exchange_id": "COINEX", "plugin_id": "coinex", "market": "futures", "key": "plugins:meta:symbols:coinex:futures", "ts": 1772386542.8920097, "level": "INFO", "msg": "symbols.plugins.cache.hit", "service": "backend", "env": "development", "logger": "app.exchanges.symbols_service", "request_id": "749c5153-7e44-4809-8515-008202053d7a"}
backend-1        | {"message": "symbols.source=plugins reason=coinapi_disabled_or_empty exchange=COINEX count=252", "taskName": "starlette.middleware.base.BaseHTTPMiddleware.__call__.<locals>.call_next.<locals>.coro", "ts": 1772386542.8924081, "level": "INFO", "msg": "symbols.source=plugins reason=coinapi_disabled_or_empty exchange=COINEX count=252", "service": "backend", "env": "development", "logger": "app.exchanges.symbols_service", "request_id": "749c5153-7e44-4809-8515-008202053d7a"}
backend-1        | {"message": "plugins.resolve exchange_id=HBDM normalized=hbdm plugin_id=hbdm found=true", "taskName": "starlette.middleware.base.BaseHTTPMiddleware.__call__.<locals>.call_next.<locals>.coro", "ts": 1772386542.9386103, "level": "INFO", "msg": "plugins.resolve exchange_id=HBDM normalized=hbdm plugin_id=hbdm found=true", "service": "backend", "env": "development", "logger": "app.exchanges.symbols_service", "request_id": "749c5153-7e44-4809-8515-008202053d7a"}
