celery_worker-1  | [2026-03-01 16:58:14,493: INFO/MainProcess] symbols.plugins.cache.hit
celery_worker-1  | [2026-03-01 16:58:14,494: INFO/MainProcess] symbols.source=plugins reason=coinapi_disabled_or_empty exchange=COINEX count=252
celery_worker-1  | [2026-03-01 16:58:14,519: INFO/MainProcess] plugins.resolve exchange_id=ASTERFINANCE normalized=asterfinance plugin_id=asterfinance found=true
celery_worker-1  | [2026-03-01 16:58:14,521: INFO/MainProcess] symbols.plugins.cache.hit
celery_worker-1  | [2026-03-01 16:58:14,521: INFO/MainProcess] symbols.source=plugins reason=coinapi_disabled_or_empty exchange=ASTERFINANCE count=294
celery_worker-1  | [2026-03-01 16:58:14,784: INFO/MainProcess] scanner.tick.done
celery_worker-1  | [2026-03-01 16:58:14,784: INFO/MainProcess] scanner.tick.summary
celery_worker-1  | [2026-03-01 16:58:14,787: INFO/MainProcess] funding.pipeline.trigger
celery_worker-1  | [2026-03-01 16:58:14,788: INFO/MainProcess] funding.refresh.summary
celery_worker-1  | [2026-03-01 16:58:14,789: INFO/MainProcess] funding.pipeline.result
celery_worker-1  | [2026-03-01 16:58:14,789: INFO/MainProcess] scanner.tick.done
celery_worker-1  | [2026-03-01 16:58:14,790: INFO/MainProcess] Task app.tasks.scanner.scanner_tick[6397fbf9-dce6-40f1-b838-3fc95d18601b] succeeded in 0.7510153939983866s: 0
nginx-1          | 127.0.0.1 - - [01/Mar/2026:16:58:15 +0000] "GET / HTTP/1.1" 200 1690 "-" "curl/8.12.1" "-"
celery_beat-1    | [2026-03-01 16:58:18,717: INFO/MainProcess] Scheduler: Sending due task scanner.tick (app.tasks.scanner.scanner_tick)
celery_worker-1  | [2026-03-01 16:58:18,730: INFO/MainProcess] exchanges.enabled.file_probe resolved_path=/app/config/ex.json exists=True cwd=/app file_path=/app/config/ex.json size=449 mtime=2026-03-01T11:29:03.445839+00:00
celery_worker-1  | [2026-03-01 16:58:18,732: INFO/MainProcess] exchanges.enabled.source=file path=./config/ex.json mtime=2026-03-01T11:29:03.445839+00:00 count=4 raw_sample=['asterfinance', 'bitmart', 'coinex', 'hbdm'] normalized_sample=['asterfinance', 'bitmart', 'coinex', 'hbdm']
celery_worker-1  | [2026-03-01 16:58:18,732: INFO/MainProcess] scanner.tick.start
celery_worker-1  | [2026-03-01 16:58:18,735: INFO/MainProcess] scanner.tick.start
celery_worker-1  | [2026-03-01 16:58:18,735: INFO/MainProcess] scanner.tick.settings
celery_worker-1  | [2026-03-01 16:58:18,818: INFO/MainProcess] scanner.tick.pairs_loaded
celery_worker-1  | [2026-03-01 16:58:18,822: INFO/MainProcess] scanner.tick.coinapi_enabled=0 plugins_data_path=on
celery_worker-1  | [2026-03-01 16:58:18,822: INFO/MainProcess] scanner.tick.plugins_mode
celery_worker-1  | [2026-03-01 16:58:18,874: INFO/MainProcess] plugins.resolve exchange_id=HBDM normalized=hbdm plugin_id=hbdm found=true
celery_worker-1  | [2026-03-01 16:58:18,874: WARNING/MainProcess] symbols.plugins.cache.read_failed
celery_worker-1  | [2026-03-01 16:58:18,874: INFO/MainProcess] symbols.plugins.cache.miss
celery_worker-1  | [2026-03-01 16:58:19,301: INFO/MainProcess] HTTP Request: GET https://api.hbdm.com/linear-swap-api/v1/swap_contract_info "HTTP/1.1 200 OK"
celery_worker-1  | [2026-03-01 16:58:19,303: INFO/MainProcess] hbdm.instruments.summary raw=209 perp=208 sample=['0GUSDT', '1INCHUSDT', '2ZUSDT', '4USDT', 'AAVEUSDT']
celery_worker-1  | [2026-03-01 16:58:19,306: INFO/MainProcess] symbols.plugins.cache.write
celery_worker-1  | [2026-03-01 16:58:19,307: INFO/MainProcess] symbols.source=plugins reason=coinapi_disabled_or_empty exchange=HBDM count=208
celery_worker-1  | [2026-03-01 16:58:19,358: INFO/MainProcess] plugins.resolve exchange_id=BITMARTFTS normalized=bitmart plugin_id=bitmart found=true
celery_worker-1  | [2026-03-01 16:58:19,361: INFO/MainProcess] symbols.plugins.cache.hit
celery_worker-1  | [2026-03-01 16:58:19,361: INFO/MainProcess] symbols.source=plugins reason=coinapi_disabled_or_empty exchange=BITMARTFTS count=616
celery_worker-1  | [2026-03-01 16:58:19,404: INFO/MainProcess] plugins.resolve exchange_id=COINEX normalized=coinex plugin_id=coinex found=true
celery_worker-1  | [2026-03-01 16:58:19,405: INFO/MainProcess] symbols.plugins.cache.hit
celery_worker-1  | [2026-03-01 16:58:19,406: INFO/MainProcess] symbols.source=plugins reason=coinapi_disabled_or_empty exchange=COINEX count=252
celery_worker-1  | [2026-03-01 16:58:19,444: INFO/MainProcess] plugins.resolve exchange_id=ASTERFINANCE normalized=asterfinance plugin_id=asterfinance found=true
celery_worker-1  | [2026-03-01 16:58:19,445: INFO/MainProcess] symbols.plugins.cache.hit
celery_worker-1  | [2026-03-01 16:58:19,446: INFO/MainProcess] symbols.source=plugins reason=coinapi_disabled_or_empty exchange=ASTERFINANCE count=294
celery_worker-1  | [2026-03-01 16:58:19,709: INFO/MainProcess] scanner.tick.done
celery_worker-1  | [2026-03-01 16:58:19,709: INFO/MainProcess] scanner.tick.summary
celery_worker-1  | [2026-03-01 16:58:19,711: INFO/MainProcess] funding.pipeline.trigger
celery_worker-1  | [2026-03-01 16:58:19,713: INFO/MainProcess] funding.refresh.summary
celery_worker-1  | [2026-03-01 16:58:19,713: INFO/MainProcess] funding.pipeline.result
celery_worker-1  | [2026-03-01 16:58:19,713: INFO/MainProcess] scanner.tick.done
celery_worker-1  | [2026-03-01 16:58:19,714: INFO/MainProcess] Task app.tasks.scanner.scanner_tick[d080a4f4-3e34-4060-8f26-c2f548bd5744] succeeded in 0.9955213989996992s: 0
backend-1        | {"message": "http.request", "taskName": "Task-8088", "request_id": "edea0545-433c-4ae8-b63a-5d73bc289114", "method": "GET", "path": "/health", "status_code": 200, "duration_ms": 9.78, "ts": 1772384300.0026498, "level": "INFO", "msg": "http.request", "service": "backend", "env": "development", "logger": "app.access"}
celery_beat-1    | [2026-03-01 16:58:23,717: INFO/MainProcess] Scheduler: Sending due task scanner.tick (app.tasks.scanner.scanner_tick)
celery_worker-1  | [2026-03-01 16:58:23,720: INFO/MainProcess] Task app.tasks.scanner.scanner_tick[5193a5c3-5294-4f81-af81-584b391b172a] received
celery_worker-1  | [2026-03-01 16:58:23,731: INFO/MainProcess] exchanges.enabled.file_probe resolved_path=/app/config/ex.json exists=True cwd=/app file_path=/app/config/ex.json size=449 mtime=2026-03-01T11:29:03.445839+00:00
celery_worker-1  | [2026-03-01 16:58:23,733: INFO/MainProcess] exchanges.enabled.source=file path=./config/ex.json mtime=2026-03-01T11:29:03.445839+00:00 count=4 raw_sample=['asterfinance', 'bitmart', 'coinex', 'hbdm'] normalized_sample=['asterfinance', 'bitmart', 'coinex', 'hbdm']
celery_worker-1  | [2026-03-01 16:58:23,733: INFO/MainProcess] scanner.tick.start
celery_worker-1  | [2026-03-01 16:58:23,737: INFO/MainProcess] scanner.tick.start
celery_worker-1  | [2026-03-01 16:58:23,737: INFO/MainProcess] scanner.tick.settings
celery_worker-1  | [2026-03-01 16:58:23,758: INFO/MainProcess] scanner.tick.pairs_loaded
celery_worker-1  | [2026-03-01 16:58:23,763: INFO/MainProcess] scanner.tick.coinapi_enabled=0 plugins_data_path=on
celery_worker-1  | [2026-03-01 16:58:23,763: INFO/MainProcess] scanner.tick.plugins_mode
celery_worker-1  | [2026-03-01 16:58:23,801: INFO/MainProcess] plugins.resolve exchange_id=HBDM normalized=hbdm plugin_id=hbdm found=true
celery_worker-1  | [2026-03-01 16:58:23,801: WARNING/MainProcess] symbols.plugins.cache.read_failed
celery_worker-1  | [2026-03-01 16:58:23,801: INFO/MainProcess] symbols.plugins.cache.miss
celery_worker-1  | [2026-03-01 16:58:24,135: INFO/MainProcess] HTTP Request: GET https://api.hbdm.com/linear-swap-api/v1/swap_contract_info "HTTP/1.1 200 OK"
celery_worker-1  | [2026-03-01 16:58:24,139: INFO/MainProcess] hbdm.instruments.summary raw=209 perp=208 sample=['0GUSDT', '1INCHUSDT', '2ZUSDT', '4USDT', 'AAVEUSDT']
celery_worker-1  | [2026-03-01 16:58:24,141: INFO/MainProcess] symbols.plugins.cache.write
celery_worker-1  | [2026-03-01 16:58:24,142: INFO/MainProcess] symbols.source=plugins reason=coinapi_disabled_or_empty exchange=HBDM count=208
celery_worker-1  | [2026-03-01 16:58:24,188: INFO/MainProcess] plugins.resolve exchange_id=BITMARTFTS normalized=bitmart plugin_id=bitmart found=true
celery_worker-1  | [2026-03-01 16:58:24,190: INFO/MainProcess] symbols.plugins.cache.hit
celery_worker-1  | [2026-03-01 16:58:24,191: INFO/MainProcess] symbols.source=plugins reason=coinapi_disabled_or_empty exchange=BITMARTFTS count=616
celery_worker-1  | [2026-03-01 16:58:24,243: INFO/MainProcess] plugins.resolve exchange_id=COINEX normalized=coinex plugin_id=coinex found=true
celery_worker-1  | [2026-03-01 16:58:24,245: INFO/MainProcess] symbols.plugins.cache.hit
celery_worker-1  | [2026-03-01 16:58:24,245: INFO/MainProcess] symbols.source=plugins reason=coinapi_disabled_or_empty exchange=COINEX count=252
celery_worker-1  | [2026-03-01 16:58:24,294: INFO/MainProcess] plugins.resolve exchange_id=ASTERFINANCE normalized=asterfinance plugin_id=asterfinance found=true
celery_worker-1  | [2026-03-01 16:58:24,296: INFO/MainProcess] symbols.plugins.cache.hit
celery_worker-1  | [2026-03-01 16:58:24,297: INFO/MainProcess] symbols.source=plugins reason=coinapi_disabled_or_empty exchange=ASTERFINANCE count=294
celery_worker-1  | [2026-03-01 16:58:24,541: INFO/MainProcess] scanner.tick.done
celery_worker-1  | [2026-03-01 16:58:24,541: INFO/MainProcess] scanner.tick.summary
celery_worker-1  | [2026-03-01 16:58:24,544: INFO/MainProcess] funding.pipeline.trigger
celery_worker-1  | [2026-03-01 16:58:24,546: INFO/MainProcess] funding.refresh.summary
celery_worker-1  | [2026-03-01 16:58:24,546: INFO/MainProcess] funding.pipeline.result
celery_worker-1  | [2026-03-01 16:58:24,546: INFO/MainProcess] scanner.tick.done
celery_worker-1  | [2026-03-01 16:58:24,547: INFO/MainProcess] Task app.tasks.scanner.scanner_tick[5193a5c3-5294-4f81-af81-584b391b172a] succeeded in 0.8264832910026598s: 0
nginx-1          | 127.0.0.1 - - [01/Mar/2026:16:58:25 +0000] "GET / HTTP/1.1" 200 1690 "-" "curl/8.12.1" "-"
celery_beat-1    | [2026-03-01 16:58:28,717: INFO/MainProcess] Scheduler: Sending due task scanner.tick (app.tasks.scanner.scanner_tick)
celery_worker-1  | [2026-03-01 16:58:28,719: INFO/MainProcess] Task app.tasks.scanner.scanner_tick[a55e5229-a672-4736-9d0a-5e0457a60c79] received
celery_worker-1  | [2026-03-01 16:58:28,729: INFO/MainProcess] exchanges.enabled.file_probe resolved_path=/app/config/ex.json exists=True cwd=/app file_path=/app/config/ex.json size=449 mtime=2026-03-01T11:29:03.445839+00:00
celery_worker-1  | [2026-03-01 16:58:28,731: INFO/MainProcess] exchanges.enabled.source=file path=./config/ex.json mtime=2026-03-01T11:29:03.445839+00:00 count=4 raw_sample=['asterfinance', 'bitmart', 'coinex', 'hbdm'] normalized_sample=['asterfinance', 'bitmart', 'coinex', 'hbdm']
celery_worker-1  | [2026-03-01 16:58:28,731: INFO/MainProcess] scanner.tick.start
celery_worker-1  | [2026-03-01 16:58:28,736: INFO/MainProcess] scanner.tick.start
celery_worker-1  | [2026-03-01 16:58:28,736: INFO/MainProcess] scanner.tick.settings
celery_worker-1  | [2026-03-01 16:58:28,755: INFO/MainProcess] scanner.tick.pairs_loaded
celery_worker-1  | [2026-03-01 16:58:28,760: INFO/MainProcess] scanner.tick.coinapi_enabled=0 plugins_data_path=on
celery_worker-1  | [2026-03-01 16:58:28,760: INFO/MainProcess] scanner.tick.plugins_mode
celery_worker-1  | [2026-03-01 16:58:28,798: INFO/MainProcess] plugins.resolve exchange_id=HBDM normalized=hbdm plugin_id=hbdm found=true
celery_worker-1  | [2026-03-01 16:58:28,798: WARNING/MainProcess] symbols.plugins.cache.read_failed
celery_worker-1  | [2026-03-01 16:58:28,798: INFO/MainProcess] symbols.plugins.cache.miss
celery_worker-1  | [2026-03-01 16:58:29,070: INFO/MainProcess] HTTP Request: GET https://api.hbdm.com/linear-swap-api/v1/swap_contract_info "HTTP/1.1 200 OK"
celery_worker-1  | [2026-03-01 16:58:29,073: INFO/MainProcess] hbdm.instruments.summary raw=209 perp=208 sample=['0GUSDT', '1INCHUSDT', '2ZUSDT', '4USDT', 'AAVEUSDT']
celery_worker-1  | [2026-03-01 16:58:29,075: INFO/MainProcess] symbols.plugins.cache.write
celery_worker-1  | [2026-03-01 16:58:29,076: INFO/MainProcess] symbols.source=plugins reason=coinapi_disabled_or_empty exchange=HBDM count=208
nginx-1          | 172.18.0.1 - - [01/Mar/2026:16:58:29 +0000] "GET / HTTP/1.1" 200 1690 "-" "Mozilla/5.0 (Windows NT 10.0; Win64; x64) AppleWebKit/537.36 (KHTML, like Gecko) Chrome/142.0.0.0 YaBrowser/25.12.0.0 Safari/537.36" "-"
celery_worker-1  | [2026-03-01 16:58:29,128: INFO/MainProcess] plugins.resolve exchange_id=BITMARTFTS normalized=bitmart plugin_id=bitmart found=true
celery_worker-1  | [2026-03-01 16:58:29,131: INFO/MainProcess] symbols.plugins.cache.hit
celery_worker-1  | [2026-03-01 16:58:29,132: INFO/MainProcess] symbols.source=plugins reason=coinapi_disabled_or_empty exchange=BITMARTFTS count=616
celery_worker-1  | [2026-03-01 16:58:29,196: INFO/MainProcess] plugins.resolve exchange_id=COINEX normalized=coinex plugin_id=coinex found=true


nginx-1          | 172.18.0.1 - - [01/Mar/2026:16:58:29 +0000] "GET /assets/index-ZL4cessj.js HTTP/1.1" 200 375807 "http://localhost:8080/" "Mozilla/5.0 (Windows NT 10.0; Win64; x64) AppleWebKit/537.36 (KHTML, like Gecko) Chrome/142.0.0.0 YaBrowser/25.12.0.0 Safari/537.36" "-"
celery_worker-1  | [2026-03-01 16:58:29,199: INFO/MainProcess] symbols.plugins.cache.hit




nginx-1          | 172.18.0.1 - - [01/Mar/2026:16:58:29 +0000] "GET /assets/index-ZBiJBbfL.css HTTP/1.1" 200 34874 "http://localhost:8080/" "Mozilla/5.0 (Windows NT 10.0; Win64; x64) AppleWebKit/537.36 (KHTML, like Gecko) Chrome/142.0.0.0 YaBrowser/25.12.0.0 Safari/537.36" "-"
celery_worker-1  | [2026-03-01 16:58:29,200: INFO/MainProcess] symbols.source=plugins reason=coinapi_disabled_or_empty exchange=COINEX count=252
celery_worker-1  | [2026-03-01 16:58:29,290: INFO/MainProcess] plugins.resolve exchange_id=ASTERFINANCE normalized=asterfinance plugin_id=asterfinance found=true
celery_worker-1  | [2026-03-01 16:58:29,294: INFO/MainProcess] symbols.plugins.cache.hit
celery_worker-1  | [2026-03-01 16:58:29,295: INFO/MainProcess] symbols.source=plugins reason=coinapi_disabled_or_empty exchange=ASTERFINANCE count=294
nginx-1          | 172.18.0.1 - - [01/Mar/2026:16:58:29 +0000] "GET /assets/LandingPage-CUfGS4uq.js HTTP/1.1" 200 12231 "-" "Mozilla/5.0 (Windows NT 10.0; Win64; x64) AppleWebKit/537.36 (KHTML, like Gecko) Chrome/142.0.0.0 YaBrowser/25.12.0.0 Safari/537.36" "-"
nginx-1          | 172.18.0.1 - - [01/Mar/2026:16:58:29 +0000] "GET /assets/SeoMeta-DvcNRpEk.js HTTP/1.1" 200 1800 "-" "Mozilla/5.0 (Windows NT 10.0; Win64; x64) AppleWebKit/537.36 (KHTML, like Gecko) Chrome/142.0.0.0 YaBrowser/25.12.0.0 Safari/537.36" "-"
nginx-1          | 172.18.0.1 - - [01/Mar/2026:16:58:29 +0000] "GET /assets/logo.svg HTTP/1.1" 200 446 "http://localhost:8080/" "Mozilla/5.0 (Windows NT 10.0; Win64; x64) AppleWebKit/537.36 (KHTML, like Gecko) Chrome/142.0.0.0 YaBrowser/25.12.0.0 Safari/537.36" "-"
celery_worker-1  | [2026-03-01 16:58:29,623: INFO/MainProcess] scanner.tick.done
celery_worker-1  | [2026-03-01 16:58:29,623: INFO/MainProcess] scanner.tick.summary
celery_worker-1  | [2026-03-01 16:58:29,626: INFO/MainProcess] funding.pipeline.trigger
celery_worker-1  | [2026-03-01 16:58:29,628: INFO/MainProcess] funding.refresh.summary
celery_worker-1  | [2026-03-01 16:58:29,629: INFO/MainProcess] funding.pipeline.result
celery_worker-1  | [2026-03-01 16:58:29,629: INFO/MainProcess] scanner.tick.done
celery_worker-1  | [2026-03-01 16:58:29,630: INFO/MainProcess] Task app.tasks.scanner.scanner_tick[a55e5229-a672-4736-9d0a-5e0457a60c79] succeeded in 0.9111596730035671s: 0
backend-1        | {"message": "auth.session_expired", "taskName": "starlette.middleware.base.BaseHTTPMiddleware.__call__.<locals>.call_next.<locals>.coro", "event": "auth.session_expired", "user_id": "f960cc3c-7fba-43e0-b0f3-b3c68b3964b2", "jti": "ca31d87d59754c7bb00cb026fcbb7e00", "reason": "expired", "request_id": "bb21a9cd-b2d8-4394-99b4-257b5dc03860", "ip": "172.18.0.5", "user_agent": "Mozilla/5.0 (Windows NT 10.0; Win64; x64) AppleWebKit/537.36 (KHTML, like Gecko) Chrome/142.0.0.0 YaBrowser/25.12.0.0 Safari/537.36", "timestamp": "2026-03-01T16:58:29.697243+00:00", "ts": 1772384309.697293, "level": "INFO", "msg": "auth.session_expired", "service": "backend", "env": "development", "logger": "app.api.deps.auth"}


backend-1        | {"message": "http.request", "taskName": "Task-15117", "request_id": "bb21a9cd-b2d8-4394-99b4-257b5dc03860", "method": "GET", "path": "/api/auth/me", "status_code": 401, "duration_ms": 44.28, "ts": 1772384309.709891, "level": "INFO", "msg": "http.request", "service": "backend", "env": "development", "logger": "app.access"}


nginx-1          | 172.18.0.1 - - [01/Mar/2026:16:58:29 +0000] "GET /api/auth/me HTTP/1.1" 401 86 "http://localhost:8080/" "Mozilla/5.0 (Windows NT 10.0; Win64; x64) AppleWebKit/537.36 (KHTML, like Gecko) Chrome/142.0.0.0 YaBrowser/25.12.0.0 Safari/537.36" "-"
v View in Docker Desktop   o View Config   w Enable Watch   d Detach

nginx-1          | 172.18.0.1 - - [01/Mar/2026:16:58:29 +0000] "GET /api/content HTTP/1.1" 200 4635 "http://localhost:8080/" "Mozilla/5.0 (Windows NT 10.0; Win64; x64) AppleWebKit/537.36 (KHTML, like Gecko) Chrome/142.0.0.0 YaBrowser/25.12.0.0 Safari/537.36" "-"
backend-1        | {"message": "http.request", "taskName": "Task-15123", "request_id": "cc1e14f9-bf29-4542-8a05-985904ee1185", "method": "GET", "path": "/api/content", "status_code": 200, "duration_ms": 50.55, "ts": 1772384309.7550592, "level": "INFO", "msg": "http.request", "service": "backend", "env": "development", "logger": "app.access"}
backend-1        | {"message": "http.request", "taskName": "Task-15132", "request_id": "2a6c4dc7-9521-4232-8d87-bdab76c6fe0b", "method": "GET", "path": "/api/content", "status_code": 200, "duration_ms": 9.04, "ts": 1772384309.7711205, "level": "INFO", "msg": "http.request", "service": "backend", "env": "development", "logger": "app.access"}
nginx-1          | 172.18.0.1 - - [01/Mar/2026:16:58:29 +0000] "GET /api/content HTTP/1.1" 200 4635 "http://localhost:8080/" "Mozilla/5.0 (Windows NT 10.0; Win64; x64) AppleWebKit/537.36 (KHTML, like Gecko) Chrome/142.0.0.0 YaBrowser/25.12.0.0 Safari/537.36" "-"
backend-1        | {"message": "http.request", "taskName": "Task-15127", "request_id": "f9d8b4fe-f4e5-48ed-9e9c-c65629f225b4", "method": "GET", "path": "/api/plans", "status_code": 200, "duration_ms": 43.44, "ts": 1772384309.7757645, "level": "INFO", "msg": "http.request", "service": "backend", "env": "development", "logger": "app.access"}
nginx-1          | 172.18.0.1 - - [01/Mar/2026:16:58:29 +0000] "GET /api/plans HTTP/1.1" 200 1057 "http://localhost:8080/" "Mozilla/5.0 (Windows NT 10.0; Win64; x64) AppleWebKit/537.36 (KHTML, like Gecko) Chrome/142.0.0.0 YaBrowser/25.12.0.0 Safari/537.36" "-"
backend-1        | {"message": "http.request", "taskName": "Task-15234", "request_id": "ba3db3e1-6afd-44b8-b1f0-e062b05c358e", "method": "GET", "path": "/health", "status_code": 200, "duration_ms": 10.75, "ts": 1772384310.1639838, "level": "INFO", "msg": "http.request", "service": "backend", "env": "development", "logger": "app.access"}
backend-1        | {"message": "auth.login_success", "taskName": "starlette.middleware.base.BaseHTTPMiddleware.__call__.<locals>.call_next.<locals>.coro", "event": "auth.login_success", "user_id": "0d9ae1ae-7b54-45f9-aefc-a5478f731034", "jti": "f290a904d26a4a1998b8bef7e1105983", "reason": "credentials", "request_id": "fe6d37bc-94e5-4eb3-8035-26e479d7085f", "ip": "172.18.0.5", "user_agent": "Mozilla/5.0 (Windows NT 10.0; Win64; x64) AppleWebKit/537.36 (KHTML, like Gecko) Chrome/142.0.0.0 YaBrowser/25.12.0.0 Safari/537.36", "timestamp": "2026-03-01T16:58:31.321921+00:00", "email": "admin@example.com", "ts": 1772384311.3219705, "level": "INFO", "msg": "auth.login_success", "service": "backend", "env": "development", "logger": "app.services.auth_service"}
backend-1        | {"message": "http.request", "taskName": "Task-15568", "request_id": "fe6d37bc-94e5-4eb3-8035-26e479d7085f", "method": "POST", "path": "/api/auth/login", "status_code": 200, "duration_ms": 215.3, "ts": 1772384311.3231018, "level": "INFO", "msg": "http.request", "service": "backend", "env": "development", "logger": "app.access"}
nginx-1          | 172.18.0.1 - - [01/Mar/2026:16:58:31 +0000] "POST /api/auth/login HTTP/1.1" 200 620 "http://localhost:8080/" "Mozilla/5.0 (Windows NT 10.0; Win64; x64) AppleWebKit/537.36 (KHTML, like Gecko) Chrome/142.0.0.0 YaBrowser/25.12.0.0 Safari/537.36" "-"


nginx-1          | 172.18.0.1 - - [01/Mar/2026:16:58:31 +0000] "GET /assets/ProfilePage-C3VxuhqI.js HTTP/1.1" 200 6910 "-" "Mozilla/5.0 (Windows NT 10.0; Win64; x64) AppleWebKit/537.36 (KHTML, like Gecko) Chrome/142.0.0.0 YaBrowser/25.12.0.0 Safari/537.36" "-"
nginx-1          | 172.18.0.1 - - [01/Mar/2026:16:58:32 +0000] "GET /assets/ScannerPage-exEJZyVT.js HTTP/1.1" 200 104821 "-" "Mozilla/5.0 (Windows NT 10.0; Win64; x64) AppleWebKit/537.36 (KHTML, like Gecko) Chrome/142.0.0.0 YaBrowser/25.12.0.0 Safari/537.36" "-"
nginx-1          | 172.18.0.1 - - [01/Mar/2026:16:58:32 +0000] "GET /assets/lightweight-charts.production-DT4nR-EQ.js HTTP/1.1" 200 163960 "-" "Mozilla/5.0 (Windows NT 10.0; Win64; x64) AppleWebKit/537.36 (KHTML, like Gecko) Chrome/142.0.0.0 YaBrowser/25.12.0.0 Safari/537.36" "-"


nginx-1          | 172.18.0.1 - - [01/Mar/2026:16:58:32 +0000] "GET /api/health HTTP/1.1" 200 111 "http://localhost:8080/scanner" "Mozilla/5.0 (Windows NT 10.0; Win64; x64) AppleWebKit/537.36 (KHTML, like Gecko) Chrome/142.0.0.0 YaBrowser/25.12.0.0 Safari/537.36" "-"
backend-1        | {"message": "http.request", "taskName": "Task-15887", "request_id": "42921895-71f7-4adc-9bb1-ad87f3879e5f", "method": "GET", "path": "/api/health", "status_code": 200, "duration_ms": 6.56, "ts": 1772384312.3130732, "level": "INFO", "msg": "http.request", "service": "backend", "env": "development", "logger": "app.access"}
nginx-1          | 172.18.0.1 - - [01/Mar/2026:16:58:32 +0000] "GET /api/meta/exchanges HTTP/1.1" 200 3690 "http://localhost:8080/scanner" "Mozilla/5.0 (Windows NT 10.0; Win64; x64) AppleWebKit/537.36 (KHTML, like Gecko) Chrome/142.0.0.0 YaBrowser/25.12.0.0 Safari/537.36" "-"
backend-1        | {"message": "http.request", "taskName": "Task-15889", "request_id": "031ae6ce-a953-4a31-99ac-efb0c56139b5", "method": "GET", "path": "/api/meta/exchanges", "status_code": 200, "duration_ms": 5.9, "ts": 1772384312.3135872, "level": "INFO", "msg": "http.request", "service": "backend", "env": "development", "logger": "app.access"}
nginx-1          | 172.18.0.1 - - [01/Mar/2026:16:58:32 +0000] "GET /api/scanner/provider-health HTTP/1.1" 200 42 "http://localhost:8080/scanner" "Mozilla/5.0 (Windows NT 10.0; Win64; x64) AppleWebKit/537.36 (KHTML, like Gecko) Chrome/142.0.0.0 YaBrowser/25.12.0.0 Safari/537.36" "-"
backend-1        | {"message": "http.request", "taskName": "Task-15892", "request_id": "3b01918c-37ae-4a30-90e8-dad9b99a89c1", "method": "GET", "path": "/api/scanner/provider-health", "status_code": 200, "duration_ms": 15.28, "ts": 1772384312.3378103, "level": "INFO", "msg": "http.request", "service": "backend", "env": "development", "logger": "app.access"}
backend-1        | {"message": "pairs.initial", "taskName": "starlette.middleware.base.BaseHTTPMiddleware.__call__.<locals>.call_next.<locals>.coro", "user_id": "0d9ae1ae-7b54-45f9-aefc-a5478f731034", "paywall": false, "batch_size": 1500, "limit": 1500, "ts": 1772384312.397732, "level": "INFO", "msg": "pairs.initial", "service": "backend", "env": "development", "logger": "app.api.routers.pairs_v1", "request_id": "ae86f10e-43fa-47d3-8d7e-59ef2b7550a6"}
backend-1        | {"message": "http.request", "taskName": "Task-15885", "request_id": "ae86f10e-43fa-47d3-8d7e-59ef2b7550a6", "method": "GET", "path": "/api/v1/pairs/initial", "status_code": 200, "duration_ms": 133.95, "ts": 1772384312.4308083, "level": "INFO", "msg": "http.request", "service": "backend", "env": "development", "logger": "app.access"}
nginx-1          | 172.18.0.1 - - [01/Mar/2026:16:58:32 +0000] "GET /api/v1/pairs/initial?page=1&page_size=5000 HTTP/1.1" 200 2779600 "http://localhost:8080/scanner" "Mozilla/5.0 (Windows NT 10.0; Win64; x64) AppleWebKit/537.36 (KHTML, like Gecko) Chrome/142.0.0.0 YaBrowser/25.12.0.0 Safari/537.36" "-"
backend-1        | {"message": "plugins.resolve exchange_id=BITMARTFTS normalized=bitmart plugin_id=bitmart found=true", "taskName": "starlette.middleware.base.BaseHTTPMiddleware.__call__.<locals>.call_next.<locals>.coro", "ts": 1772384313.2631903, "level": "INFO", "msg": "plugins.resolve exchange_id=BITMARTFTS normalized=bitmart plugin_id=bitmart found=true", "service": "backend", "env": "development", "logger": "app.exchanges.symbols_service", "request_id": "8badfb5f-4db9-41dc-a039-7909bc231be1"}
backend-1        | {"message": "symbols.plugins.cache.hit", "taskName": "starlette.middleware.base.BaseHTTPMiddleware.__call__.<locals>.call_next.<locals>.coro", "exchange_id": "BITMARTFTS", "plugin_id": "bitmart", "market": "futures", "key": "plugins:meta:symbols:bitmart:futures", "ts": 1772384313.2647297, "level": "INFO", "msg": "symbols.plugins.cache.hit", "service": "backend", "env": "development", "logger": "app.exchanges.symbols_service", "request_id": "8badfb5f-4db9-41dc-a039-7909bc231be1"}
backend-1        | {"message": "symbols.source=plugins reason=coinapi_disabled_or_empty exchange=BITMARTFTS count=616", "taskName": "starlette.middleware.base.BaseHTTPMiddleware.__call__.<locals>.call_next.<locals>.coro", "ts": 1772384313.265089, "level": "INFO", "msg": "symbols.source=plugins reason=coinapi_disabled_or_empty exchange=BITMARTFTS count=616", "service": "backend", "env": "development", "logger": "app.exchanges.symbols_service", "request_id": "8badfb5f-4db9-41dc-a039-7909bc231be1"}
backend-1        | {"message": "plugins.resolve exchange_id=ASTERFINANCE normalized=asterfinance plugin_id=asterfinance found=true", "taskName": "starlette.middleware.base.BaseHTTPMiddleware.__call__.<locals>.call_next.<locals>.coro", "ts": 1772384313.325743, "level": "INFO", "msg": "plugins.resolve exchange_id=ASTERFINANCE normalized=asterfinance plugin_id=asterfinance found=true", "service": "backend", "env": "development", "logger": "app.exchanges.symbols_service", "request_id": "8badfb5f-4db9-41dc-a039-7909bc231be1"}
backend-1        | {"message": "symbols.plugins.cache.hit", "taskName": "starlette.middleware.base.BaseHTTPMiddleware.__call__.<locals>.call_next.<locals>.coro", "exchange_id": "ASTERFINANCE", "plugin_id": "asterfinance", "market": "futures", "key": "plugins:meta:symbols:asterfinance:futures", "ts": 1772384313.3334942, "level": "INFO", "msg": "symbols.plugins.cache.hit", "service": "backend", "env": "development", "logger": "app.exchanges.symbols_service", "request_id": "8badfb5f-4db9-41dc-a039-7909bc231be1"}
backend-1        | {"message": "symbols.source=plugins reason=coinapi_disabled_or_empty exchange=ASTERFINANCE count=294", "taskName": "starlette.middleware.base.BaseHTTPMiddleware.__call__.<locals>.call_next.<locals>.coro", "ts": 1772384313.3337986, "level": "INFO", "msg": "symbols.source=plugins reason=coinapi_disabled_or_empty exchange=ASTERFINANCE count=294", "service": "backend", "env": "development", "logger": "app.exchanges.symbols_service", "request_id": "8badfb5f-4db9-41dc-a039-7909bc231be1"}
backend-1        | {"message": "plugins.resolve exchange_id=ASTERFINANCE normalized=asterfinance plugin_id=asterfinance found=true", "taskName": "starlette.middleware.base.BaseHTTPMiddleware.__call__.<locals>.call_next.<locals>.coro", "ts": 1772384313.394338, "level": "INFO", "msg": "plugins.resolve exchange_id=ASTERFINANCE normalized=asterfinance plugin_id=asterfinance found=true", "service": "backend", "env": "development", "logger": "app.exchanges.symbols_service", "request_id": "8badfb5f-4db9-41dc-a039-7909bc231be1"}
backend-1        | {"message": "symbols.plugins.cache.hit", "taskName": "starlette.middleware.base.BaseHTTPMiddleware.__call__.<locals>.call_next.<locals>.coro", "exchange_id": "ASTERFINANCE", "plugin_id": "asterfinance", "market": "futures", "key": "plugins:meta:symbols:asterfinance:futures", "ts": 1772384313.4018695, "level": "INFO", "msg": "symbols.plugins.cache.hit", "service": "backend", "env": "development", "logger": "app.exchanges.symbols_service", "request_id": "8badfb5f-4db9-41dc-a039-7909bc231be1"}
backend-1        | {"message": "symbols.source=plugins reason=coinapi_disabled_or_empty exchange=ASTERFINANCE count=294", "taskName": "starlette.middleware.base.BaseHTTPMiddleware.__call__.<locals>.call_next.<locals>.coro", "ts": 1772384313.4021587, "level": "INFO", "msg": "symbols.source=plugins reason=coinapi_disabled_or_empty exchange=ASTERFINANCE count=294", "service": "backend", "env": "development", "logger": "app.exchanges.symbols_service", "request_id": "8badfb5f-4db9-41dc-a039-7909bc231be1"}
backend-1        | {"message": "plugins.resolve exchange_id=BITMARTFTS normalized=bitmart plugin_id=bitmart found=true", "taskName": "starlette.middleware.base.BaseHTTPMiddleware.__call__.<locals>.call_next.<locals>.coro", "ts": 1772384313.4620197, "level": "INFO", "msg": "plugins.resolve exchange_id=BITMARTFTS normalized=bitmart plugin_id=bitmart found=true", "service": "backend", "env": "development", "logger": "app.exchanges.symbols_service", "request_id": "8badfb5f-4db9-41dc-a039-7909bc231be1"}
backend-1        | {"message": "symbols.plugins.cache.hit", "taskName": "starlette.middleware.base.BaseHTTPMiddleware.__call__.<locals>.call_next.<locals>.coro", "exchange_id": "BITMARTFTS", "plugin_id": "bitmart", "market": "futures", "key": "plugins:meta:symbols:bitmart:futures", "ts": 1772384313.4703228, "level": "INFO", "msg": "symbols.plugins.cache.hit", "service": "backend", "env": "development", "logger": "app.exchanges.symbols_service", "request_id": "8badfb5f-4db9-41dc-a039-7909bc231be1"}
backend-1        | {"message": "symbols.source=plugins reason=coinapi_disabled_or_empty exchange=BITMARTFTS count=616", "taskName": "starlette.middleware.base.BaseHTTPMiddleware.__call__.<locals>.call_next.<locals>.coro", "ts": 1772384313.4707496, "level": "INFO", "msg": "symbols.source=plugins reason=coinapi_disabled_or_empty exchange=BITMARTFTS count=616", "service": "backend", "env": "development", "logger": "app.exchanges.symbols_service", "request_id": "8badfb5f-4db9-41dc-a039-7909bc231be1"}
backend-1        | {"message": "plugins.resolve exchange_id=COINEX normalized=coinex plugin_id=coinex found=true", "taskName": "starlette.middleware.base.BaseHTTPMiddleware.__call__.<locals>.call_next.<locals>.coro", "ts": 1772384313.5355039, "level": "INFO", "msg": "plugins.resolve exchange_id=COINEX normalized=coinex plugin_id=coinex found=true", "service": "backend", "env": "development", "logger": "app.exchanges.symbols_service", "request_id": "8badfb5f-4db9-41dc-a039-7909bc231be1"}
backend-1        | {"message": "symbols.plugins.cache.hit", "taskName": "starlette.middleware.base.BaseHTTPMiddleware.__call__.<locals>.call_next.<locals>.coro", "exchange_id": "COINEX", "plugin_id": "coinex", "market": "futures", "key": "plugins:meta:symbols:coinex:futures", "ts": 1772384313.5436769, "level": "INFO", "msg": "symbols.plugins.cache.hit", "service": "backend", "env": "development", "logger": "app.exchanges.symbols_service", "request_id": "8badfb5f-4db9-41dc-a039-7909bc231be1"}
backend-1        | {"message": "symbols.source=plugins reason=coinapi_disabled_or_empty exchange=COINEX count=252", "taskName": "starlette.middleware.base.BaseHTTPMiddleware.__call__.<locals>.call_next.<locals>.coro", "ts": 1772384313.5440192, "level": "INFO", "msg": "symbols.source=plugins reason=coinapi_disabled_or_empty exchange=COINEX count=252", "service": "backend", "env": "development", "logger": "app.exchanges.symbols_service", "request_id": "8badfb5f-4db9-41dc-a039-7909bc231be1"}
backend-1        | {"message": "plugins.resolve exchange_id=HBDM normalized=hbdm plugin_id=hbdm found=true", "taskName": "starlette.middleware.base.BaseHTTPMiddleware.__call__.<locals>.call_next.<locals>.coro", "ts": 1772384313.5932434, "level": "INFO", "msg": "plugins.resolve exchange_id=HBDM normalized=hbdm plugin_id=hbdm found=true", "service": "backend", "env": "development", "logger": "app.exchanges.symbols_service", "request_id": "8badfb5f-4db9-41dc-a039-7909bc231be1"}
backend-1        | {"message": "symbols.plugins.cache.hit", "taskName": "starlette.middleware.base.BaseHTTPMiddleware.__call__.<locals>.call_next.<locals>.coro", "exchange_id": "HBDM", "plugin_id": "hbdm", "market": "futures", "key": "plugins:meta:symbols:hbdm:futures", "ts": 1772384313.600457, "level": "INFO", "msg": "symbols.plugins.cache.hit", "service": "backend", "env": "development", "logger": "app.exchanges.symbols_service", "request_id": "8badfb5f-4db9-41dc-a039-7909bc231be1"}
backend-1        | {"message": "symbols.source=plugins reason=coinapi_disabled_or_empty exchange=HBDM count=208", "taskName": "starlette.middleware.base.BaseHTTPMiddleware.__call__.<locals>.call_next.<locals>.coro", "ts": 1772384313.600795, "level": "INFO", "msg": "symbols.source=plugins reason=coinapi_disabled_or_empty exchange=HBDM count=208", "service": "backend", "env": "development", "logger": "app.exchanges.symbols_service", "request_id": "8badfb5f-4db9-41dc-a039-7909bc231be1"}
backend-1        | {"message": "plugins.resolve exchange_id=ASTERFINANCE normalized=asterfinance plugin_id=asterfinance found=true", "taskName": "starlette.middleware.base.BaseHTTPMiddleware.__call__.<locals>.call_next.<locals>.coro", "ts": 1772384313.6473053, "level": "INFO", "msg": "plugins.resolve exchange_id=ASTERFINANCE normalized=asterfinance plugin_id=asterfinance found=true", "service": "backend", "env": "development", "logger": "app.exchanges.symbols_service", "request_id": "8badfb5f-4db9-41dc-a039-7909bc231be1"}
backend-1        | {"message": "symbols.plugins.cache.hit", "taskName": "starlette.middleware.base.BaseHTTPMiddleware.__call__.<locals>.call_next.<locals>.coro", "exchange_id": "ASTERFINANCE", "plugin_id": "asterfinance", "market": "futures", "key": "plugins:meta:symbols:asterfinance:futures", "ts": 1772384313.6549084, "level": "INFO", "msg": "symbols.plugins.cache.hit", "service": "backend", "env": "development", "logger": "app.exchanges.symbols_service", "request_id": "8badfb5f-4db9-41dc-a039-7909bc231be1"}
backend-1        | {"message": "symbols.source=plugins reason=coinapi_disabled_or_empty exchange=ASTERFINANCE count=294", "taskName": "starlette.middleware.base.BaseHTTPMiddleware.__call__.<locals>.call_next.<locals>.coro", "ts": 1772384313.6551783, "level": "INFO", "msg": "symbols.source=plugins reason=coinapi_disabled_or_empty exchange=ASTERFINANCE count=294", "service": "backend", "env": "development", "logger": "app.exchanges.symbols_service", "request_id": "8badfb5f-4db9-41dc-a039-7909bc231be1"}
backend-1        | {"message": "plugins.resolve exchange_id=BITMARTFTS normalized=bitmart plugin_id=bitmart found=true", "taskName": "starlette.middleware.base.BaseHTTPMiddleware.__call__.<locals>.call_next.<locals>.coro", "ts": 1772384313.691634, "level": "INFO", "msg": "plugins.resolve exchange_id=BITMARTFTS normalized=bitmart plugin_id=bitmart found=true", "service": "backend", "env": "development", "logger": "app.exchanges.symbols_service", "request_id": "8badfb5f-4db9-41dc-a039-7909bc231be1"}
backend-1        | {"message": "symbols.plugins.cache.hit", "taskName": "starlette.middleware.base.BaseHTTPMiddleware.__call__.<locals>.call_next.<locals>.coro", "exchange_id": "BITMARTFTS", "plugin_id": "bitmart", "market": "futures", "key": "plugins:meta:symbols:bitmart:futures", "ts": 1772384313.6990466, "level": "INFO", "msg": "symbols.plugins.cache.hit", "service": "backend", "env": "development", "logger": "app.exchanges.symbols_service", "request_id": "8badfb5f-4db9-41dc-a039-7909bc231be1"}
backend-1        | {"message": "symbols.source=plugins reason=coinapi_disabled_or_empty exchange=BITMARTFTS count=616", "taskName": "starlette.middleware.base.BaseHTTPMiddleware.__call__.<locals>.call_next.<locals>.coro", "ts": 1772384313.6993194, "level": "INFO", "msg": "symbols.source=plugins reason=coinapi_disabled_or_empty exchange=BITMARTFTS count=616", "service": "backend", "env": "development", "logger": "app.exchanges.symbols_service", "request_id": "8badfb5f-4db9-41dc-a039-7909bc231be1"}
celery_beat-1    | [2026-03-01 16:58:33,717: INFO/MainProcess] Scheduler: Sending due task scanner.tick (app.tasks.scanner.scanner_tick)
celery_worker-1  | [2026-03-01 16:58:33,719: INFO/MainProcess] Task app.tasks.scanner.scanner_tick[f9f8285a-bc19-49bf-aff0-8b998d79e3c9] received
celery_worker-1  | [2026-03-01 16:58:33,729: INFO/MainProcess] exchanges.enabled.file_probe resolved_path=/app/config/ex.json exists=True cwd=/app file_path=/app/config/ex.json size=449 mtime=2026-03-01T11:29:03.445839+00:00
celery_worker-1  | [2026-03-01 16:58:33,731: INFO/MainProcess] exchanges.enabled.source=file path=./config/ex.json mtime=2026-03-01T11:29:03.445839+00:00 count=4 raw_sample=['asterfinance', 'bitmart', 'coinex', 'hbdm'] normalized_sample=['asterfinance', 'bitmart', 'coinex', 'hbdm']
celery_worker-1  | [2026-03-01 16:58:33,731: INFO/MainProcess] scanner.tick.start
celery_worker-1  | [2026-03-01 16:58:33,735: INFO/MainProcess] scanner.tick.start
backend-1        | {"message": "plugins.resolve exchange_id=HBDM normalized=hbdm plugin_id=hbdm found=true", "taskName": "starlette.middleware.base.BaseHTTPMiddleware.__call__.<locals>.call_next.<locals>.coro", "ts": 1772384313.738508, "level": "INFO", "msg": "plugins.resolve exchange_id=HBDM normalized=hbdm plugin_id=hbdm found=true", "service": "backend", "env": "development", "logger": "app.exchanges.symbols_service", "request_id": "8badfb5f-4db9-41dc-a039-7909bc231be1"}
backend-1        | {"message": "symbols.plugins.cache.hit", "taskName": "starlette.middleware.base.BaseHTTPMiddleware.__call__.<locals>.call_next.<locals>.coro", "exchange_id": "HBDM", "plugin_id": "hbdm", "market": "futures", "key": "plugins:meta:symbols:hbdm:futures", "ts": 1772384313.7457588, "level": "INFO", "msg": "symbols.plugins.cache.hit", "service": "backend", "env": "development", "logger": "app.exchanges.symbols_service", "request_id": "8badfb5f-4db9-41dc-a039-7909bc231be1"}
backend-1        | {"message": "symbols.source=plugins reason=coinapi_disabled_or_empty exchange=HBDM count=208", "taskName": "starlette.middleware.base.BaseHTTPMiddleware.__call__.<locals>.call_next.<locals>.coro", "ts": 1772384313.7460349, "level": "INFO", "msg": "symbols.source=plugins reason=coinapi_disabled_or_empty exchange=HBDM count=208", "service": "backend", "env": "development", "logger": "app.exchanges.symbols_service", "request_id": "8badfb5f-4db9-41dc-a039-7909bc231be1"}
celery_worker-1  | [2026-03-01 16:58:33,754: INFO/MainProcess] scanner.tick.pairs_loaded
celery_worker-1  | [2026-03-01 16:58:33,758: INFO/MainProcess] scanner.tick.coinapi_enabled=0 plugins_data_path=on
celery_worker-1  | [2026-03-01 16:58:33,758: INFO/MainProcess] scanner.tick.plugins_mode


celery_worker-1  | [2026-03-01 16:58:33,778: INFO/MainProcess] plugins.resolve exchange_id=HBDM normalized=hbdm plugin_id=hbdm found=true
backend-1        | {"message": "plugins.resolve exchange_id=ASTERFINANCE normalized=asterfinance plugin_id=asterfinance found=true", "taskName": "starlette.middleware.base.BaseHTTPMiddleware.__call__.<locals>.call_next.<locals>.coro", "ts": 1772384313.7782226, "level": "INFO", "msg": "plugins.resolve exchange_id=ASTERFINANCE normalized=asterfinance plugin_id=asterfinance found=true", "service": "backend", "env": "development", "logger": "app.exchanges.symbols_service", "request_id": "8badfb5f-4db9-41dc-a039-7909bc231be1"}
backend-1        | {"message": "symbols.plugins.cache.hit", "taskName": "starlette.middleware.base.BaseHTTPMiddleware.__call__.<locals>.call_next.<locals>.coro", "exchange_id": "ASTERFINANCE", "plugin_id": "asterfinance", "market": "futures", "key": "plugins:meta:symbols:asterfinance:futures", "ts": 1772384313.7852933, "level": "INFO", "msg": "symbols.plugins.cache.hit", "service": "backend", "env": "development", "logger": "app.exchanges.symbols_service", "request_id": "8badfb5f-4db9-41dc-a039-7909bc231be1"}
backend-1        | {"message": "symbols.source=plugins reason=coinapi_disabled_or_empty exchange=ASTERFINANCE count=294", "taskName": "starlette.middleware.base.BaseHTTPMiddleware.__call__.<locals>.call_next.<locals>.coro", "ts": 1772384313.785598, "level": "INFO", "msg": "symbols.source=plugins reason=coinapi_disabled_or_empty exchange=ASTERFINANCE count=294", "service": "backend", "env": "development", "logger": "app.exchanges.symbols_service", "request_id": "8badfb5f-4db9-41dc-a039-7909bc231be1"}
backend-1        | {"message": "plugins.resolve exchange_id=BITMARTFTS normalized=bitmart plugin_id=bitmart found=true", "taskName": "starlette.middleware.base.BaseHTTPMiddleware.__call__.<locals>.call_next.<locals>.coro", "ts": 1772384313.8237443, "level": "INFO", "msg": "plugins.resolve exchange_id=BITMARTFTS normalized=bitmart plugin_id=bitmart found=true", "service": "backend", "env": "development", "logger": "app.exchanges.symbols_service", "request_id": "8badfb5f-4db9-41dc-a039-7909bc231be1"}
backend-1        | {"message": "symbols.plugins.cache.hit", "taskName": "starlette.middleware.base.BaseHTTPMiddleware.__call__.<locals>.call_next.<locals>.coro", "exchange_id": "BITMARTFTS", "plugin_id": "bitmart", "market": "futures", "key": "plugins:meta:symbols:bitmart:futures", "ts": 1772384313.8317997, "level": "INFO", "msg": "symbols.plugins.cache.hit", "service": "backend", "env": "development", "logger": "app.exchanges.symbols_service", "request_id": "8badfb5f-4db9-41dc-a039-7909bc231be1"}
backend-1        | {"message": "symbols.source=plugins reason=coinapi_disabled_or_empty exchange=BITMARTFTS count=616", "taskName": "starlette.middleware.base.BaseHTTPMiddleware.__call__.<locals>.call_next.<locals>.coro", "ts": 1772384313.8321047, "level": "INFO", "msg": "symbols.source=plugins reason=coinapi_disabled_or_empty exchange=BITMARTFTS count=616", "service": "backend", "env": "development", "logger": "app.exchanges.symbols_service", "request_id": "8badfb5f-4db9-41dc-a039-7909bc231be1"}
backend-1        | {"message": "plugins.resolve exchange_id=COINEX normalized=coinex plugin_id=coinex found=true", "taskName": "starlette.middleware.base.BaseHTTPMiddleware.__call__.<locals>.call_next.<locals>.coro", "ts": 1772384313.8686056, "level": "INFO", "msg": "plugins.resolve exchange_id=COINEX normalized=coinex plugin_id=coinex found=true", "service": "backend", "env": "development", "logger": "app.exchanges.symbols_service", "request_id": "8badfb5f-4db9-41dc-a039-7909bc231be1"}
backend-1        | {"message": "symbols.plugins.cache.hit", "taskName": "starlette.middleware.base.BaseHTTPMiddleware.__call__.<locals>.call_next.<locals>.coro", "exchange_id": "COINEX", "plugin_id": "coinex", "market": "futures", "key": "plugins:meta:symbols:coinex:futures", "ts": 1772384313.8762522, "level": "INFO", "msg": "symbols.plugins.cache.hit", "service": "backend", "env": "development", "logger": "app.exchanges.symbols_service", "request_id": "8badfb5f-4db9-41dc-a039-7909bc231be1"}
backend-1        | {"message": "symbols.source=plugins reason=coinapi_disabled_or_empty exchange=COINEX count=252", "taskName": "starlette.middleware.base.BaseHTTPMiddleware.__call__.<locals>.call_next.<locals>.coro", "ts": 1772384313.8765748, "level": "INFO", "msg": "symbols.source=plugins reason=coinapi_disabled_or_empty exchange=COINEX count=252", "service": "backend", "env": "development", "logger": "app.exchanges.symbols_service", "request_id": "8badfb5f-4db9-41dc-a039-7909bc231be1"}
backend-1        | {"message": "plugins.resolve exchange_id=HBDM normalized=hbdm plugin_id=hbdm found=true", "taskName": "starlette.middleware.base.BaseHTTPMiddleware.__call__.<locals>.call_next.<locals>.coro", "ts": 1772384313.9115515, "level": "INFO", "msg": "plugins.resolve exchange_id=HBDM normalized=hbdm plugin_id=hbdm found=true", "service": "backend", "env": "development", "logger": "app.exchanges.symbols_service", "request_id": "8badfb5f-4db9-41dc-a039-7909bc231be1"}
backend-1        | {"message": "symbols.plugins.cache.hit", "taskName": "starlette.middleware.base.BaseHTTPMiddleware.__call__.<locals>.call_next.<locals>.coro", "exchange_id": "HBDM", "plugin_id": "hbdm", "market": "futures", "key": "plugins:meta:symbols:hbdm:futures", "ts": 1772384313.9184012, "level": "INFO", "msg": "symbols.plugins.cache.hit", "service": "backend", "env": "development", "logger": "app.exchanges.symbols_service", "request_id": "8badfb5f-4db9-41dc-a039-7909bc231be1"}
backend-1        | {"message": "symbols.source=plugins reason=coinapi_disabled_or_empty exchange=HBDM count=208", "taskName": "starlette.middleware.base.BaseHTTPMiddleware.__call__.<locals>.call_next.<locals>.coro", "ts": 1772384313.9186893, "level": "INFO", "msg": "symbols.source=plugins reason=coinapi_disabled_or_empty exchange=HBDM count=208", "service": "backend", "env": "development", "logger": "app.exchanges.symbols_service", "request_id": "8badfb5f-4db9-41dc-a039-7909bc231be1"}
backend-1        | {"message": "plugins.resolve exchange_id=ASTERFINANCE normalized=asterfinance plugin_id=asterfinance found=true", "taskName": "starlette.middleware.base.BaseHTTPMiddleware.__call__.<locals>.call_next.<locals>.coro", "ts": 1772384313.9537337, "level": "INFO", "msg": "plugins.resolve exchange_id=ASTERFINANCE normalized=asterfinance plugin_id=asterfinance found=true", "service": "backend", "env": "development", "logger": "app.exchanges.symbols_service", "request_id": "8badfb5f-4db9-41dc-a039-7909bc231be1"}
backend-1        | {"message": "symbols.plugins.cache.hit", "taskName": "starlette.middleware.base.BaseHTTPMiddleware.__call__.<locals>.call_next.<locals>.coro", "exchange_id": "ASTERFINANCE", "plugin_id": "asterfinance", "market": "futures", "key": "plugins:meta:symbols:asterfinance:futures", "ts": 1772384313.9631722, "level": "INFO", "msg": "symbols.plugins.cache.hit", "service": "backend", "env": "development", "logger": "app.exchanges.symbols_service", "request_id": "8badfb5f-4db9-41dc-a039-7909bc231be1"}
backend-1        | {"message": "symbols.source=plugins reason=coinapi_disabled_or_empty exchange=ASTERFINANCE count=294", "taskName": "starlette.middleware.base.BaseHTTPMiddleware.__call__.<locals>.call_next.<locals>.coro", "ts": 1772384313.9635067, "level": "INFO", "msg": "symbols.source=plugins reason=coinapi_disabled_or_empty exchange=ASTERFINANCE count=294", "service": "backend", "env": "development", "logger": "app.exchanges.symbols_service", "request_id": "8badfb5f-4db9-41dc-a039-7909bc231be1"}
backend-1        | {"message": "plugins.resolve exchange_id=BITMARTFTS normalized=bitmart plugin_id=bitmart found=true", "taskName": "starlette.middleware.base.BaseHTTPMiddleware.__call__.<locals>.call_next.<locals>.coro", "ts": 1772384314.018741, "level": "INFO", "msg": "plugins.resolve exchange_id=BITMARTFTS normalized=bitmart plugin_id=bitmart found=true", "service": "backend", "env": "development", "logger": "app.exchanges.symbols_service", "request_id": "8badfb5f-4db9-41dc-a039-7909bc231be1"}
backend-1        | {"message": "symbols.plugins.cache.hit", "taskName": "starlette.middleware.base.BaseHTTPMiddleware.__call__.<locals>.call_next.<locals>.coro", "exchange_id": "BITMARTFTS", "plugin_id": "bitmart", "market": "futures", "key": "plugins:meta:symbols:bitmart:futures", "ts": 1772384314.0298424, "level": "INFO", "msg": "symbols.plugins.cache.hit", "service": "backend", "env": "development", "logger": "app.exchanges.symbols_service", "request_id": "8badfb5f-4db9-41dc-a039-7909bc231be1"}
backend-1        | {"message": "symbols.source=plugins reason=coinapi_disabled_or_empty exchange=BITMARTFTS count=616", "taskName": "starlette.middleware.base.BaseHTTPMiddleware.__call__.<locals>.call_next.<locals>.coro", "ts": 1772384314.0302289, "level": "INFO", "msg": "symbols.source=plugins reason=coinapi_disabled_or_empty exchange=BITMARTFTS count=616", "service": "backend", "env": "development", "logger": "app.exchanges.symbols_service", "request_id": "8badfb5f-4db9-41dc-a039-7909bc231be1"}
backend-1        | {"message": "plugins.resolve exchange_id=COINEX normalized=coinex plugin_id=coinex found=true", "taskName": "starlette.middleware.base.BaseHTTPMiddleware.__call__.<locals>.call_next.<locals>.coro", "ts": 1772384314.1199062, "level": "INFO", "msg": "plugins.resolve exchange_id=COINEX normalized=coinex plugin_id=coinex found=true", "service": "backend", "env": "development", "logger": "app.exchanges.symbols_service", "request_id": "8badfb5f-4db9-41dc-a039-7909bc231be1"}
backend-1        | {"message": "symbols.plugins.cache.hit", "taskName": "starlette.middleware.base.BaseHTTPMiddleware.__call__.<locals>.call_next.<locals>.coro", "exchange_id": "COINEX", "plugin_id": "coinex", "market": "futures", "key": "plugins:meta:symbols:coinex:futures", "ts": 1772384314.1285388, "level": "INFO", "msg": "symbols.plugins.cache.hit", "service": "backend", "env": "development", "logger": "app.exchanges.symbols_service", "request_id": "8badfb5f-4db9-41dc-a039-7909bc231be1"}
backend-1        | {"message": "symbols.source=plugins reason=coinapi_disabled_or_empty exchange=COINEX count=252", "taskName": "starlette.middleware.base.BaseHTTPMiddleware.__call__.<locals>.call_next.<locals>.coro", "ts": 1772384314.1289806, "level": "INFO", "msg": "symbols.source=plugins reason=coinapi_disabled_or_empty exchange=COINEX count=252", "service": "backend", "env": "development", "logger": "app.exchanges.symbols_service", "request_id": "8badfb5f-4db9-41dc-a039-7909bc231be1"}
