backend-1        | {"message": "funding.pipeline.stats", "taskName": "starlette.middleware.base.BaseHTTPMiddleware.__call__.<locals>.call_next.<locals>.coro", "total_pairs": 251, "pairs_with_left_funding": 0, "pairs_with_right_funding": 0, "pairs_with_both_funding": 0, "funding_store_size": 0, "funding_missing": 251, "funding_partial": 0, "samples": [], "ts": 1772393753.038569, "level": "INFO", "msg": "funding.pipeline.stats", "service": "backend", "env": "development", "logger": "app.api.routers.scanner", "request_id": "b0f67e19-a456-402d-b8b6-2b30a5cbd38a"}
celery_worker-1  | [2026-03-01 19:35:53,599: INFO/MainProcess] exchanges.enabled.file_probe resolved_path=/app/config/ex.json exists=True cwd=/app file_path=/app/config/ex.json size=449 mtime=2026-03-01T11:29:03.445839+00:00
celery_worker-1  | [2026-03-01 19:35:53,601: INFO/MainProcess] exchanges.enabled.source=file path=./config/ex.json mtime=2026-03-01T11:29:03.445839+00:00 count=4 raw_sample=['asterfinance', 'bitmart', 'coinex', 'hbdm'] normalized_sample=['asterfinance', 'bitmart', 'coinex', 'hbdm']
celery_worker-1  | [2026-03-01 19:35:53,601: INFO/MainProcess] scanner.tick.start
celery_worker-1  | [2026-03-01 19:35:53,605: INFO/MainProcess] scanner.tick.start
celery_worker-1  | [2026-03-01 19:35:53,605: INFO/MainProcess] scanner.tick.settings
celery_worker-1  | [2026-03-01 19:35:53,623: INFO/MainProcess] scanner.tick.pairs_loaded
celery_worker-1  | [2026-03-01 19:35:53,629: INFO/MainProcess] scanner.tick.coinapi_enabled=0 plugins_data_path=on
celery_worker-1  | [2026-03-01 19:35:53,629: INFO/MainProcess] scanner.tick.plugins_mode
celery_worker-1  | [2026-03-01 19:35:53,654: INFO/MainProcess] plugins.resolve exchange_id=ASTERFINANCE normalized=asterfinance plugin_id=asterfinance found=true
celery_worker-1  | [2026-03-01 19:35:53,656: INFO/MainProcess] symbols.plugins.cache.hit
celery_worker-1  | [2026-03-01 19:35:53,657: INFO/MainProcess] symbols.source=plugins reason=coinapi_disabled_or_empty exchange=ASTERFINANCE count=294
celery_worker-1  | [2026-03-01 19:35:53,681: INFO/MainProcess] plugins.resolve exchange_id=HBDM normalized=hbdm plugin_id=hbdm found=true
celery_worker-1  | [2026-03-01 19:35:53,683: INFO/MainProcess] symbols.plugins.cache.hit
celery_worker-1  | [2026-03-01 19:35:53,684: INFO/MainProcess] symbols.source=plugins reason=coinapi_disabled_or_empty exchange=HBDM count=208
celery_worker-1  | [2026-03-01 19:35:53,711: INFO/MainProcess] plugins.resolve exchange_id=BITMARTFTS normalized=bitmart plugin_id=bitmart found=true
celery_worker-1  | [2026-03-01 19:35:53,713: INFO/MainProcess] symbols.plugins.cache.hit
celery_worker-1  | [2026-03-01 19:35:53,714: INFO/MainProcess] symbols.source=plugins reason=coinapi_disabled_or_empty exchange=BITMARTFTS count=616
celery_worker-1  | [2026-03-01 19:35:53,740: INFO/MainProcess] plugins.resolve exchange_id=COINEX normalized=coinex plugin_id=coinex found=true
celery_worker-1  | [2026-03-01 19:35:53,742: INFO/MainProcess] symbols.plugins.cache.hit
celery_worker-1  | [2026-03-01 19:35:53,743: INFO/MainProcess] symbols.source=plugins reason=coinapi_disabled_or_empty exchange=COINEX count=252
celery_worker-1  | [2026-03-01 19:35:54,001: INFO/MainProcess] scanner.tick.done
celery_worker-1  | [2026-03-01 19:35:54,001: INFO/MainProcess] scanner.tick.summary
celery_worker-1  | [2026-03-01 19:35:54,004: INFO/MainProcess] funding.pipeline.trigger
celery_worker-1  | [2026-03-01 19:35:54,004: INFO/MainProcess] funding.refresh_active.plugins_mode
celery_worker-1  | [2026-03-01 19:35:54,004: INFO/MainProcess] funding.mode
celery_worker-1  | [2026-03-01 19:35:54,035: INFO/MainProcess] exchanges.enabled.file_probe resolved_path=/app/config/ex.json exists=True cwd=/app file_path=/app/config/ex.json size=449 mtime=2026-03-01T11:29:03.445839+00:00
celery_worker-1  | [2026-03-01 19:35:54,037: INFO/MainProcess] exchanges.enabled.source=file path=./config/ex.json mtime=2026-03-01T11:29:03.445839+00:00 count=4 raw_sample=['asterfinance', 'bitmart', 'coinex', 'hbdm'] normalized_sample=['asterfinance', 'bitmart', 'coinex', 'hbdm']
celery_worker-1  | [2026-03-01 19:35:54,116: INFO/MainProcess] funding.pipeline.result
celery_worker-1  | [2026-03-01 19:35:54,117: INFO/MainProcess] scanner.tick.done
celery_worker-1  | [2026-03-01 19:35:54,117: INFO/MainProcess] Task app.tasks.scanner.scanner_tick[1ff46ad8-b2e5-47f8-8061-281fd1d8fc7c] succeeded in 0.5268915240012575s: 0
backend-1        | {"message": "http.request", "taskName": "Task-20553", "request_id": "be8b164d-1535-4f76-a1d9-d4bee8906551", "method": "GET", "path": "/health", "status_code": 200, "duration_ms": 27.15, "ts": 1772393755.6143215, "level": "INFO", "msg": "http.request", "service": "backend", "env": "development", "logger": "app.access"}
backend-1        | {"message": "http.request", "taskName": "Task-19015", "request_id": "b0f67e19-a456-402d-b8b6-2b30a5cbd38a", "method": "GET", "path": "/api/scanner/results", "status_code": 200, "duration_ms": 17270.66, "ts": 1772393755.8929086, "level": "INFO", "msg": "http.request", "service": "backend", "env": "development", "logger": "app.access"}
nginx-1          | 172.18.0.1 - - [01/Mar/2026:19:35:55 +0000] "GET /api/scanner/results HTTP/1.1" 200 1814545 "http://localhost:8080/scanner" "Mozilla/5.0 (Windows NT 10.0; Win64; x64) AppleWebKit/537.36 (KHTML, like Gecko) Chrome/142.0.0.0 YaBrowser/25.12.0.0 Safari/537.36" "-"
backend-1        | INFO:     172.18.0.5:34662 - "WebSocket /ws/scanner?token=eyJhbGciOiJIUzI1NiIsInR5cCI6IkpXVCJ9.eyJzdWIiOiIyMWFlY2RiZS0wZmJkLTQ0NzUtYjhiNy0zZGJiMjljODBmN2YiLCJqdGkiOiJlNzljZWRhOTZhMGE0YWIzYWU2OGU3OTQ2NzRjNzM4ZSIsInRva2VuX3R5cGUiOiJhY2Nlc3MiLCJpYXQiOjE3NzIzOTM3MzcsImV4cCI6MTc3MjM5NzMzN30.X8zoc2lMtQDTfF3RTQWtinOUOuB6lImbre50rTDjbbY" [accepted]
backend-1        | INFO:     connection open
nginx-1          | 172.18.0.1 - - [01/Mar/2026:19:35:55 +0000] "GET /assets/exchanges/bitmart.svg HTTP/1.1" 200 1690 "http://localhost:8080/scanner" "Mozilla/5.0 (Windows NT 10.0; Win64; x64) AppleWebKit/537.36 (KHTML, like Gecko) Chrome/142.0.0.0 YaBrowser/25.12.0.0 Safari/537.36" "-"
nginx-1          | 172.18.0.1 - - [01/Mar/2026:19:35:55 +0000] "GET /assets/exchanges/asterfinance.svg HTTP/1.1" 200 1690 "http://localhost:8080/scanner" "Mozilla/5.0 (Windows NT 10.0; Win64; x64) AppleWebKit/537.36 (KHTML, like Gecko) Chrome/142.0.0.0 YaBrowser/25.12.0.0 Safari/537.36" "-"
nginx-1          | 172.18.0.1 - - [01/Mar/2026:19:35:55 +0000] "GET /assets/exchanges/hbdm.svg HTTP/1.1" 200 1690 "http://localhost:8080/scanner" "Mozilla/5.0 (Windows NT 10.0; Win64; x64) AppleWebKit/537.36 (KHTML, like Gecko) Chrome/142.0.0.0 YaBrowser/25.12.0.0 Safari/537.36" "-"
backend-1        | {"message": "ws.connect", "taskName": "Task-20627", "ws_conn_id": "b70598c00e664dda8748f80c2443eca2", "ws_path": "/ws/scanner", "user_id": "21aecdbe-0fbd-4475-b8b7-3dbb29c80f7f", "auth_source": "cookie", "channel_subscribed": "notif:user:21aecdbe-0fbd-4475-b8b7-3dbb29c80f7f", "ts": 1772393756.0184946, "level": "INFO", "msg": "ws.connect", "service": "backend", "env": "development", "logger": "app.ws"}
backend-1        | {"message": "ws.initial.sent", "taskName": "Task-20627", "items_count": 1500, "ts": 1772393756.1508603, "level": "INFO", "msg": "ws.initial.sent", "service": "backend", "env": "development", "logger": "app.ws"}
backend-1        | {"message": "ws.batch.sent", "taskName": "Task-20627", "size": 1500, "seq": 1, "ts": 1772393756.151071, "level": "INFO", "msg": "ws.batch.sent", "service": "backend", "env": "development", "logger": "app.ws"}
backend-1        | {"message": "ws.initial.sent", "taskName": "Task-20627", "items_count": 516, "ts": 1772393756.1679323, "level": "INFO", "msg": "ws.initial.sent", "service": "backend", "env": "development", "logger": "app.ws"}
backend-1        | {"message": "ws.batch.sent", "taskName": "Task-20627", "size": 516, "seq": 2, "ts": 1772393756.1681328, "level": "INFO", "msg": "ws.batch.sent", "service": "backend", "env": "development", "logger": "app.ws"}
backend-1        | {"message": "funding.required.symbol_ids.summary", "taskName": "starlette.middleware.base.BaseHTTPMiddleware.__call__.<locals>.call_next.<locals>.coro", "requested": 1227, "full": 223, "short_dropped": 1004, "sample_short": ["0G-USDT", "0GUSDT", "1000CHEEMSUSDT", "AIA-USDT", "AIAUSDT"], "mapping_failed": 0, "mapping_failed_sample": [], "ts": 1772393756.4224982, "level": "INFO", "msg": "funding.required.symbol_ids.summary", "service": "backend", "env": "development", "logger": "app.api.routers.scanner", "request_id": "4e3e965b-6aa1-472e-b358-991671eaa4a1"}
backend-1        | {"message": "funding.required.exchanges", "taskName": "starlette.middleware.base.BaseHTTPMiddleware.__call__.<locals>.call_next.<locals>.coro", "count": 4, "sample": ["ASTERFINANCE", "BITMARTFTS", "COINEX", "HBDM"], "request_id": "4e3e965b-6aa1-472e-b358-991671eaa4a1", "ts": 1772393756.423038, "level": "INFO", "msg": "funding.required.exchanges", "service": "backend", "env": "development", "logger": "app.api.routers.scanner"}
backend-1        | {"message": "funding.required.exchanges.saved", "taskName": "starlette.middleware.base.BaseHTTPMiddleware.__call__.<locals>.call_next.<locals>.coro", "count": 4, "ts": 1772393756.4233804, "level": "INFO", "msg": "funding.required.exchanges.saved", "service": "backend", "env": "development", "logger": "app.api.routers.scanner", "request_id": "4e3e965b-6aa1-472e-b358-991671eaa4a1"}
backend-1        | {"message": "funding.active_symbols.upsert", "taskName": "starlette.middleware.base.BaseHTTPMiddleware.__call__.<locals>.call_next.<locals>.coro", "source": "scanner_results", "written": 223, "ttl_sec": 900, "ts": 1772393756.4259698, "level": "INFO", "msg": "funding.active_symbols.upsert", "service": "backend", "env": "development", "logger": "app.services.funding_service", "request_id": "4e3e965b-6aa1-472e-b358-991671eaa4a1"}
backend-1        | {"message": "funding.required.symbol_ids.summary", "taskName": "starlette.middleware.base.BaseHTTPMiddleware.__call__.<locals>.call_next.<locals>.coro", "requested": 223, "full": 223, "short_dropped": 0, "sample_short": [], "mapping_failed": 0, "mapping_failed_sample": [], "ts": 1772393756.4322846, "level": "INFO", "msg": "funding.required.symbol_ids.summary", "service": "backend", "env": "development", "logger": "app.api.routers.scanner", "request_id": "4e3e965b-6aa1-472e-b358-991671eaa4a1"}
backend-1        | {"message": "funding.mode", "taskName": "starlette.middleware.base.BaseHTTPMiddleware.__call__.<locals>.call_next.<locals>.coro", "coinapi_enabled": 0, "source": "plugins", "reason": "coinapi_disabled", "ts": 1772393756.4365225, "level": "INFO", "msg": "funding.mode", "service": "backend", "env": "development", "logger": "app.api.routers.scanner", "request_id": "4e3e965b-6aa1-472e-b358-991671eaa4a1"}
backend-1        | {"message": "funding.cache.read.summary", "taskName": "starlette.middleware.base.BaseHTTPMiddleware.__call__.<locals>.call_next.<locals>.coro", "requested": 223, "hit": 0, "miss": 223, "hit_null": 0, "hit_with_value": 0, "miss_sample_keys": ["coinapi:funding:ASTERFINANCE_PERP_0G_USDT", "coinapi:funding:ASTERFINANCE_PERP_1000CHEEMS_USDT", "coinapi:funding:ASTERFINANCE_PERP_AIA_USDT", "coinapi:funding:ASTERFINANCE_PERP_ALLO_USDT", "coinapi:funding:ASTERFINANCE_PERP_APE_USDT"], "ts": 1772393756.4767718, "level": "INFO", "msg": "funding.cache.read.summary", "service": "backend", "env": "development", "logger": "app.services.funding_service", "request_id": "4e3e965b-6aa1-472e-b358-991671eaa4a1"}
backend-1        | {"message": "funding.mode", "taskName": "starlette.middleware.base.BaseHTTPMiddleware.__call__.<locals>.call_next.<locals>.coro", "coinapi_enabled": 0, "path": "plugins", "ts": 1772393756.477557, "level": "INFO", "msg": "funding.mode", "service": "backend", "env": "development", "logger": "app.services.funding_refresh_service", "request_id": "4e3e965b-6aa1-472e-b358-991671eaa4a1"}
backend-1        | {"message": "exchanges.enabled.file_probe resolved_path=/app/config/ex.json exists=True cwd=/app file_path=/app/config/ex.json size=449 mtime=2026-03-01T11:29:03.445839+00:00", "taskName": "starlette.middleware.base.BaseHTTPMiddleware.__call__.<locals>.call_next.<locals>.coro", "ts": 1772393756.5075736, "level": "INFO", "msg": "exchanges.enabled.file_probe resolved_path=/app/config/ex.json exists=True cwd=/app file_path=/app/config/ex.json size=449 mtime=2026-03-01T11:29:03.445839+00:00", "service": "backend", "env": "development", "logger": "app.core.settings", "request_id": "4e3e965b-6aa1-472e-b358-991671eaa4a1"}
backend-1        | {"message": "exchanges.enabled.source=file path=./config/ex.json mtime=2026-03-01T11:29:03.445839+00:00 count=4 raw_sample=['asterfinance', 'bitmart', 'coinex', 'hbdm'] normalized_sample=['asterfinance', 'bitmart', 'coinex', 'hbdm']", "taskName": "starlette.middleware.base.BaseHTTPMiddleware.__call__.<locals>.call_next.<locals>.coro", "ts": 1772393756.509471, "level": "INFO", "msg": "exchanges.enabled.source=file path=./config/ex.json mtime=2026-03-01T11:29:03.445839+00:00 count=4 raw_sample=['asterfinance', 'bitmart', 'coinex', 'hbdm'] normalized_sample=['asterfinance', 'bitmart', 'coinex', 'hbdm']", "service": "backend", "env": "development", "logger": "app.core.settings", "request_id": "4e3e965b-6aa1-472e-b358-991671eaa4a1"}
backend-1        | {"message": "funding.enrich.prefetch.plugins", "taskName": "starlette.middleware.base.BaseHTTPMiddleware.__call__.<locals>.call_next.<locals>.coro", "requested_symbol_ids": 223, "written": 0, "requests": 0, "ts": 1772393756.569761, "level": "INFO", "msg": "funding.enrich.prefetch.plugins", "service": "backend", "env": "development", "logger": "app.api.routers.scanner", "request_id": "4e3e965b-6aa1-472e-b358-991671eaa4a1"}
backend-1        | {"message": "funding.cache.read.summary", "taskName": "starlette.middleware.base.BaseHTTPMiddleware.__call__.<locals>.call_next.<locals>.coro", "requested": 223, "hit": 0, "miss": 223, "hit_null": 0, "hit_with_value": 0, "miss_sample_keys": ["coinapi:funding:ASTERFINANCE_PERP_0G_USDT", "coinapi:funding:ASTERFINANCE_PERP_1000CHEEMS_USDT", "coinapi:funding:ASTERFINANCE_PERP_AIA_USDT", "coinapi:funding:ASTERFINANCE_PERP_ALLO_USDT", "coinapi:funding:ASTERFINANCE_PERP_APE_USDT"], "ts": 1772393756.606175, "level": "INFO", "msg": "funding.cache.read.summary", "service": "backend", "env": "development", "logger": "app.services.funding_service", "request_id": "4e3e965b-6aa1-472e-b358-991671eaa4a1"}
backend-1        | {"message": "funding.enrich.cache.summary", "taskName": "starlette.middleware.base.BaseHTTPMiddleware.__call__.<locals>.call_next.<locals>.coro", "requested_symbol_ids": 223, "cache_hit": 0, "cache_null_value": 0, "cache_missing_key": 223, "cache_hit_ratio": 0.0, "funding_source": "plugins", "ts": 1772393756.608201, "level": "INFO", "msg": "funding.enrich.cache.summary", "service": "backend", "env": "development", "logger": "app.api.routers.scanner", "request_id": "4e3e965b-6aa1-472e-b358-991671eaa4a1"}
backend-1        | {"message": "pairs.source", "taskName": "starlette.middleware.base.BaseHTTPMiddleware.__call__.<locals>.call_next.<locals>.coro", "source": "rebuild", "pairs_count": 2016, "ts": 1772393756.6101558, "level": "INFO", "msg": "pairs.source", "service": "backend", "env": "development", "logger": "app.api.routers.scanner", "request_id": "4e3e965b-6aa1-472e-b358-991671eaa4a1"}
backend-1        | {"message": "scanner.results.summary", "taskName": "starlette.middleware.base.BaseHTTPMiddleware.__call__.<locals>.call_next.<locals>.coro", "rows": 251, "current_non_null": 251, "ts": 1772393756.610242, "level": "INFO", "msg": "scanner.results.summary", "service": "backend", "env": "development", "logger": "app.api.routers.scanner", "request_id": "4e3e965b-6aa1-472e-b358-991671eaa4a1"}
backend-1        | {"message": "funding.enrich.summary", "taskName": "starlette.middleware.base.BaseHTTPMiddleware.__call__.<locals>.call_next.<locals>.coro", "required": 223, "ok": 0, "no_data": 0, "missing": 223, "error": 0, "ts": 1772393756.610401, "level": "INFO", "msg": "funding.enrich.summary", "service": "backend", "env": "development", "logger": "app.api.routers.scanner", "request_id": "4e3e965b-6aa1-472e-b358-991671eaa4a1"}
nginx-1          | 2026/03/01 19:35:56 [warn] 39#39: *24 a client request body is buffered to a temporary file /var/cache/nginx/client_temp/0000000002, client: 172.18.0.1, server: , request: "POST /api/scanner/viewport-subscription HTTP/1.1", host: "localhost:8080", referrer: "http://localhost:8080/scanner"
backend-1        | {"message": "exchanges.fixed_list.loaded", "taskName": "starlette.middleware.base.BaseHTTPMiddleware.__call__.<locals>.call_next.<locals>.coro", "futures": ["ASTERFINANCE", "BINANCE", "BINGX", "BITGET", "BITMART", "BYBIT", "COINEX", "GATEIO", "HBDM", "HYPERLIQUID", "KUCOIN", "LBANK", "LIGHTER", "MEXC", "OKEX", "PHEMEX"], "spot": ["ASTERFINANCE", "BINANCE", "BINGX", "BITGET", "BITMART", "BYBIT", "COINEX", "GATEIO", "HYPERLIQUID", "KUCOIN", "LBANK", "LIGHTER", "MEXC", "OKEX", "PHEMEX"], "margin": ["ASTERFINANCE", "BINANCE", "BINGX", "BITGET", "BITMART", "BYBIT", "COINEX", "GATEIO", "HYPERLIQUID", "KUCOIN", "LBANK", "LIGHTER", "MEXC", "OKEX", "PHEMEX"], "ts": 1772393756.9021835, "level": "INFO", "msg": "exchanges.fixed_list.loaded", "service": "backend", "env": "development", "logger": "app.domain.exchanges", "request_id": "a93adf13-391e-469d-b471-3c1c7d59ae68"}
backend-1        | {"message": "viewport.exchanges.validated", "taskName": "starlette.middleware.base.BaseHTTPMiddleware.__call__.<locals>.call_next.<locals>.coro", "user_id": "21aecdbe-0fbd-4475-b8b7-3dbb29c80f7f", "futures_count": 16, "spot_count": 15, "margin_count": 15, "ts": 1772393756.9023626, "level": "INFO", "msg": "viewport.exchanges.validated", "service": "backend", "env": "development", "logger": "app.api.routers.scanner", "request_id": "a93adf13-391e-469d-b471-3c1c7d59ae68"}
backend-1        | {"message": "viewport.apply.start", "taskName": "starlette.middleware.base.BaseHTTPMiddleware.__call__.<locals>.call_next.<locals>.coro", "user_id": "21aecdbe-0fbd-4475-b8b7-3dbb29c80f7f", "pair_keys_count": 10, "pair_ids_count": 10, "symbol_ids_count": 0, "top_pair_keys_count": 1000, "ts": 1772393756.9024806, "level": "INFO", "msg": "viewport.apply.start", "service": "backend", "env": "development", "logger": "app.api.routers.scanner", "request_id": "a93adf13-391e-469d-b471-3c1c7d59ae68"}
backend-1        | {"message": "redis.pool.stats", "taskName": "starlette.middleware.base.BaseHTTPMiddleware.__call__.<locals>.call_next.<locals>.coro", "in_use": 2, "available": 1, "max_connections": 2147483648, "ts": 1772393756.9031336, "level": "INFO", "msg": "redis.pool.stats", "service": "backend", "env": "development", "logger": "app.api.routers.scanner", "request_id": "a93adf13-391e-469d-b471-3c1c7d59ae68"}
backend-1        | {"message": "plugins.resolve exchange_id=ASTERFINANCE normalized=asterfinance plugin_id=asterfinance found=true", "taskName": "starlette.middleware.base.BaseHTTPMiddleware.__call__.<locals>.call_next.<locals>.coro", "ts": 1772393756.951302, "level": "INFO", "msg": "plugins.resolve exchange_id=ASTERFINANCE normalized=asterfinance plugin_id=asterfinance found=true", "service": "backend", "env": "development", "logger": "app.exchanges.symbols_service", "request_id": "a93adf13-391e-469d-b471-3c1c7d59ae68"}
backend-1        | {"message": "symbols.plugins.cache.hit", "taskName": "starlette.middleware.base.BaseHTTPMiddleware.__call__.<locals>.call_next.<locals>.coro", "exchange_id": "ASTERFINANCE", "plugin_id": "asterfinance", "market": "futures", "key": "plugins:meta:symbols:asterfinance:futures", "ts": 1772393756.9530451, "level": "INFO", "msg": "symbols.plugins.cache.hit", "service": "backend", "env": "development", "logger": "app.exchanges.symbols_service", "request_id": "a93adf13-391e-469d-b471-3c1c7d59ae68"}
backend-1        | {"message": "symbols.source=plugins reason=coinapi_disabled_or_empty exchange=ASTERFINANCE count=294", "taskName": "starlette.middleware.base.BaseHTTPMiddleware.__call__.<locals>.call_next.<locals>.coro", "ts": 1772393756.9542007, "level": "INFO", "msg": "symbols.source=plugins reason=coinapi_disabled_or_empty exchange=ASTERFINANCE count=294", "service": "backend", "env": "development", "logger": "app.exchanges.symbols_service", "request_id": "a93adf13-391e-469d-b471-3c1c7d59ae68"}
backend-1        | {"message": "plugins.resolve exchange_id=BITMARTFTS normalized=bitmart plugin_id=bitmart found=true", "taskName": "starlette.middleware.base.BaseHTTPMiddleware.__call__.<locals>.call_next.<locals>.coro", "ts": 1772393757.0024936, "level": "INFO", "msg": "plugins.resolve exchange_id=BITMARTFTS normalized=bitmart plugin_id=bitmart found=true", "service": "backend", "env": "development", "logger": "app.exchanges.symbols_service", "request_id": "a93adf13-391e-469d-b471-3c1c7d59ae68"}
backend-1        | {"message": "symbols.plugins.cache.read_failed", "taskName": "starlette.middleware.base.BaseHTTPMiddleware.__call__.<locals>.call_next.<locals>.coro", "exchange_id": "BITMARTFTS", "plugin_id": "bitmart", "market": "futures", "error": "Connection closed by server.", "ts": 1772393757.0151057, "level": "WARNING", "msg": "symbols.plugins.cache.read_failed", "service": "backend", "env": "development", "logger": "app.exchanges.symbols_service", "request_id": "a93adf13-391e-469d-b471-3c1c7d59ae68"}
backend-1        | {"message": "redis.realtime.reconnect reason=RedisError msg=Buffer is closed. key=ex:ASTERFINANCE:funding:PIPPIN-USDT", "taskName": "starlette.middleware.base.BaseHTTPMiddleware.__call__.<locals>.call_next.<locals>.coro", "ts": 1772393757.0153174, "level": "WARNING", "msg": "redis.realtime.reconnect reason=RedisError msg=Buffer is closed. key=ex:ASTERFINANCE:funding:PIPPIN-USDT", "service": "backend", "env": "development", "logger": "app.services.exchange_realtime_store", "request_id": "4e3e965b-6aa1-472e-b358-991671eaa4a1"}
backend-1        | {"message": "symbols.plugins.cache.miss", "taskName": "starlette.middleware.base.BaseHTTPMiddleware.__call__.<locals>.call_next.<locals>.coro", "exchange_id": "BITMARTFTS", "plugin_id": "bitmart", "market": "futures", "key": "plugins:meta:symbols:bitmart:futures", "ts": 1772393757.015649, "level": "INFO", "msg": "symbols.plugins.cache.miss", "service": "backend", "env": "development", "logger": "app.exchanges.symbols_service", "request_id": "a93adf13-391e-469d-b471-3c1c7d59ae68"}
backend-1        | {"message": "scanner.realtime.reload.start", "taskName": "Task-7", "reason": "periodic", "ts": 1772393757.3150737, "level": "INFO", "msg": "scanner.realtime.reload.start", "service": "backend", "env": "development", "logger": "app.services.scanner_realtime_service"}
backend-1        | {"message": "scanner.realtime.pairs_loaded", "taskName": "Task-7", "pairs": 2016, "exchanges_count": 4, "ts": 1772393757.3653467, "level": "INFO", "msg": "scanner.realtime.pairs_loaded", "service": "backend", "env": "development", "logger": "app.services.scanner_realtime_service"}
backend-1        | {"message": "scanner.realtime.reload.done", "taskName": "Task-7", "reason": "periodic", "pairs_count": 2016, "exchanges_count": 4, "ts": 1772393757.365521, "level": "INFO", "msg": "scanner.realtime.reload.done", "service": "backend", "env": "development", "logger": "app.services.scanner_realtime_service"}
backend-1        | {"message": "bitmart.instruments.summary raw=809 perp=616 sample=['0GUSDT', '1000000BOBUSDT', '1000000MOGUSDT', '1000BONKUSDT', '1000CHEEMSUSDT']", "taskName": "starlette.middleware.base.BaseHTTPMiddleware.__call__.<locals>.call_next.<locals>.coro", "ts": 1772393758.0364285, "level": "INFO", "msg": "bitmart.instruments.summary raw=809 perp=616 sample=['0GUSDT', '1000000BOBUSDT', '1000000MOGUSDT', '1000BONKUSDT', '1000CHEEMSUSDT']", "service": "backend", "env": "development", "logger": "app.exchanges.bitmart.instruments", "request_id": "a93adf13-391e-469d-b471-3c1c7d59ae68"}
backend-1        | {"message": "symbols.plugins.cache.write", "taskName": "starlette.middleware.base.BaseHTTPMiddleware.__call__.<locals>.call_next.<locals>.coro", "exchange_id": "BITMARTFTS", "plugin_id": "bitmart", "market": "futures", "key": "plugins:meta:symbols:bitmart:futures", "symbols_count": 616, "ts": 1772393758.0532758, "level": "INFO", "msg": "symbols.plugins.cache.write", "service": "backend", "env": "development", "logger": "app.exchanges.symbols_service", "request_id": "a93adf13-391e-469d-b471-3c1c7d59ae68"}
backend-1        | {"message": "symbols.source=plugins reason=coinapi_disabled_or_empty exchange=BITMARTFTS count=616", "taskName": "starlette.middleware.base.BaseHTTPMiddleware.__call__.<locals>.call_next.<locals>.coro", "ts": 1772393758.0546036, "level": "INFO", "msg": "symbols.source=plugins reason=coinapi_disabled_or_empty exchange=BITMARTFTS count=616", "service": "backend", "env": "development", "logger": "app.exchanges.symbols_service", "request_id": "a93adf13-391e-469d-b471-3c1c7d59ae68"}
backend-1        | {"message": "plugins.resolve exchange_id=ASTERFINANCE normalized=asterfinance plugin_id=asterfinance found=true", "taskName": "starlette.middleware.base.BaseHTTPMiddleware.__call__.<locals>.call_next.<locals>.coro", "ts": 1772393758.092882, "level": "INFO", "msg": "plugins.resolve exchange_id=ASTERFINANCE normalized=asterfinance plugin_id=asterfinance found=true", "service": "backend", "env": "development", "logger": "app.exchanges.symbols_service", "request_id": "a93adf13-391e-469d-b471-3c1c7d59ae68"}
backend-1        | {"message": "symbols.plugins.cache.hit", "taskName": "starlette.middleware.base.BaseHTTPMiddleware.__call__.<locals>.call_next.<locals>.coro", "exchange_id": "ASTERFINANCE", "plugin_id": "asterfinance", "market": "futures", "key": "plugins:meta:symbols:asterfinance:futures", "ts": 1772393758.1018515, "level": "INFO", "msg": "symbols.plugins.cache.hit", "service": "backend", "env": "development", "logger": "app.exchanges.symbols_service", "request_id": "a93adf13-391e-469d-b471-3c1c7d59ae68"}
backend-1        | {"message": "symbols.source=plugins reason=coinapi_disabled_or_empty exchange=ASTERFINANCE count=294", "taskName": "starlette.middleware.base.BaseHTTPMiddleware.__call__.<locals>.call_next.<locals>.coro", "ts": 1772393758.102388, "level": "INFO", "msg": "symbols.source=plugins reason=coinapi_disabled_or_empty exchange=ASTERFINANCE count=294", "service": "backend", "env": "development", "logger": "app.exchanges.symbols_service", "request_id": "a93adf13-391e-469d-b471-3c1c7d59ae68"}
backend-1        | {"message": "plugins.resolve exchange_id=BITMARTFTS normalized=bitmart plugin_id=bitmart found=true", "taskName": "starlette.middleware.base.BaseHTTPMiddleware.__call__.<locals>.call_next.<locals>.coro", "ts": 1772393758.138344, "level": "INFO", "msg": "plugins.resolve exchange_id=BITMARTFTS normalized=bitmart plugin_id=bitmart found=true", "service": "backend", "env": "development", "logger": "app.exchanges.symbols_service", "request_id": "a93adf13-391e-469d-b471-3c1c7d59ae68"}
backend-1        | {"message": "symbols.plugins.cache.hit", "taskName": "starlette.middleware.base.BaseHTTPMiddleware.__call__.<locals>.call_next.<locals>.coro", "exchange_id": "BITMARTFTS", "plugin_id": "bitmart", "market": "futures", "key": "plugins:meta:symbols:bitmart:futures", "ts": 1772393758.1485527, "level": "INFO", "msg": "symbols.plugins.cache.hit", "service": "backend", "env": "development", "logger": "app.exchanges.symbols_service", "request_id": "a93adf13-391e-469d-b471-3c1c7d59ae68"}
backend-1        | {"message": "symbols.source=plugins reason=coinapi_disabled_or_empty exchange=BITMARTFTS count=616", "taskName": "starlette.middleware.base.BaseHTTPMiddleware.__call__.<locals>.call_next.<locals>.coro", "ts": 1772393758.1490624, "level": "INFO", "msg": "symbols.source=plugins reason=coinapi_disabled_or_empty exchange=BITMARTFTS count=616", "service": "backend", "env": "development", "logger": "app.exchanges.symbols_service", "request_id": "a93adf13-391e-469d-b471-3c1c7d59ae68"}
backend-1        | {"message": "plugins.resolve exchange_id=ASTERFINANCE normalized=asterfinance plugin_id=asterfinance found=true", "taskName": "starlette.middleware.base.BaseHTTPMiddleware.__call__.<locals>.call_next.<locals>.coro", "ts": 1772393758.1999624, "level": "INFO", "msg": "plugins.resolve exchange_id=ASTERFINANCE normalized=asterfinance plugin_id=asterfinance found=true", "service": "backend", "env": "development", "logger": "app.exchanges.symbols_service", "request_id": "a93adf13-391e-469d-b471-3c1c7d59ae68"}
backend-1        | {"message": "symbols.plugins.cache.hit", "taskName": "starlette.middleware.base.BaseHTTPMiddleware.__call__.<locals>.call_next.<locals>.coro", "exchange_id": "ASTERFINANCE", "plugin_id": "asterfinance", "market": "futures", "key": "plugins:meta:symbols:asterfinance:futures", "ts": 1772393758.2098775, "level": "INFO", "msg": "symbols.plugins.cache.hit", "service": "backend", "env": "development", "logger": "app.exchanges.symbols_service", "request_id": "a93adf13-391e-469d-b471-3c1c7d59ae68"}
backend-1        | {"message": "symbols.source=plugins reason=coinapi_disabled_or_empty exchange=ASTERFINANCE count=294", "taskName": "starlette.middleware.base.BaseHTTPMiddleware.__call__.<locals>.call_next.<locals>.coro", "ts": 1772393758.2103715, "level": "INFO", "msg": "symbols.source=plugins reason=coinapi_disabled_or_empty exchange=ASTERFINANCE count=294", "service": "backend", "env": "development", "logger": "app.exchanges.symbols_service", "request_id": "a93adf13-391e-469d-b471-3c1c7d59ae68"}
backend-1        | {"message": "plugins.resolve exchange_id=BITMARTFTS normalized=bitmart plugin_id=bitmart found=true", "taskName": "starlette.middleware.base.BaseHTTPMiddleware.__call__.<locals>.call_next.<locals>.coro", "ts": 1772393758.2589357, "level": "INFO", "msg": "plugins.resolve exchange_id=BITMARTFTS normalized=bitmart plugin_id=bitmart found=true", "service": "backend", "env": "development", "logger": "app.exchanges.symbols_service", "request_id": "a93adf13-391e-469d-b471-3c1c7d59ae68"}
backend-1        | {"message": "symbols.plugins.cache.hit", "taskName": "starlette.middleware.base.BaseHTTPMiddleware.__call__.<locals>.call_next.<locals>.coro", "exchange_id": "BITMARTFTS", "plugin_id": "bitmart", "market": "futures", "key": "plugins:meta:symbols:bitmart:futures", "ts": 1772393758.2687814, "level": "INFO", "msg": "symbols.plugins.cache.hit", "service": "backend", "env": "development", "logger": "app.exchanges.symbols_service", "request_id": "a93adf13-391e-469d-b471-3c1c7d59ae68"}
backend-1        | {"message": "symbols.source=plugins reason=coinapi_disabled_or_empty exchange=BITMARTFTS count=616", "taskName": "starlette.middleware.base.BaseHTTPMiddleware.__call__.<locals>.call_next.<locals>.coro", "ts": 1772393758.2692306, "level": "INFO", "msg": "symbols.source=plugins reason=coinapi_disabled_or_empty exchange=BITMARTFTS count=616", "service": "backend", "env": "development", "logger": "app.exchanges.symbols_service", "request_id": "a93adf13-391e-469d-b471-3c1c7d59ae68"}
backend-1        | {"message": "plugins.resolve exchange_id=ASTERFINANCE normalized=asterfinance plugin_id=asterfinance found=true", "taskName": "starlette.middleware.base.BaseHTTPMiddleware.__call__.<locals>.call_next.<locals>.coro", "ts": 1772393758.3175676, "level": "INFO", "msg": "plugins.resolve exchange_id=ASTERFINANCE normalized=asterfinance plugin_id=asterfinance found=true", "service": "backend", "env": "development", "logger": "app.exchanges.symbols_service", "request_id": "a93adf13-391e-469d-b471-3c1c7d59ae68"}
backend-1        | {"message": "symbols.plugins.cache.hit", "taskName": "starlette.middleware.base.BaseHTTPMiddleware.__call__.<locals>.call_next.<locals>.coro", "exchange_id": "ASTERFINANCE", "plugin_id": "asterfinance", "market": "futures", "key": "plugins:meta:symbols:asterfinance:futures", "ts": 1772393758.3306265, "level": "INFO", "msg": "symbols.plugins.cache.hit", "service": "backend", "env": "development", "logger": "app.exchanges.symbols_service", "request_id": "a93adf13-391e-469d-b471-3c1c7d59ae68"}
backend-1        | {"message": "symbols.source=plugins reason=coinapi_disabled_or_empty exchange=ASTERFINANCE count=294", "taskName": "starlette.middleware.base.BaseHTTPMiddleware.__call__.<locals>.call_next.<locals>.coro", "ts": 1772393758.3318636, "level": "INFO", "msg": "symbols.source=plugins reason=coinapi_disabled_or_empty exchange=ASTERFINANCE count=294", "service": "backend", "env": "development", "logger": "app.exchanges.symbols_service", "request_id": "a93adf13-391e-469d-b471-3c1c7d59ae68"}
backend-1        | {"message": "plugins.resolve exchange_id=BITMARTFTS normalized=bitmart plugin_id=bitmart found=true", "taskName": "starlette.middleware.base.BaseHTTPMiddleware.__call__.<locals>.call_next.<locals>.coro", "ts": 1772393758.3807178, "level": "INFO", "msg": "plugins.resolve exchange_id=BITMARTFTS normalized=bitmart plugin_id=bitmart found=true", "service": "backend", "env": "development", "logger": "app.exchanges.symbols_service", "request_id": "a93adf13-391e-469d-b471-3c1c7d59ae68"}
backend-1        | {"message": "symbols.plugins.cache.hit", "taskName": "starlette.middleware.base.BaseHTTPMiddleware.__call__.<locals>.call_next.<locals>.coro", "exchange_id": "BITMARTFTS", "plugin_id": "bitmart", "market": "futures", "key": "plugins:meta:symbols:bitmart:futures", "ts": 1772393758.3910377, "level": "INFO", "msg": "symbols.plugins.cache.hit", "service": "backend", "env": "development", "logger": "app.exchanges.symbols_service", "request_id": "a93adf13-391e-469d-b471-3c1c7d59ae68"}
backend-1        | {"message": "symbols.source=plugins reason=coinapi_disabled_or_empty exchange=BITMARTFTS count=616", "taskName": "starlette.middleware.base.BaseHTTPMiddleware.__call__.<locals>.call_next.<locals>.coro", "ts": 1772393758.3952613, "level": "INFO", "msg": "symbols.source=plugins reason=coinapi_disabled_or_empty exchange=BITMARTFTS count=616", "service": "backend", "env": "development", "logger": "app.exchanges.symbols_service", "request_id": "a93adf13-391e-469d-b471-3c1c7d59ae68"}
backend-1        | {"message": "plugins.resolve exchange_id=ASTERFINANCE normalized=asterfinance plugin_id=asterfinance found=true", "taskName": "starlette.middleware.base.BaseHTTPMiddleware.__call__.<locals>.call_next.<locals>.coro", "ts": 1772393758.4459414, "level": "INFO", "msg": "plugins.resolve exchange_id=ASTERFINANCE normalized=asterfinance plugin_id=asterfinance found=true", "service": "backend", "env": "development", "logger": "app.exchanges.symbols_service", "request_id": "a93adf13-391e-469d-b471-3c1c7d59ae68"}
backend-1        | {"message": "symbols.plugins.cache.hit", "taskName": "starlette.middleware.base.BaseHTTPMiddleware.__call__.<locals>.call_next.<locals>.coro", "exchange_id": "ASTERFINANCE", "plugin_id": "asterfinance", "market": "futures", "key": "plugins:meta:symbols:asterfinance:futures", "ts": 1772393758.4523523, "level": "INFO", "msg": "symbols.plugins.cache.hit", "service": "backend", "env": "development", "logger": "app.exchanges.symbols_service", "request_id": "a93adf13-391e-469d-b471-3c1c7d59ae68"}
backend-1        | {"message": "symbols.source=plugins reason=coinapi_disabled_or_empty exchange=ASTERFINANCE count=294", "taskName": "starlette.middleware.base.BaseHTTPMiddleware.__call__.<locals>.call_next.<locals>.coro", "ts": 1772393758.4567878, "level": "INFO", "msg": "symbols.source=plugins reason=coinapi_disabled_or_empty exchange=ASTERFINANCE count=294", "service": "backend", "env": "development", "logger": "app.exchanges.symbols_service", "request_id": "a93adf13-391e-469d-b471-3c1c7d59ae68"}
backend-1        | {"message": "plugins.resolve exchange_id=HBDM normalized=hbdm plugin_id=hbdm found=true", "taskName": "starlette.middleware.base.BaseHTTPMiddleware.__call__.<locals>.call_next.<locals>.coro", "ts": 1772393758.51731, "level": "INFO", "msg": "plugins.resolve exchange_id=HBDM normalized=hbdm plugin_id=hbdm found=true", "service": "backend", "env": "development", "logger": "app.exchanges.symbols_service", "request_id": "a93adf13-391e-469d-b471-3c1c7d59ae68"}
backend-1        | {"message": "symbols.plugins.cache.hit", "taskName": "starlette.middleware.base.BaseHTTPMiddleware.__call__.<locals>.call_next.<locals>.coro", "exchange_id": "HBDM", "plugin_id": "hbdm", "market": "futures", "key": "plugins:meta:symbols:hbdm:futures", "ts": 1772393758.5280051, "level": "INFO", "msg": "symbols.plugins.cache.hit", "service": "backend", "env": "development", "logger": "app.exchanges.symbols_service", "request_id": "a93adf13-391e-469d-b471-3c1c7d59ae68"}
backend-1        | {"message": "symbols.source=plugins reason=coinapi_disabled_or_empty exchange=HBDM count=208", "taskName": "starlette.middleware.base.BaseHTTPMiddleware.__call__.<locals>.call_next.<locals>.coro", "ts": 1772393758.5286477, "level": "INFO", "msg": "symbols.source=plugins reason=coinapi_disabled_or_empty exchange=HBDM count=208", "service": "backend", "env": "development", "logger": "app.exchanges.symbols_service", "request_id": "a93adf13-391e-469d-b471-3c1c7d59ae68"}
celery_beat-1    | [2026-03-01 19:35:58,588: INFO/MainProcess] Scheduler: Sending due task pair_history.snapshot (app.tasks.pair_history.snapshot)
celery_worker-1  | [2026-03-01 19:35:58,590: INFO/MainProcess] Task app.tasks.pair_history.snapshot[8d6a1e08-cbbe-49d1-a35e-3d271b6d0d52] received
backend-1        | {"message": "plugins.resolve exchange_id=ASTERFINANCE normalized=asterfinance plugin_id=asterfinance found=true", "taskName": "starlette.middleware.base.BaseHTTPMiddleware.__call__.<locals>.call_next.<locals>.coro", "ts": 1772393758.5917366, "level": "INFO", "msg": "plugins.resolve exchange_id=ASTERFINANCE normalized=asterfinance plugin_id=asterfinance found=true", "service": "backend", "env": "development", "logger": "app.exchanges.symbols_service", "request_id": "a93adf13-391e-469d-b471-3c1c7d59ae68"}


celery_beat-1    | [2026-03-01 19:35:58,590: INFO/MainProcess] Scheduler: Sending due task scanner.tick (app.tasks.scanner.scanner_tick)
backend-1        | {"message": "symbols.plugins.cache.hit", "taskName": "starlette.middleware.base.BaseHTTPMiddleware.__call__.<locals>.call_next.<locals>.coro", "exchange_id": "ASTERFINANCE", "plugin_id": "asterfinance", "market": "futures", "key": "plugins:meta:symbols:asterfinance:futures", "ts": 1772393758.6054358, "level": "INFO", "msg": "symbols.plugins.cache.hit", "service": "backend", "env": "development", "logger": "app.exchanges.symbols_service", "request_id": "a93adf13-391e-469d-b471-3c1c7d59ae68"}
backend-1        | {"message": "symbols.source=plugins reason=coinapi_disabled_or_empty exchange=ASTERFINANCE count=294", "taskName": "starlette.middleware.base.BaseHTTPMiddleware.__call__.<locals>.call_next.<locals>.coro", "ts": 1772393758.6060412, "level": "INFO", "msg": "symbols.source=plugins reason=coinapi_disabled_or_empty exchange=ASTERFINANCE count=294", "service": "backend", "env": "development", "logger": "app.exchanges.symbols_service", "request_id": "a93adf13-391e-469d-b471-3c1c7d59ae68"}
backend-1        | {"message": "plugins.resolve exchange_id=HBDM normalized=hbdm plugin_id=hbdm found=true", "taskName": "starlette.middleware.base.BaseHTTPMiddleware.__call__.<locals>.call_next.<locals>.coro", "ts": 1772393758.6714447, "level": "INFO", "msg": "plugins.resolve exchange_id=HBDM normalized=hbdm plugin_id=hbdm found=true", "service": "backend", "env": "development", "logger": "app.exchanges.symbols_service", "request_id": "a93adf13-391e-469d-b471-3c1c7d59ae68"}
backend-1        | {"message": "symbols.plugins.cache.hit", "taskName": "starlette.middleware.base.BaseHTTPMiddleware.__call__.<locals>.call_next.<locals>.coro", "exchange_id": "HBDM", "plugin_id": "hbdm", "market": "futures", "key": "plugins:meta:symbols:hbdm:futures", "ts": 1772393758.6847188, "level": "INFO", "msg": "symbols.plugins.cache.hit", "service": "backend", "env": "development", "logger": "app.exchanges.symbols_service", "request_id": "a93adf13-391e-469d-b471-3c1c7d59ae68"}
backend-1        | {"message": "symbols.source=plugins reason=coinapi_disabled_or_empty exchange=HBDM count=208", "taskName": "starlette.middleware.base.BaseHTTPMiddleware.__call__.<locals>.call_next.<locals>.coro", "ts": 1772393758.6858597, "level": "INFO", "msg": "symbols.source=plugins reason=coinapi_disabled_or_empty exchange=HBDM count=208", "service": "backend", "env": "development", "logger": "app.exchanges.symbols_service", "request_id": "a93adf13-391e-469d-b471-3c1c7d59ae68"}
celery_worker-1  | [2026-03-01 19:35:58,734: INFO/MainProcess] pair_history.snapshot.done
celery_worker-1  | [2026-03-01 19:35:58,735: INFO/MainProcess] Task app.tasks.pair_history.snapshot[8d6a1e08-cbbe-49d1-a35e-3d271b6d0d52] succeeded in 0.14431356099521508s: 0
celery_worker-1  | [2026-03-01 19:35:58,736: INFO/MainProcess] Task app.tasks.scanner.scanner_tick[b8702bc8-7582-4769-b545-b24385b64ed5] received
celery_worker-1  | [2026-03-01 19:35:58,752: INFO/MainProcess] exchanges.enabled.file_probe resolved_path=/app/config/ex.json exists=True cwd=/app file_path=/app/config/ex.json size=449 mtime=2026-03-01T11:29:03.445839+00:00
celery_worker-1  | [2026-03-01 19:35:58,755: INFO/MainProcess] exchanges.enabled.source=file path=./config/ex.json mtime=2026-03-01T11:29:03.445839+00:00 count=4 raw_sample=['asterfinance', 'bitmart', 'coinex', 'hbdm'] normalized_sample=['asterfinance', 'bitmart', 'coinex', 'hbdm']
celery_worker-1  | [2026-03-01 19:35:58,755: INFO/MainProcess] scanner.tick.start
celery_worker-1  | [2026-03-01 19:35:58,761: INFO/MainProcess] scanner.tick.start
celery_worker-1  | [2026-03-01 19:35:58,761: INFO/MainProcess] scanner.tick.settings
backend-1        | {"message": "plugins.resolve exchange_id=ASTERFINANCE normalized=asterfinance plugin_id=asterfinance found=true", "taskName": "starlette.middleware.base.BaseHTTPMiddleware.__call__.<locals>.call_next.<locals>.coro", "ts": 1772393758.7798982, "level": "INFO", "msg": "plugins.resolve exchange_id=ASTERFINANCE normalized=asterfinance plugin_id=asterfinance found=true", "service": "backend", "env": "development", "logger": "app.exchanges.symbols_service", "request_id": "a93adf13-391e-469d-b471-3c1c7d59ae68"}
celery_worker-1  | [2026-03-01 19:35:58,790: INFO/MainProcess] scanner.tick.pairs_loaded


celery_worker-1  | [2026-03-01 19:35:58,795: INFO/MainProcess] scanner.tick.coinapi_enabled=0 plugins_data_path=on
backend-1        | {"message": "symbols.plugins.cache.hit", "taskName": "starlette.middleware.base.BaseHTTPMiddleware.__call__.<locals>.call_next.<locals>.coro", "exchange_id": "ASTERFINANCE", "plugin_id": "asterfinance", "market": "futures", "key": "plugins:meta:symbols:asterfinance:futures", "ts": 1772393758.7956777, "level": "INFO", "msg": "symbols.plugins.cache.hit", "service": "backend", "env": "development", "logger": "app.exchanges.symbols_service", "request_id": "a93adf13-391e-469d-b471-3c1c7d59ae68"}
celery_worker-1  | [2026-03-01 19:35:58,795: INFO/MainProcess] scanner.tick.plugins_mode
backend-1        | {"message": "symbols.source=plugins reason=coinapi_disabled_or_empty exchange=ASTERFINANCE count=294", "taskName": "starlette.middleware.base.BaseHTTPMiddleware.__call__.<locals>.call_next.<locals>.coro", "ts": 1772393758.7962985, "level": "INFO", "msg": "symbols.source=plugins reason=coinapi_disabled_or_empty exchange=ASTERFINANCE count=294", "service": "backend", "env": "development", "logger": "app.exchanges.symbols_service", "request_id": "a93adf13-391e-469d-b471-3c1c7d59ae68"}
celery_worker-1  | [2026-03-01 19:35:58,830: INFO/MainProcess] plugins.resolve exchange_id=ASTERFINANCE normalized=asterfinance plugin_id=asterfinance found=true
celery_worker-1  | [2026-03-01 19:35:58,832: INFO/MainProcess] symbols.plugins.cache.hit
celery_worker-1  | [2026-03-01 19:35:58,833: INFO/MainProcess] symbols.source=plugins reason=coinapi_disabled_or_empty exchange=ASTERFINANCE count=294
backend-1        | {"message": "plugins.resolve exchange_id=BITMARTFTS normalized=bitmart plugin_id=bitmart found=true", "taskName": "starlette.middleware.base.BaseHTTPMiddleware.__call__.<locals>.call_next.<locals>.coro", "ts": 1772393758.8416903, "level": "INFO", "msg": "plugins.resolve exchange_id=BITMARTFTS normalized=bitmart plugin_id=bitmart found=true", "service": "backend", "env": "development", "logger": "app.exchanges.symbols_service", "request_id": "a93adf13-391e-469d-b471-3c1c7d59ae68"}
backend-1        | {"message": "symbols.plugins.cache.hit", "taskName": "starlette.middleware.base.BaseHTTPMiddleware.__call__.<locals>.call_next.<locals>.coro", "exchange_id": "BITMARTFTS", "plugin_id": "bitmart", "market": "futures", "key": "plugins:meta:symbols:bitmart:futures", "ts": 1772393758.8519163, "level": "INFO", "msg": "symbols.plugins.cache.hit", "service": "backend", "env": "development", "logger": "app.exchanges.symbols_service", "request_id": "a93adf13-391e-469d-b471-3c1c7d59ae68"}
backend-1        | {"message": "symbols.source=plugins reason=coinapi_disabled_or_empty exchange=BITMARTFTS count=616", "taskName": "starlette.middleware.base.BaseHTTPMiddleware.__call__.<locals>.call_next.<locals>.coro", "ts": 1772393758.8524578, "level": "INFO", "msg": "symbols.source=plugins reason=coinapi_disabled_or_empty exchange=BITMARTFTS count=616", "service": "backend", "env": "development", "logger": "app.exchanges.symbols_service", "request_id": "a93adf13-391e-469d-b471-3c1c7d59ae68"}
celery_worker-1  | [2026-03-01 19:35:58,877: INFO/MainProcess] plugins.resolve exchange_id=HBDM normalized=hbdm plugin_id=hbdm found=true
celery_worker-1  | [2026-03-01 19:35:58,879: INFO/MainProcess] symbols.plugins.cache.hit
celery_worker-1  | [2026-03-01 19:35:58,880: INFO/MainProcess] symbols.source=plugins reason=coinapi_disabled_or_empty exchange=HBDM count=208
backend-1        | {"message": "plugins.resolve exchange_id=BITMARTFTS normalized=bitmart plugin_id=bitmart found=true", "taskName": "starlette.middleware.base.BaseHTTPMiddleware.__call__.<locals>.call_next.<locals>.coro", "ts": 1772393758.8991106, "level": "INFO", "msg": "plugins.resolve exchange_id=BITMARTFTS normalized=bitmart plugin_id=bitmart found=true", "service": "backend", "env": "development", "logger": "app.exchanges.symbols_service", "request_id": "a93adf13-391e-469d-b471-3c1c7d59ae68"}
backend-1        | {"message": "symbols.plugins.cache.hit", "taskName": "starlette.middleware.base.BaseHTTPMiddleware.__call__.<locals>.call_next.<locals>.coro", "exchange_id": "BITMARTFTS", "plugin_id": "bitmart", "market": "futures", "key": "plugins:meta:symbols:bitmart:futures", "ts": 1772393758.911372, "level": "INFO", "msg": "symbols.plugins.cache.hit", "service": "backend", "env": "development", "logger": "app.exchanges.symbols_service", "request_id": "a93adf13-391e-469d-b471-3c1c7d59ae68"}
backend-1        | {"message": "symbols.source=plugins reason=coinapi_disabled_or_empty exchange=BITMARTFTS count=616", "taskName": "starlette.middleware.base.BaseHTTPMiddleware.__call__.<locals>.call_next.<locals>.coro", "ts": 1772393758.91279, "level": "INFO", "msg": "symbols.source=plugins reason=coinapi_disabled_or_empty exchange=BITMARTFTS count=616", "service": "backend", "env": "development", "logger": "app.exchanges.symbols_service", "request_id": "a93adf13-391e-469d-b471-3c1c7d59ae68"}
celery_worker-1  | [2026-03-01 19:35:58,918: INFO/MainProcess] plugins.resolve exchange_id=BITMARTFTS normalized=bitmart plugin_id=bitmart found=true
celery_worker-1  | [2026-03-01 19:35:58,921: INFO/MainProcess] symbols.plugins.cache.hit
celery_worker-1  | [2026-03-01 19:35:58,922: INFO/MainProcess] symbols.source=plugins reason=coinapi_disabled_or_empty exchange=BITMARTFTS count=616
celery_worker-1  | [2026-03-01 19:35:58,954: INFO/MainProcess] plugins.resolve exchange_id=COINEX normalized=coinex plugin_id=coinex found=true
celery_worker-1  | [2026-03-01 19:35:58,956: INFO/MainProcess] symbols.plugins.cache.hit
backend-1        | {"message": "plugins.resolve exchange_id=COINEX normalized=coinex plugin_id=coinex found=true", "taskName": "starlette.middleware.base.BaseHTTPMiddleware.__call__.<locals>.call_next.<locals>.coro", "ts": 1772393758.959354, "level": "INFO", "msg": "plugins.resolve exchange_id=COINEX normalized=coinex plugin_id=coinex found=true", "service": "backend", "env
celery_worker-1  | [2026-03-01 19:35:58,957: INFO/MainProcess] symbols.source=plugins reason=coinapi_disabled_or_empty exchange=COINEX count=252
backend-1        | {"message": "symbols.plugins.cache.hit", "taskName": "starlette.middleware.base.BaseHTTPMiddleware.__call__.<locals>.call_next.<locals>.coro", "exchange_id": "COINEX", "plugin_id": "coinex", "market": "futures", "key": "plugins:meta:symbols:coinex:futures", "ts": 1772393758.970611, "level": "INFO", "msg": "symbols.plugins.cache.hit", "service": "backend", "env": "development", "logger": "app.exchanges.symbols_service", "request_id": "a93adf13-391e-469d-b471-3c1c7d59ae68"}
backend-1        | {"message": "symbols.source=plugins reason=coinapi_disabled_or_empty exchange=COINEX count=252", "taskName": "starlette.middleware.base.BaseHTTPMiddleware.__call__.<locals>.call_next.<locals>.coro", "ts": 1772393758.9711065, "level": "INFO", "msg": "symbols.source=plugins reason=coinapi_disabled_or_empty exchange=COINEX count=252", "service": "backend", "env": "development", "logger": "app.exchanges.symbols_service", "request_id": "a93adf13-391e-469d-b471-3c1c7d59ae68"}
